Component: Arm Compiler for Embedded 6.23 Tool: armlink [5f102400]

==============================================================================

Section Cross References

    empty.o(.text.delay_ms) refers to empty.o(.bss.delay_times) for delay_times
    empty.o(.ARM.exidx.text.delay_ms) refers to empty.o(.text.delay_ms) for [Anonymous Symbol]
    empty.o(.text.main) refers to ti_msp_dl_config.o(.text.SYSCFG_DL_init) for SYSCFG_DL_init
    empty.o(.text.main) refers to bsp_key.o(.text.Bsp_key_Init) for Bsp_key_Init
    empty.o(.text.main) refers to bsp_can.o(.text.Bsp_can_Init) for Bsp_can_Init
    empty.o(.text.main) refers to pid.o(.text.PID_Init) for PID_Init
    empty.o(.text.main) refers to bsp_uart.o(.text.Bsp_uart_Init) for Bsp_uart_Init
    empty.o(.text.main) refers to bsp_timer.o(.text.Bsp_timer_Init) for Bsp_timer_Init
    empty.o(.text.main) refers to bsp_adc.o(.text.Bsp_adc_Init) for Bsp_adc_Init
    empty.o(.text.main) refers to drv_spi.o(.text.drv_spi_init) for drv_spi_init
    empty.o(.text.main) refers to nrf24l01.o(.text.NRF24L01_Gpio_Init_receive) for NRF24L01_Gpio_Init_receive
    empty.o(.text.main) refers to nrf24l01.o(.text.NRF24L01_check) for NRF24L01_check
    empty.o(.text.main) refers to nrf24l01.o(.text.RF24L01_Init) for RF24L01_Init
    empty.o(.text.main) refers to nrf24l01.o(.text.RF24L01_Set_Mode) for RF24L01_Set_Mode
    empty.o(.text.main) refers to fflti.o(.text) for __aeabi_ui2f
    empty.o(.text.main) refers to pid.o(.text.AddPID_Realize) for AddPID_Realize
    empty.o(.text.main) refers to ffixi.o(.text) for __aeabi_f2iz
    empty.o(.text.main) refers to bsp_can.o(.text.Can0_TX) for Can0_TX
    empty.o(.text.main) refers to nrf24l01.o(.text.Buff_Clear) for Buff_Clear
    empty.o(.text.main) refers to fmul.o(x$fpl$fmul) for __aeabi_fmul
    empty.o(.text.main) refers to faddsub.o(x$fpl$fadd) for __aeabi_fadd
    empty.o(.text.main) refers to fcmp.o(i._fgr) for __aeabi_fcmpgt
    empty.o(.text.main) refers to fcmp.o(i._fgeq) for __aeabi_fcmpge
    empty.o(.text.main) refers to empty.o(.bss.PID_3508_L) for PID_3508_L
    empty.o(.text.main) refers to empty.o(.bss.PID_3508_R) for PID_3508_R
    empty.o(.text.main) refers to empty.o(.bss.PID_6020_Yaw_Pos) for PID_6020_Yaw_Pos
    empty.o(.text.main) refers to empty.o(.bss.PID_6020_Yaw_Speed) for PID_6020_Yaw_Speed
    empty.o(.text.main) refers to empty.o(.bss.PID_6020_Pitch_Pos) for PID_6020_Pitch_Pos
    empty.o(.text.main) refers to empty.o(.bss.PID_6020_Pitch_Speed) for PID_6020_Pitch_Speed
    empty.o(.text.main) refers to empty.o(.bss.delay_times) for delay_times
    empty.o(.text.main) refers to empty.o(.bss.i) for i
    empty.o(.text.main) refers to nrf24l01.o(.bss.g_RF24L01RxBuffer) for g_RF24L01RxBuffer
    empty.o(.text.main) refers to bsp_uart.o(.bss.host_data) for host_data
    empty.o(.text.main) refers to empty.o(.data.target_yaw) for target_yaw
    empty.o(.text.main) refers to empty.o(.data.target_pitch) for target_pitch
    empty.o(.text.main) refers to bsp_can.o(.bss.motor_6020_yaw) for motor_6020_yaw
    empty.o(.text.main) refers to empty.o(.bss.temp_current1) for temp_current1
    empty.o(.text.main) refers to empty.o(.data.spedd_max_out) for spedd_max_out
    empty.o(.text.main) refers to empty.o(.bss.temp_current3) for temp_current3
    empty.o(.text.main) refers to empty.o(.bss.data_current) for data_current
    empty.o(.text.main) refers to bsp_can.o(.bss.motor_6020_pitch) for motor_6020_pitch
    empty.o(.text.main) refers to empty.o(.bss.temp_current2) for temp_current2
    empty.o(.text.main) refers to empty.o(.bss.temp_current4) for temp_current4
    empty.o(.ARM.exidx.text.main) refers to empty.o(.text.main) for [Anonymous Symbol]
    empty.o(.ARM.exidx.text.delay_us) refers to empty.o(.text.delay_us) for [Anonymous Symbol]
    empty.o(.text.SysTick_Handler) refers to empty.o(.bss.delay_times) for delay_times
    empty.o(.ARM.exidx.text.SysTick_Handler) refers to empty.o(.text.SysTick_Handler) for [Anonymous Symbol]
    startup_mspm0g350x_uvision.o(STACK) refers (Special) to heapauxi.o(.text) for __use_two_region_memory
    startup_mspm0g350x_uvision.o(HEAP) refers (Special) to heapauxi.o(.text) for __use_two_region_memory
    startup_mspm0g350x_uvision.o(RESET) refers (Special) to heapauxi.o(.text) for __use_two_region_memory
    startup_mspm0g350x_uvision.o(RESET) refers to startup_mspm0g350x_uvision.o(STACK) for __initial_sp
    startup_mspm0g350x_uvision.o(RESET) refers to startup_mspm0g350x_uvision.o(.text) for Reset_Handler
    startup_mspm0g350x_uvision.o(RESET) refers to empty.o(.text.SysTick_Handler) for SysTick_Handler
    startup_mspm0g350x_uvision.o(RESET) refers to nrf24l01.o(.text.GROUP1_IRQHandler) for GROUP1_IRQHandler
    startup_mspm0g350x_uvision.o(RESET) refers to bsp_adc.o(.text.ADC1_IRQHandler) for ADC1_IRQHandler
    startup_mspm0g350x_uvision.o(RESET) refers to bsp_can.o(.text.CANFD0_IRQHandler) for CANFD0_IRQHandler
[...]
    __arm_cp.0_0                             0x00001270   Number         4  dl_spi.o(.text.DL_SPI_init)
    __arm_cp.0_1                             0x00001274   Number         4  dl_spi.o(.text.DL_SPI_init)
    [Anonymous Symbol]                       0x00001278   Section        0  dl_spi.o(.text.DL_SPI_setClockConfig)
    [Anonymous Symbol]                       0x0000128c   Section        0  dl_sysctl_mspm0g1x0x_g3x0x.o(.text.DL_SYSCTL_configSYSPLL)
    __arm_cp.0_0                             0x00001340   Number         4  dl_sysctl_mspm0g1x0x_g3x0x.o(.text.DL_SYSCTL_configSYSPLL)
    __arm_cp.0_2                             0x00001344   Number         4  dl_sysctl_mspm0g1x0x_g3x0x.o(.text.DL_SYSCTL_configSYSPLL)
    __arm_cp.0_3                             0x00001348   Number         4  dl_sysctl_mspm0g1x0x_g3x0x.o(.text.DL_SYSCTL_configSYSPLL)
    __arm_cp.0_4                             0x0000134c   Number         4  dl_sysctl_mspm0g1x0x_g3x0x.o(.text.DL_SYSCTL_configSYSPLL)
    [Anonymous Symbol]                       0x00001350   Section        0  dl_sysctl_mspm0g1x0x_g3x0x.o(.text.DL_SYSCTL_setHFCLKSourceHFXTParams)
    __arm_cp.7_0                             0x0000139c   Number         4  dl_sysctl_mspm0g1x0x_g3x0x.o(.text.DL_SYSCTL_setHFCLKSourceHFXTParams)
    [Anonymous Symbol]                       0x000013a0   Section        0  dl_sysctl_mspm0g1x0x_g3x0x.o(.text.DL_SYSCTL_switchMCLKfromSYSOSCtoHSCLK)
    __arm_cp.4_0                             0x000013c0   Number         4  dl_sysctl_mspm0g1x0x_g3x0x.o(.text.DL_SYSCTL_switchMCLKfromSYSOSCtoHSCLK)
    __arm_cp.4_1                             0x000013c4   Number         4  dl_sysctl_mspm0g1x0x_g3x0x.o(.text.DL_SYSCTL_switchMCLKfromSYSOSCtoHSCLK)
    [Anonymous Symbol]                       0x000013c8   Section        0  dl_timer.o(.text.DL_Timer_initFourCCPWMMode)
    __arm_cp.40_3                            0x000014c8   Number         4  dl_timer.o(.text.DL_Timer_initFourCCPWMMode)
    __arm_cp.40_4                            0x000014cc   Number         4  dl_timer.o(.text.DL_Timer_initFourCCPWMMode)
    __arm_cp.40_6                            0x000014d0   Number         4  dl_timer.o(.text.DL_Timer_initFourCCPWMMode)
    __arm_cp.40_7                            0x000014d4   Number         4  dl_timer.o(.text.DL_Timer_initFourCCPWMMode)
    __arm_cp.40_8                            0x000014d8   Number         4  dl_timer.o(.text.DL_Timer_initFourCCPWMMode)
    [Anonymous Symbol]                       0x000014dc   Section        0  dl_timer.o(.text.DL_Timer_initTimerMode)
    __arm_cp.2_0                             0x000015bc   Number         4  dl_timer.o(.text.DL_Timer_initTimerMode)
    __arm_cp.2_2                             0x000015c0   Number         4  dl_timer.o(.text.DL_Timer_initTimerMode)
    __arm_cp.2_3                             0x000015c4   Number         4  dl_timer.o(.text.DL_Timer_initTimerMode)
    [Anonymous Symbol]                       0x000015c8   Section        0  dl_timer.o(.text.DL_Timer_setCaptCompUpdateMethod)
    __arm_cp.23_0                            0x000015e0   Number         4  dl_timer.o(.text.DL_Timer_setCaptCompUpdateMethod)
    [Anonymous Symbol]                       0x000015e4   Section        0  dl_timer.o(.text.DL_Timer_setCaptureCompareOutCtl)
    __arm_cp.27_0                            0x000015f8   Number         4  dl_timer.o(.text.DL_Timer_setCaptureCompareOutCtl)
    [Anonymous Symbol]                       0x000015fc   Section        0  dl_timer.o(.text.DL_Timer_setCaptureCompareValue)
    __arm_cp.3_0                             0x00001608   Number         4  dl_timer.o(.text.DL_Timer_setCaptureCompareValue)
    [Anonymous Symbol]                       0x0000160c   Section        0  dl_timer.o(.text.DL_Timer_setClockConfig)
    __arm_cp.0_0                             0x00001624   Number         4  dl_timer.o(.text.DL_Timer_setClockConfig)
    [Anonymous Symbol]                       0x00001628   Section        0  dl_uart.o(.text.DL_UART_init)
    __arm_cp.0_0                             0x00001668   Number         4  dl_uart.o(.text.DL_UART_init)
    __arm_cp.0_1                             0x0000166c   Number         4  dl_uart.o(.text.DL_UART_init)
    [Anonymous Symbol]                       0x00001670   Section        0  dl_uart.o(.text.DL_UART_setClockConfig)
    [Anonymous Symbol]                       0x00001684   Section        0  nrf24l01.o(.text.GROUP1_IRQHandler)
    __arm_cp.28_0                            0x000016c0   Number         4  nrf24l01.o(.text.GROUP1_IRQHandler)
    __arm_cp.28_1                            0x000016c4   Number         4  nrf24l01.o(.text.GROUP1_IRQHandler)
    __arm_cp.28_2                            0x000016c8   Number         4  nrf24l01.o(.text.GROUP1_IRQHandler)
    __arm_cp.28_3                            0x000016cc   Number         4  nrf24l01.o(.text.GROUP1_IRQHandler)
    [Anonymous Symbol]                       0x000016d0   Section        0  jy901p.o(.text.JY901P_ProcessBuffer)
    __arm_cp.0_0                             0x0000199c   Number         4  jy901p.o(.text.JY901P_ProcessBuffer)
    __arm_cp.0_1                             0x000019a0   Number         4  jy901p.o(.text.JY901P_ProcessBuffer)
    __arm_cp.0_2                             0x000019a4   Number         4  jy901p.o(.text.JY901P_ProcessBuffer)
    __arm_cp.0_3                             0x000019a8   Number         4  jy901p.o(.text.JY901P_ProcessBuffer)
    __arm_cp.0_4                             0x000019ac   Number         4  jy901p.o(.text.JY901P_ProcessBuffer)
    __arm_cp.0_5                             0x000019b0   Number         4  jy901p.o(.text.JY901P_ProcessBuffer)
    __arm_cp.0_6                             0x000019b4   Number         4  jy901p.o(.text.JY901P_ProcessBuffer)
    __arm_cp.0_7                             0x000019b8   Number         4  jy901p.o(.text.JY901P_ProcessBuffer)
    [Anonymous Symbol]                       0x000019bc   Section        0  nrf24l01.o(.text.NRF24L01_Gpio_Init_receive)
    __arm_cp.26_0                            0x000019d4   Number         4  nrf24l01.o(.text.NRF24L01_Gpio_Init_receive)
    __arm_cp.26_1                            0x000019d8   Number         4  nrf24l01.o(.text.NRF24L01_Gpio_Init_receive)
    [Anonymous Symbol]                       0x000019dc   Section        0  nrf24l01.o(.text.NRF24L01_RxPacket)
    __arm_cp.29_0                            0x00001a5c   Number         4  nrf24l01.o(.text.NRF24L01_RxPacket)
    [Anonymous Symbol]                       0x00001a60   Section        0  nrf24l01.o(.text.NRF24L01_check)
    __arm_cp.22_1                            0x00001b14   Number         4  nrf24l01.o(.text.NRF24L01_check)
    [Anonymous Symbol]                       0x00001b18   Section        0  pid.o(.text.PID_Init)
    [Anonymous Symbol]                       0x00001b24   Section        0  nrf24l01.o(.text.RF24L01_Init)
    __arm_cp.31_0                            0x00001c70   Number         4  nrf24l01.o(.text.RF24L01_Init)
    [Anonymous Symbol]                       0x00001c74   Section        0  nrf24l01.o(.text.RF24L01_Set_Mode)
    __arm_cp.23_0                            0x00001cc0   Number         4  nrf24l01.o(.text.RF24L01_Set_Mode)
    [Anonymous Symbol]                       0x00001cc4   Section        0  ti_msp_dl_config.o(.text.SYSCFG_DL_ADC12_0_init)
    __arm_cp.9_0                             0x00001d08   Number         4  ti_msp_dl_config.o(.text.SYSCFG_DL_ADC12_0_init)
    __arm_cp.9_1                             0x00001d0c   Number         4  ti_msp_dl_config.o(.text.SYSCFG_DL_ADC12_0_init)
    __arm_cp.9_2                             0x00001d10   Number         4  ti_msp_dl_config.o(.text.SYSCFG_DL_ADC12_0_init)
    __arm_cp.9_3                             0x00001d14   Number         4  ti_msp_dl_config.o(.text.SYSCFG_DL_ADC12_0_init)
    __arm_cp.9_4                             0x00001d18   Number         4  ti_msp_dl_config.o(.text.SYSCFG_DL_ADC12_0_init)
    __arm_cp.9_5                             0x00001d1c   Number         4  ti_msp_dl_config.o(.text.SYSCFG_DL_ADC12_0_init)
    __arm_cp.9_6                             0x00001d20   Number         4  ti_msp_dl_config.o(.text.SYSCFG_DL_ADC12_0_init)
    __arm_cp.9_7                             0x00001d24   Number         4  ti_msp_dl_config.o(.text.SYSCFG_DL_ADC12_0_init)
    [Anonymous Symbol]                       0x00001d28   Section        0  ti_msp_dl_config.o(.text.SYSCFG_DL_DMA_CH0_init)
    __arm_cp.15_0                            0x00001d3c   Number         4  ti_msp_dl_config.o(.text.SYSCFG_DL_DMA_CH0_init)
    __arm_cp.15_2                            0x00001d40   Number         4  ti_msp_dl_config.o(.text.SYSCFG_DL_DMA_CH0_init)
    [Anonymous Symbol]                       0x00001d44   Section        0  ti_msp_dl_config.o(.text.SYSCFG_DL_DMA_CH1_init)
    __arm_cp.16_0                            0x00001d58   Number         4  ti_msp_dl_config.o(.text.SYSCFG_DL_DMA_CH1_init)
    __arm_cp.16_1                            0x00001d5c   Number         4  ti_msp_dl_config.o(.text.SYSCFG_DL_DMA_CH1_init)
    __arm_cp.16_2                            0x00001d60   Number         4  ti_msp_dl_config.o(.text.SYSCFG_DL_DMA_CH1_init)
    [Anonymous Symbol]                       0x00001d64   Section        0  ti_msp_dl_config.o(.text.SYSCFG_DL_DMA_init)
    [Anonymous Symbol]                       0x00001d70   Section        0  ti_msp_dl_config.o(.text.SYSCFG_DL_GPIO_init)
    __arm_cp.2_0                             0x00001de4   Number         4  ti_msp_dl_config.o(.text.SYSCFG_DL_GPIO_init)
    __arm_cp.2_1                             0x00001de8   Number         4  ti_msp_dl_config.o(.text.SYSCFG_DL_GPIO_init)
    __arm_cp.2_2                             0x00001dec   Number         4  ti_msp_dl_config.o(.text.SYSCFG_DL_GPIO_init)
    __arm_cp.2_3                             0x00001df0   Number         4  ti_msp_dl_config.o(.text.SYSCFG_DL_GPIO_init)
    __arm_cp.2_4                             0x00001df4   Number         4  ti_msp_dl_config.o(.text.SYSCFG_DL_GPIO_init)
    __arm_cp.2_5                             0x00001df8   Number         4  ti_msp_dl_config.o(.text.SYSCFG_DL_GPIO_init)
    __arm_cp.2_6                             0x00001dfc   Number         4  ti_msp_dl_config.o(.text.SYSCFG_DL_GPIO_init)
    __arm_cp.2_7                             0x00001e00   Number         4  ti_msp_dl_config.o(.text.SYSCFG_DL_GPIO_init)
    __arm_cp.2_8                             0x00001e04   Number         4  ti_msp_dl_config.o(.text.SYSCFG_DL_GPIO_init)
    [Anonymous Symbol]                       0x00001e08   Section        0  ti_msp_dl_config.o(.text.SYSCFG_DL_MCAN0_init)
    __arm_cp.12_0                            0x00001ea4   Number         4  ti_msp_dl_config.o(.text.SYSCFG_DL_MCAN0_init)
    __arm_cp.12_1                            0x00001ea8   Number         4  ti_msp_dl_config.o(.text.SYSCFG_DL_MCAN0_init)
    __arm_cp.12_2                            0x00001eac   Number         4  ti_msp_dl_config.o(.text.SYSCFG_DL_MCAN0_init)
    __arm_cp.12_3                            0x00001eb0   Number         4  ti_msp_dl_config.o(.text.SYSCFG_DL_MCAN0_init)
    __arm_cp.12_4                            0x00001eb4   Number         4  ti_msp_dl_config.o(.text.SYSCFG_DL_MCAN0_init)
    __arm_cp.12_5                            0x00001eb8   Number         4  ti_msp_dl_config.o(.text.SYSCFG_DL_MCAN0_init)
    __arm_cp.12_6                            0x00001ebc   Number         4  ti_msp_dl_config.o(.text.SYSCFG_DL_MCAN0_init)
    __arm_cp.12_7                            0x00001ec0   Number         4  ti_msp_dl_config.o(.text.SYSCFG_DL_MCAN0_init)
    __arm_cp.12_8                            0x00001ec4   Number         4  ti_msp_dl_config.o(.text.SYSCFG_DL_MCAN0_init)
    __arm_cp.12_9                            0x00001ec8   Number         4  ti_msp_dl_config.o(.text.SYSCFG_DL_MCAN0_init)
    [Anonymous Symbol]                       0x00001ecc   Section        0  ti_msp_dl_config.o(.text.SYSCFG_DL_PWM_0_init)
    __arm_cp.4_0                             0x00001f20   Number         4  ti_msp_dl_config.o(.text.SYSCFG_DL_PWM_0_init)
    __arm_cp.4_1                             0x00001f24   Number         4  ti_msp_dl_config.o(.text.SYSCFG_DL_PWM_0_init)
    __arm_cp.4_2                             0x00001f28   Number         4  ti_msp_dl_config.o(.text.SYSCFG_DL_PWM_0_init)
    __arm_cp.4_3                             0x00001f2c   Number         4  ti_msp_dl_config.o(.text.SYSCFG_DL_PWM_0_init)
    __arm_cp.4_4                             0x00001f30   Number         4  ti_msp_dl_config.o(.text.SYSCFG_DL_PWM_0_init)
    __arm_cp.4_5                             0x00001f34   Number         4  ti_msp_dl_config.o(.text.SYSCFG_DL_PWM_0_init)
    [Anonymous Symbol]                       0x00001f38   Section        0  ti_msp_dl_config.o(.text.SYSCFG_DL_SPI_0_init)
    __arm_cp.8_0                             0x00001f70   Number         4  ti_msp_dl_config.o(.text.SYSCFG_DL_SPI_0_init)
    __arm_cp.8_1                             0x00001f74   Number         4  ti_msp_dl_config.o(.text.SYSCFG_DL_SPI_0_init)
    __arm_cp.8_2                             0x00001f78   Number         4  ti_msp_dl_config.o(.text.SYSCFG_DL_SPI_0_init)
    __arm_cp.8_3                             0x00001f7c   Number         4  ti_msp_dl_config.o(.text.SYSCFG_DL_SPI_0_init)
    __arm_cp.8_4                             0x00001f80   Number         4  ti_msp_dl_config.o(.text.SYSCFG_DL_SPI_0_init)
    [Anonymous Symbol]                       0x00001f84   Section        0  ti_msp_dl_config.o(.text.SYSCFG_DL_SYSCTL_init)
    __arm_cp.3_0                             0x00001fe4   Number         4  ti_msp_dl_config.o(.text.SYSCFG_DL_SYSCTL_init)
    __arm_cp.3_1                             0x00001fe8   Number         4  ti_msp_dl_config.o(.text.SYSCFG_DL_SYSCTL_init)
    __arm_cp.3_2                             0x00001fec   Number         4  ti_msp_dl_config.o(.text.SYSCFG_DL_SYSCTL_init)
    [Anonymous Symbol]                       0x00001ff0   Section        0  ti_msp_dl_config.o(.text.SYSCFG_DL_SYSTICK_init)
    __arm_cp.11_0                            0x00002014   Number         4  ti_msp_dl_config.o(.text.SYSCFG_DL_SYSTICK_init)
    __arm_cp.11_1                            0x00002018   Number         4  ti_msp_dl_config.o(.text.SYSCFG_DL_SYSTICK_init)
    __arm_cp.11_2                            0x0000201c   Number         4  ti_msp_dl_config.o(.text.SYSCFG_DL_SYSTICK_init)
    [Anonymous Symbol]                       0x00002020   Section        0  ti_msp_dl_config.o(.text.SYSCFG_DL_TIMER_0_init)
    __arm_cp.5_0                             0x00002044   Number         4  ti_msp_dl_config.o(.text.SYSCFG_DL_TIMER_0_init)
    __arm_cp.5_1                             0x00002048   Number         4  ti_msp_dl_config.o(.text.SYSCFG_DL_TIMER_0_init)
    __arm_cp.5_2                             0x0000204c   Number         4  ti_msp_dl_config.o(.text.SYSCFG_DL_TIMER_0_init)
    __arm_cp.5_3                             0x00002050   Number         4  ti_msp_dl_config.o(.text.SYSCFG_DL_TIMER_0_init)
    __arm_cp.5_4                             0x00002054   Number         4  ti_msp_dl_config.o(.text.SYSCFG_DL_TIMER_0_init)
    [Anonymous Symbol]                       0x00002058   Section        0  ti_msp_dl_config.o(.text.SYSCFG_DL_UART_0_init)
    __arm_cp.6_0                             0x000020b4   Number         4  ti_msp_dl_config.o(.text.SYSCFG_DL_UART_0_init)
    __arm_cp.6_1                             0x000020b8   Number         4  ti_msp_dl_config.o(.text.SYSCFG_DL_UART_0_init)
    __arm_cp.6_2                             0x000020bc   Number         4  ti_msp_dl_config.o(.text.SYSCFG_DL_UART_0_init)
    __arm_cp.6_3                             0x000020c0   Number         4  ti_msp_dl_config.o(.text.SYSCFG_DL_UART_0_init)
    __arm_cp.6_5                             0x000020c4   Number         4  ti_msp_dl_config.o(.text.SYSCFG_DL_UART_0_init)
    [Anonymous Symbol]                       0x000020c8   Section        0  ti_msp_dl_config.o(.text.SYSCFG_DL_UART_1_init)
    __arm_cp.7_0                             0x00002124   Number         4  ti_msp_dl_config.o(.text.SYSCFG_DL_UART_1_init)
    __arm_cp.7_1                             0x00002128   Number         4  ti_msp_dl_config.o(.text.SYSCFG_DL_UART_1_init)
    __arm_cp.7_2                             0x0000212c   Number         4  ti_msp_dl_config.o(.text.SYSCFG_DL_UART_1_init)
    __arm_cp.7_3                             0x00002130   Number         4  ti_msp_dl_config.o(.text.SYSCFG_DL_UART_1_init)
    __arm_cp.7_4                             0x00002134   Number         4  ti_msp_dl_config.o(.text.SYSCFG_DL_UART_1_init)
    __arm_cp.7_5                             0x00002138   Number         4  ti_msp_dl_config.o(.text.SYSCFG_DL_UART_1_init)
    __arm_cp.7_6                             0x0000213c   Number         4  ti_msp_dl_config.o(.text.SYSCFG_DL_UART_1_init)
    [Anonymous Symbol]                       0x00002140   Section        0  ti_msp_dl_config.o(.text.SYSCFG_DL_init)
    __arm_cp.0_0                             0x00002188   Number         4  ti_msp_dl_config.o(.text.SYSCFG_DL_init)
    __arm_cp.0_1                             0x0000218c   Number         4  ti_msp_dl_config.o(.text.SYSCFG_DL_init)
    __arm_cp.0_2                             0x00002190   Number         4  ti_msp_dl_config.o(.text.SYSCFG_DL_init)
    [Anonymous Symbol]                       0x00002194   Section        0  ti_msp_dl_config.o(.text.SYSCFG_DL_initPower)
    __arm_cp.1_0                             0x000021e4   Number         4  ti_msp_dl_config.o(.text.SYSCFG_DL_initPower)
    __arm_cp.1_1                             0x000021e8   Number         4  ti_msp_dl_config.o(.text.SYSCFG_DL_initPower)
    __arm_cp.1_2                             0x000021ec   Number         4  ti_msp_dl_config.o(.text.SYSCFG_DL_initPower)
    __arm_cp.1_3                             0x000021f0   Number         4  ti_msp_dl_config.o(.text.SYSCFG_DL_initPower)
    __arm_cp.1_4                             0x000021f4   Number         4  ti_msp_dl_config.o(.text.SYSCFG_DL_initPower)
    __arm_cp.1_5                             0x000021f8   Number         4  ti_msp_dl_config.o(.text.SYSCFG_DL_initPower)
    __arm_cp.1_6                             0x000021fc   Number         4  ti_msp_dl_config.o(.text.SYSCFG_DL_initPower)
    __arm_cp.1_7                             0x00002200   Number         4  ti_msp_dl_config.o(.text.SYSCFG_DL_initPower)
    __arm_cp.1_8                             0x00002204   Number         4  ti_msp_dl_config.o(.text.SYSCFG_DL_initPower)
    __arm_cp.1_9                             0x00002208   Number         4  ti_msp_dl_config.o(.text.SYSCFG_DL_initPower)
    __arm_cp.1_10                            0x0000220c   Number         4  ti_msp_dl_config.o(.text.SYSCFG_DL_initPower)
    [Anonymous Symbol]                       0x00002210   Section        0  empty.o(.text.SysTick_Handler)
    [Anonymous Symbol]                       0x00002220   Section        0  bsp_timer.o(.text.TIMG0_IRQHandler)
    __arm_cp.1_0                             0x00002228   Number         4  bsp_timer.o(.text.TIMG0_IRQHandler)
    [Anonymous Symbol]                       0x0000222c   Section        0  bsp_uart.o(.text.UART0_IRQHandler)
    __arm_cp.3_0                             0x00002274   Number         4  bsp_uart.o(.text.UART0_IRQHandler)
    __arm_cp.3_1                             0x00002278   Number         4  bsp_uart.o(.text.UART0_IRQHandler)
    __arm_cp.3_2                             0x0000227c   Number         4  bsp_uart.o(.text.UART0_IRQHandler)
    __arm_cp.3_3                             0x00002280   Number         4  bsp_uart.o(.text.UART0_IRQHandler)
    __arm_cp.3_4                             0x00002284   Number         4  bsp_uart.o(.text.UART0_IRQHandler)
    [Anonymous Symbol]                       0x00002288   Section        0  bsp_uart.o(.text.UART2_IRQHandler)
    __arm_cp.4_0                             0x0000236c   Number         4  bsp_uart.o(.text.UART2_IRQHandler)
    __arm_cp.4_1                             0x00002370   Number         4  bsp_uart.o(.text.UART2_IRQHandler)
    __arm_cp.4_2                             0x00002374   Number         4  bsp_uart.o(.text.UART2_IRQHandler)
    __arm_cp.4_3                             0x00002378   Number         4  bsp_uart.o(.text.UART2_IRQHandler)
    __arm_cp.4_5                             0x0000237c   Number         4  bsp_uart.o(.text.UART2_IRQHandler)
    [Anonymous Symbol]                       0x00002380   Section        0  bsp_uart.o(.text._sys_exit)
    [Anonymous Symbol]                       0x00002384   Section        0  empty.o(.text.delay_ms)
    __arm_cp.0_0                             0x000023a4   Number         4  empty.o(.text.delay_ms)
    [Anonymous Symbol]                       0x000023a8   Section        0  drv_spi.o(.text.drv_spi_init)
    [Anonymous Symbol]                       0x000023ac   Section        0  drv_spi.o(.text.drv_spi_read_write_byte)
    __arm_cp.1_0                             0x000023f8   Number         4  drv_spi.o(.text.drv_spi_read_write_byte)
    [Anonymous Symbol]                       0x000023fc   Section        0  empty.o(.text.main)
    __arm_cp.1_0                             0x00002620   Number         4  empty.o(.text.main)
    __arm_cp.1_1                             0x00002624   Number         4  empty.o(.text.main)
    __arm_cp.1_2                             0x00002628   Number         4  empty.o(.text.main)
    __arm_cp.1_3                             0x0000262c   Number         4  empty.o(.text.main)
    __arm_cp.1_4                             0x00002630   Number         4  empty.o(.text.main)
    __arm_cp.1_5                             0x00002634   Number         4  empty.o(.text.main)
    __arm_cp.1_6                             0x00002638   Number         4  empty.o(.text.main)
    __arm_cp.1_7                             0x0000263c   Number         4  empty.o(.text.main)
    __arm_cp.1_8                             0x00002640   Number         4  empty.o(.text.main)
    __arm_cp.1_9                             0x00002644   Number         4  empty.o(.text.main)
    __arm_cp.1_10                            0x00002648   Number         4  empty.o(.text.main)
    __arm_cp.1_11                            0x0000264c   Number         4  empty.o(.text.main)
    __arm_cp.1_12                            0x00002650   Number         4  empty.o(.text.main)
    __arm_cp.1_13                            0x00002654   Number         4  empty.o(.text.main)
    __arm_cp.1_14                            0x00002658   Number         4  empty.o(.text.main)
    __arm_cp.1_15                            0x0000265c   Number         4  empty.o(.text.main)
    __arm_cp.1_16                            0x00002660   Number         4  empty.o(.text.main)
    __arm_cp.1_17                            0x00002664   Number         4  empty.o(.text.main)
    __arm_cp.1_18                            0x00002668   Number         4  empty.o(.text.main)
    __arm_cp.1_19                            0x0000266c   Number         4  empty.o(.text.main)
    __arm_cp.1_20                            0x00002670   Number         4  empty.o(.text.main)
    __arm_cp.1_21                            0x00002674   Number         4  empty.o(.text.main)
    __arm_cp.1_22                            0x00002678   Number         4  empty.o(.text.main)
    __arm_cp.1_23                            0x0000267c   Number         4  empty.o(.text.main)
    __arm_cp.1_24                            0x00002680   Number         4  empty.o(.text.main)
    __arm_cp.1_25                            0x00002684   Number         4  empty.o(.text.main)
    __arm_cp.1_26                            0x00002688   Number         4  empty.o(.text.main)
    __arm_cp.1_27                            0x0000268c   Number         4  empty.o(.text.main)
    __arm_cp.1_28                            0x00002690   Number         4  empty.o(.text.main)
    __arm_cp.1_29                            0x00002694   Number         4  empty.o(.text.main)
    __arm_cp.1_30                            0x00002698   Number         4  empty.o(.text.main)
    __arm_cp.1_31                            0x0000269c   Number         4  empty.o(.text.main)
    __arm_cp.1_32                            0x000026a0   Number         4  empty.o(.text.main)
    __arm_cp.1_33                            0x000026a4   Number         4  empty.o(.text.main)
    i._fgeq                                  0x000026a8   Section        0  fcmp.o(i._fgeq)
    i._fgr                                   0x000026be   Section        0  fcmp.o(i._fgr)
    i._fleq                                  0x000026d4   Section        0  fcmp.o(i._fleq)
    x$fpl$fadd                               0x000026f0   Section      140  faddsub.o(x$fpl$fadd)
    _fadd1                                   0x000026fd   Thumb Code     0  faddsub.o(x$fpl$fadd)
    x$fpl$fgeqf                              0x0000277c   Section       84  fgef.o(x$fpl$fgeqf)
    x$fpl$fleqf                              0x000027d0   Section       84  flef.o(x$fpl$fleqf)
    x$fpl$fmul                               0x00002824   Section      176  fmul.o(x$fpl$fmul)
    x$fpl$fsub                               0x000028d4   Section      208  faddsub.o(x$fpl$fsub)
    _fsub1                                   0x000028e1   Thumb Code     0  faddsub.o(x$fpl$fsub)
    fdiv_tab                                 0x000029a4   Data          64  fdiv.o(.constdata)
    .constdata                               0x000029a4   Section       64  fdiv.o(.constdata)
    x$fpl$usenofp                            0x000029a4   Section        0  usenofp.o(x$fpl$usenofp)
    [Anonymous Symbol]                       0x000029e4   Section        0  dl_mcan.o(.rodata..L__const.DL_MCAN_getDataSize.dataSize)
    [Anonymous Symbol]                       0x00002a24   Section        0  dl_mcan.o(.rodata.cst32)
    gADC12_0ClockConfig                      0x00002a44   Data           8  ti_msp_dl_config.o(.rodata.gADC12_0ClockConfig)
    [Anonymous Symbol]                       0x00002a44   Section        0  ti_msp_dl_config.o(.rodata.gADC12_0ClockConfig)
    gDMA_CH0Config                           0x00002a4c   Data          24  ti_msp_dl_config.o(.rodata.gDMA_CH0Config)
    [Anonymous Symbol]                       0x00002a4c   Section        0  ti_msp_dl_config.o(.rodata.gDMA_CH0Config)
    gDMA_CH1Config                           0x00002a64   Data          24  ti_msp_dl_config.o(.rodata.gDMA_CH1Config)
    [Anonymous Symbol]                       0x00002a64   Section        0  ti_msp_dl_config.o(.rodata.gDMA_CH1Config)
    gMCAN0BitTimes                           0x00002a7c   Data          32  ti_msp_dl_config.o(.rodata.gMCAN0BitTimes)
    [Anonymous Symbol]                       0x00002a7c   Section        0  ti_msp_dl_config.o(.rodata.gMCAN0BitTimes)
    gMCAN0ClockConf                          0x00002a9c   Data           4  ti_msp_dl_config.o(.rodata.gMCAN0ClockConf)
    [Anonymous Symbol]                       0x00002a9c   Section        0  ti_msp_dl_config.o(.rodata.gMCAN0ClockConf)
    gMCAN0InitParams                         0x00002aa0   Data          52  ti_msp_dl_config.o(.rodata.gMCAN0InitParams)
    [Anonymous Symbol]                       0x00002aa0   Section        0  ti_msp_dl_config.o(.rodata.gMCAN0InitParams)
    gMCAN0MsgRAMConfigParams                 0x00002ad4   Data          96  ti_msp_dl_config.o(.rodata.gMCAN0MsgRAMConfigParams)
    [Anonymous Symbol]                       0x00002ad4   Section        0  ti_msp_dl_config.o(.rodata.gMCAN0MsgRAMConfigParams)
    gPWM_0ClockConfig                        0x00002b34   Data           3  ti_msp_dl_config.o(.rodata.gPWM_0ClockConfig)
    [Anonymous Symbol]                       0x00002b34   Section        0  ti_msp_dl_config.o(.rodata.gPWM_0ClockConfig)
    gPWM_0Config                             0x00002b38   Data           8  ti_msp_dl_config.o(.rodata.gPWM_0Config)
    [Anonymous Symbol]                       0x00002b38   Section        0  ti_msp_dl_config.o(.rodata.gPWM_0Config)
    gSPI_0_clockConfig                       0x00002b40   Data           2  ti_msp_dl_config.o(.rodata.gSPI_0_clockConfig)
    [Anonymous Symbol]                       0x00002b40   Section        0  ti_msp_dl_config.o(.rodata.gSPI_0_clockConfig)
    gSPI_0_config                            0x00002b42   Data          10  ti_msp_dl_config.o(.rodata.gSPI_0_config)
    [Anonymous Symbol]                       0x00002b42   Section        0  ti_msp_dl_config.o(.rodata.gSPI_0_config)
    gSYSPLLConfig                            0x00002b4c   Data          40  ti_msp_dl_config.o(.rodata.gSYSPLLConfig)
    [Anonymous Symbol]                       0x00002b4c   Section        0  ti_msp_dl_config.o(.rodata.gSYSPLLConfig)
    gTIMER_0ClockConfig                      0x00002b74   Data           3  ti_msp_dl_config.o(.rodata.gTIMER_0ClockConfig)
    [Anonymous Symbol]                       0x00002b74   Section        0  ti_msp_dl_config.o(.rodata.gTIMER_0ClockConfig)
    gTIMER_0TimerConfig                      0x00002b78   Data          20  ti_msp_dl_config.o(.rodata.gTIMER_0TimerConfig)
    [Anonymous Symbol]                       0x00002b78   Section        0  ti_msp_dl_config.o(.rodata.gTIMER_0TimerConfig)
    gUART_0ClockConfig                       0x00002b8c   Data           2  ti_msp_dl_config.o(.rodata.gUART_0ClockConfig)
    [Anonymous Symbol]                       0x00002b8c   Section        0  ti_msp_dl_config.o(.rodata.gUART_0ClockConfig)
    gUART_0Config                            0x00002b8e   Data          10  ti_msp_dl_config.o(.rodata.gUART_0Config)
    [Anonymous Symbol]                       0x00002b8e   Section        0  ti_msp_dl_config.o(.rodata.gUART_0Config)
    gUART_1ClockConfig                       0x00002b98   Data           2  ti_msp_dl_config.o(.rodata.gUART_1ClockConfig)
    [Anonymous Symbol]                       0x00002b98   Section        0  ti_msp_dl_config.o(.rodata.gUART_1ClockConfig)
    gUART_1Config                            0x00002b9a   Data          10  ti_msp_dl_config.o(.rodata.gUART_1Config)
    [Anonymous Symbol]                       0x00002b9a   Section        0  ti_msp_dl_config.o(.rodata.gUART_1Config)
    .bss                                     0x20200010   Section       96  libspace.o(.bss)
    JY901P_ProcessBuffer.expected_sum        0x20200071   Data           1  jy901p.o(.bss.JY901P_ProcessBuffer.expected_sum)
    [Anonymous Symbol]                       0x20200071   Section        0  jy901p.o(.bss.JY901P_ProcessBuffer.expected_sum)
    JY901P_ProcessBuffer.packet_buffer       0x20200072   Data          11  jy901p.o(.bss.JY901P_ProcessBuffer.packet_buffer)
    [Anonymous Symbol]                       0x20200072   Section        0  jy901p.o(.bss.JY901P_ProcessBuffer.packet_buffer)
    JY901P_ProcessBuffer.packet_index        0x2020007d   Data           1  jy901p.o(.bss.JY901P_ProcessBuffer.packet_index)
    [Anonymous Symbol]                       0x2020007d   Section        0  jy901p.o(.bss.JY901P_ProcessBuffer.packet_index)
    JY901P_ProcessBuffer.parse_state         0x2020007e   Data           1  jy901p.o(.bss.JY901P_ProcessBuffer.parse_state)
    [Anonymous Symbol]                       0x2020007e   Section        0  jy901p.o(.bss.JY901P_ProcessBuffer.parse_state)
    Heap_Mem                                 0x20200480   Data         256  startup_mspm0g350x_uvision.o(HEAP)
    HEAP                                     0x20200480   Section      256  startup_mspm0g350x_uvision.o(HEAP)
    Stack_Mem                                0x20200580   Data         256  startup_mspm0g350x_uvision.o(STACK)
    STACK                                    0x20200580   Section      256  startup_mspm0g350x_uvision.o(STACK)
    __initial_sp                             0x20200680   Data           0  startup_mspm0g350x_uvision.o(STACK)

    Global Symbols

    Symbol Name                              Value     Ov Type        Size  Object(Section)

    BuildAttributes$$THM_ISAv3M$S$PE$A:L22$X:L11$S22$IEEE1$IW$~IW$USESV6$~STKCKD$USESV7$~SHL$OTIME$ROPI$IEEEX$EBA8$UX$STANDARDLIB$REQ8$PRES8$EABIv2 0x00000000   Number         0  anon$$obj.o ABSOLUTE
    __Vectors                                0x00000000   Data           4  startup_mspm0g350x_uvision.o(RESET)
    __ARM_exceptions_init                     - Undefined Weak Reference
    __alloca_initialize                       - Undefined Weak Reference
    __arm_preinit_                            - Undefined Weak Reference
    __arm_relocate_pie_                       - Undefined Weak Reference
    __cpp_initialize__aeabi_                  - Undefined Weak Reference
    __cxa_finalize                            - Undefined Weak Reference
    __rt_locale                               - Undefined Weak Reference
    __sigvec_lookup                           - Undefined Weak Reference
    _atexit_init                              - Undefined Weak Reference
    _call_atexit_fns                          - Undefined Weak Reference
    _clock_init                               - Undefined Weak Reference
    _fp_trap_init                             - Undefined Weak Reference
    _fp_trap_shutdown                         - Undefined Weak Reference
    _get_lc_collate                           - Undefined Weak Reference
    _get_lc_ctype                             - Undefined Weak Reference
    _get_lc_monetary                          - Undefined Weak Reference
    _get_lc_numeric                           - Undefined Weak Reference
    _get_lc_time                              - Undefined Weak Reference
    _getenv_init                              - Undefined Weak Reference
    _handle_redirection                       - Undefined Weak Reference
    _init_alloc                               - Undefined Weak Reference
    _init_user_alloc                          - Undefined Weak Reference
    _initio                                   - Undefined Weak Reference
    _rand_init                                - Undefined Weak Reference
    _signal_finish                            - Undefined Weak Reference
    _signal_init                              - Undefined Weak Reference
    _terminate_alloc                          - Undefined Weak Reference
    _terminate_user_alloc                     - Undefined Weak Reference
    _terminateio                              - Undefined Weak Reference
    __Vectors_End                            0x000000c0   Data           0  startup_mspm0g350x_uvision.o(RESET)
    __Vectors_Size                           0x000000c0   Number         0  startup_mspm0g350x_uvision.o ABSOLUTE
    __main                                   0x000000c1   Thumb Code     8  __main.o(!!!main)
    __scatterload                            0x000000c9   Thumb Code     0  __scatter.o(!!!scatter)
    __scatterload_rt2                        0x000000c9   Thumb Code    74  __scatter.o(!!!scatter)
    __scatterload_rt2_thumb_only             0x000000c9   Thumb Code     0  __scatter.o(!!!scatter)
    __scatterload_loop                       0x000000d3   Thumb Code     0  __scatter.o(!!!scatter)
    __scatterload_copy                       0x00000121   Thumb Code    26  __scatter_copy.o(!!handler_copy)
    __scatterload_null                       0x00000141   Thumb Code     2  __scatter.o(!!handler_null)
    __scatterload_zeroinit                   0x00000149   Thumb Code    28  __scatter_zi.o(!!handler_zi)
    __rt_lib_init                            0x00000165   Thumb Code     0  libinit.o(.ARM.Collect$$libinit$$00000000)
    __rt_lib_init_alloca_1                   0x00000167   Thumb Code     0  libinit2.o(.ARM.Collect$$libinit$$00000030)
    __rt_lib_init_argv_1                     0x00000167   Thumb Code     0  libinit2.o(.ARM.Collect$$libinit$$0000002E)
    __rt_lib_init_atexit_1                   0x00000167   Thumb Code     0  libinit2.o(.ARM.Collect$$libinit$$0000001D)
    __rt_lib_init_clock_1                    0x00000167   Thumb Code     0  libinit2.o(.ARM.Collect$$libinit$$00000023)
    __rt_lib_init_cpp_1                      0x00000167   Thumb Code     0  libinit2.o(.ARM.Collect$$libinit$$00000034)
    __rt_lib_init_exceptions_1               0x00000167   Thumb Code     0  libinit2.o(.ARM.Collect$$libinit$$00000032)
    __rt_lib_init_fp_1                       0x00000167   Thumb Code     0  libinit2.o(.ARM.Collect$$libinit$$00000002)
    __rt_lib_init_fp_trap_1                  0x00000167   Thumb Code     0  libinit2.o(.ARM.Collect$$libinit$$00000021)
    __rt_lib_init_getenv_1                   0x00000167   Thumb Code     0  libinit2.o(.ARM.Collect$$libinit$$00000025)
    __rt_lib_init_heap_1                     0x00000167   Thumb Code     0  libinit2.o(.ARM.Collect$$libinit$$0000000C)
    __rt_lib_init_lc_collate_1               0x00000167   Thumb Code     0  libinit2.o(.ARM.Collect$$libinit$$00000013)
    __rt_lib_init_lc_ctype_1                 0x00000167   Thumb Code     0  libinit2.o(.ARM.Collect$$libinit$$00000015)
    __rt_lib_init_lc_monetary_1              0x00000167   Thumb Code     0  libinit2.o(.ARM.Collect$$libinit$$00000017)
    __rt_lib_init_lc_numeric_1               0x00000167   Thumb Code     0  libinit2.o(.ARM.Collect$$libinit$$00000019)
    __rt_lib_init_lc_time_1                  0x00000167   Thumb Code     0  libinit2.o(.ARM.Collect$$libinit$$0000001B)
    __rt_lib_init_preinit_1                  0x00000167   Thumb Code     0  libinit2.o(.ARM.Collect$$libinit$$00000006)
    __rt_lib_init_rand_1                     0x00000167   Thumb Code     0  libinit2.o(.ARM.Collect$$libinit$$00000010)
    __rt_lib_init_relocate_pie_1             0x00000167   Thumb Code     0  libinit2.o(.ARM.Collect$$libinit$$00000004)
    __rt_lib_init_return                     0x00000167   Thumb Code     0  libinit2.o(.ARM.Collect$$libinit$$00000035)
    __rt_lib_init_signal_1                   0x00000167   Thumb Code     0  libinit2.o(.ARM.Collect$$libinit$$0000001F)
    __rt_lib_init_stdio_1                    0x00000167   Thumb Code     0  libinit2.o(.ARM.Collect$$libinit$$00000027)
    __rt_lib_init_user_alloc_1               0x00000167   Thumb Code     0  libinit2.o(.ARM.Collect$$libinit$$0000000E)
    __rt_lib_shutdown                        0x00000169   Thumb Code     0  libshutdown.o(.ARM.Collect$$libshutdown$$00000000)
    __rt_lib_shutdown_cpp_1                  0x0000016b   Thumb Code     0  libshutdown2.o(.ARM.Collect$$libshutdown$$00000002)
    __rt_lib_shutdown_fp_trap_1              0x0000016b   Thumb Code     0  libshutdown2.o(.ARM.Collect$$libshutdown$$00000007)
    __rt_lib_shutdown_heap_1                 0x0000016b   Thumb Code     0  libshutdown2.o(.ARM.Collect$$libshutdown$$0000000F)
    __rt_lib_shutdown_return                 0x0000016b   Thumb Code     0  libshutdown2.o(.ARM.Collect$$libshutdown$$00000010)
    __rt_lib_shutdown_signal_1               0x0000016b   Thumb Code     0  libshutdown2.o(.ARM.Collect$$libshutdown$$0000000A)
    __rt_lib_shutdown_stdio_1                0x0000016b   Thumb Code     0  libshutdown2.o(.ARM.Collect$$libshutdown$$00000004)
    __rt_lib_shutdown_user_alloc_1           0x0000016b   Thumb Code     0  libshutdown2.o(.ARM.Collect$$libshutdown$$0000000C)
    __rt_entry                               0x0000016d   Thumb Code     0  __rtentry.o(.ARM.Collect$$rtentry$$00000000)
    __rt_entry_presh_1                       0x0000016d   Thumb Code     0  __rtentry2.o(.ARM.Collect$$rtentry$$00000002)
    __rt_entry_sh                            0x0000016d   Thumb Code     0  __rtentry4.o(.ARM.Collect$$rtentry$$00000004)
    __rt_entry_li                            0x00000173   Thumb Code     0  __rtentry2.o(.ARM.Collect$$rtentry$$0000000A)
    __rt_entry_postsh_1                      0x00000173   Thumb Code     0  __rtentry2.o(.ARM.Collect$$rtentry$$00000009)
    __rt_entry_main                          0x00000177   Thumb Code     0  __rtentry2.o(.ARM.Collect$$rtentry$$0000000D)
    __rt_entry_postli_1                      0x00000177   Thumb Code     0  __rtentry2.o(.ARM.Collect$$rtentry$$0000000C)
    __rt_exit                                0x0000017f   Thumb Code     0  rtexit.o(.ARM.Collect$$rtexit$$00000000)
    __rt_exit_ls                             0x00000181   Thumb Code     0  rtexit2.o(.ARM.Collect$$rtexit$$00000003)
    __rt_exit_prels_1                        0x00000181   Thumb Code     0  rtexit2.o(.ARM.Collect$$rtexit$$00000002)
    __rt_exit_exit                           0x00000185   Thumb Code     0  rtexit2.o(.ARM.Collect$$rtexit$$00000004)
    __aeabi_memcpy4                          0x0000018d   Thumb Code    56  rt_memcpy.o(.emb_text)
    __aeabi_memcpy8                          0x0000018d   Thumb Code     0  rt_memcpy.o(.emb_text)
    Reset_Handler                            0x000001c5   Thumb Code     4  startup_mspm0g350x_uvision.o(.text)
    NMI_Handler                              0x000001c9   Thumb Code     2  startup_mspm0g350x_uvision.o(.text)
    HardFault_Handler                        0x000001cb   Thumb Code     2  startup_mspm0g350x_uvision.o(.text)
    SVC_Handler                              0x000001cd   Thumb Code     2  startup_mspm0g350x_uvision.o(.text)
    PendSV_Handler                           0x000001cf   Thumb Code     2  startup_mspm0g350x_uvision.o(.text)
    ADC0_IRQHandler                          0x000001d3   Thumb Code     0  startup_mspm0g350x_uvision.o(.text)
    AES_IRQHandler                           0x000001d3   Thumb Code     0  startup_mspm0g350x_uvision.o(.text)
    DAC0_IRQHandler                          0x000001d3   Thumb Code     0  startup_mspm0g350x_uvision.o(.text)
    DMA_IRQHandler                           0x000001d3   Thumb Code     0  startup_mspm0g350x_uvision.o(.text)
    Default_Handler                          0x000001d3   Thumb Code     2  startup_mspm0g350x_uvision.o(.text)
    GROUP0_IRQHandler                        0x000001d3   Thumb Code     0  startup_mspm0g350x_uvision.o(.text)
    I2C0_IRQHandler                          0x000001d3   Thumb Code     0  startup_mspm0g350x_uvision.o(.text)
    I2C1_IRQHandler                          0x000001d3   Thumb Code     0  startup_mspm0g350x_uvision.o(.text)
    RTC_IRQHandler                           0x000001d3   Thumb Code     0  startup_mspm0g350x_uvision.o(.text)
    SPI0_IRQHandler                          0x000001d3   Thumb Code     0  startup_mspm0g350x_uvision.o(.text)
    SPI1_IRQHandler                          0x000001d3   Thumb Code     0  startup_mspm0g350x_uvision.o(.text)
    TIMA0_IRQHandler                         0x000001d3   Thumb Code     0  startup_mspm0g350x_uvision.o(.text)
    TIMA1_IRQHandler                         0x000001d3   Thumb Code     0  startup_mspm0g350x_uvision.o(.text)
    TIMG12_IRQHandler                        0x000001d3   Thumb Code     0  startup_mspm0g350x_uvision.o(.text)
    TIMG6_IRQHandler                         0x000001d3   Thumb Code     0  startup_mspm0g350x_uvision.o(.text)
    TIMG7_IRQHandler                         0x000001d3   Thumb Code     0  startup_mspm0g350x_uvision.o(.text)
    TIMG8_IRQHandler                         0x000001d3   Thumb Code     0  startup_mspm0g350x_uvision.o(.text)
    UART1_IRQHandler                         0x000001d3   Thumb Code     0  startup_mspm0g350x_uvision.o(.text)
    UART3_IRQHandler                         0x000001d3   Thumb Code     0  startup_mspm0g350x_uvision.o(.text)
    __user_initial_stackheap                 0x000001d5   Thumb Code    10  startup_mspm0g350x_uvision.o(.text)
    __aeabi_memcpy                           0x000001f5   Thumb Code   130  rt_memcpy.o(.text)
    __rt_memcpy                              0x000001f5   Thumb Code     0  rt_memcpy.o(.text)
    _memset_w                                0x00000277   Thumb Code    26  rt_memclr.o(.text)
    _memset                                  0x00000291   Thumb Code    30  rt_memclr.o(.text)
    __aeabi_memclr                           0x000002af   Thumb Code     4  rt_memclr.o(.text)
    __rt_memclr                              0x000002af   Thumb Code     0  rt_memclr.o(.text)
    __aeabi_memclr4                          0x000002b3   Thumb Code     0  rt_memclr.o(.text)
    __aeabi_memclr8                          0x000002b3   Thumb Code     0  rt_memclr.o(.text)
    __rt_memclr_w                            0x000002b3   Thumb Code     4  rt_memclr.o(.text)
    __use_two_region_memory                  0x000002b7   Thumb Code     2  heapauxi.o(.text)
    __rt_heap_escrow$2region                 0x000002b9   Thumb Code     2  heapauxi.o(.text)
    __rt_heap_expand$2region                 0x000002bb   Thumb Code     2  heapauxi.o(.text)
    __aeabi_fdiv                             0x000002bd   Thumb Code     0  fdiv.o(.text)
    __divsf3                                 0x000002bd   Thumb Code     0  fdiv.o(.text)
    _fdiv                                    0x000002bd   Thumb Code   334  fdiv.o(.text)
    _frdiv                                   0x0000040b   Thumb Code     8  fdiv.o(.text)
    __aeabi_f2iz                             0x0000041d   Thumb Code     0  ffixi.o(.text)
    _ffix                                    0x0000041d   Thumb Code    76  ffixi.o(.text)
    __aeabi_i2f_normalise                    0x00000469   Thumb Code    72  fflti.o(.text)
    __aeabi_i2f                              0x000004b1   Thumb Code    16  fflti.o(.text)
    _fflt                                    0x000004b1   Thumb Code     0  fflti.o(.text)
    __aeabi_ui2f                             0x000004c1   Thumb Code     6  fflti.o(.text)
    _ffltu                                   0x000004c1   Thumb Code     0  fflti.o(.text)
    __fpl_fcmp_InfNaN                        0x000004c9   Thumb Code    96  fcmpin.o(.text)
    __user_libspace                          0x0000052d   Thumb Code     8  libspace.o(.text)
    __user_perproc_libspace                  0x0000052d   Thumb Code     0  libspace.o(.text)
    __user_perthread_libspace                0x0000052d   Thumb Code     0  libspace.o(.text)
    __user_setup_stackheap                   0x00000535   Thumb Code    62  sys_stackheap_outer.o(.text)
    exit                                     0x00000573   Thumb Code    16  exit.o(.text)
    __fpl_cmpreturn                          0x00000583   Thumb Code    46  cmpret.o(.text)
    __fpl_fcheck_NaN2                        0x000005b1   Thumb Code    10  fnan2.o(.text)
    __fpl_return_NaN                         0x000005c1   Thumb Code    94  retnan.o(.text)
    ADC1_IRQHandler                          0x00000621   Thumb Code    20  bsp_adc.o(.text.ADC1_IRQHandler)
    AddPID_Realize                           0x0000063d   Thumb Code   212  pid.o(.text.AddPID_Realize)
    Bsp_adc_Init                             0x00000715   Thumb Code     8  bsp_adc.o(.text.Bsp_adc_Init)
    Bsp_can_Init                             0x0000071d   Thumb Code    32  bsp_can.o(.text.Bsp_can_Init)
    Bsp_key_Init                             0x0000073d   Thumb Code     8  bsp_key.o(.text.Bsp_key_Init)
    Bsp_timer_Init                           0x00000745   Thumb Code    16  bsp_timer.o(.text.Bsp_timer_Init)
    Bsp_uart_Init                            0x00000755   Thumb Code    64  bsp_uart.o(.text.Bsp_uart_Init)
    Buff_Clear                               0x000007b1   Thumb Code    24  nrf24l01.o(.text.Buff_Clear)
    CANFD0_IRQHandler                        0x000007cd   Thumb Code    76  bsp_can.o(.text.CANFD0_IRQHandler)
    Can0_TX                                  0x00000829   Thumb Code    92  bsp_can.o(.text.Can0_TX)
    Can0_rx_callback                         0x00000885   Thumb Code   152  bsp_can.o(.text.Can0_rx_callback)
    DJI_motor_fbdata                         0x00000949   Thumb Code    36  dji_motor_drv.o(.text.DJI_motor_fbdata)
    DL_ADC12_setClockConfig                  0x0000096d   Thumb Code    56  dl_adc12.o(.text.DL_ADC12_setClockConfig)
    DL_Common_delayCycles                    0x000009ad   Thumb Code    10  dl_common.o(.text.DL_Common_delayCycles)
    DL_DMA_initChannel                       0x000009b9   Thumb Code    64  dl_dma.o(.text.DL_DMA_initChannel)
    DL_MCAN_TXBufAddReq                      0x000009fd   Thumb Code    44  dl_mcan.o(.text.DL_MCAN_TXBufAddReq)
    DL_MCAN_TXBufTransIntrEnable             0x00000a2d   Thumb Code    40  dl_mcan.o(.text.DL_MCAN_TXBufTransIntrEnable)
    DL_MCAN_clearIntrStatus                  0x00000a59   Thumb Code    12  dl_mcan.o(.text.DL_MCAN_clearIntrStatus)
    DL_MCAN_enableIntr                       0x00000a69   Thumb Code    24  dl_mcan.o(.text.DL_MCAN_enableIntr)
    DL_MCAN_enableIntrLine                   0x00000a85   Thumb Code    24  dl_mcan.o(.text.DL_MCAN_enableIntrLine)
    DL_MCAN_getIntrStatus                    0x00000aa1   Thumb Code     8  dl_mcan.o(.text.DL_MCAN_getIntrStatus)
    DL_MCAN_getOpMode                        0x00000aad   Thumb Code    12  dl_mcan.o(.text.DL_MCAN_getOpMode)
    DL_MCAN_getProtocolStatus                0x00000abd   Thumb Code    76  dl_mcan.o(.text.DL_MCAN_getProtocolStatus)
    DL_MCAN_getRevisionId                    0x00000b0d   Thumb Code    68  dl_mcan.o(.text.DL_MCAN_getRevisionId)
    DL_MCAN_getRxFIFOStatus                  0x00000b51   Thumb Code    52  dl_mcan.o(.text.DL_MCAN_getRxFIFOStatus)
    DL_MCAN_init                             0x00000b89   Thumb Code   220  dl_mcan.o(.text.DL_MCAN_init)
    DL_MCAN_isMemInitDone                    0x00000c75   Thumb Code    12  dl_mcan.o(.text.DL_MCAN_isMemInitDone)
    DL_MCAN_msgRAMConfig                     0x00000c85   Thumb Code   516  dl_mcan.o(.text.DL_MCAN_msgRAMConfig)
    DL_MCAN_readMsgRam                       0x00000eb1   Thumb Code   236  dl_mcan.o(.text.DL_MCAN_readMsgRam)
    DL_MCAN_selectIntrLine                   0x00000fa1   Thumb Code    24  dl_mcan.o(.text.DL_MCAN_selectIntrLine)
    DL_MCAN_setBitTime                       0x00000fbd   Thumb Code   208  dl_mcan.o(.text.DL_MCAN_setBitTime)
    DL_MCAN_setClockConfig                   0x00001095   Thumb Code    28  dl_mcan.o(.text.DL_MCAN_setClockConfig)
    DL_MCAN_setExtIDAndMask                  0x000010b9   Thumb Code    52  dl_mcan.o(.text.DL_MCAN_setExtIDAndMask)
    DL_MCAN_setOpMode                        0x000010f1   Thumb Code    20  dl_mcan.o(.text.DL_MCAN_setOpMode)
    DL_MCAN_writeMsgRam                      0x00001109   Thumb Code   212  dl_mcan.o(.text.DL_MCAN_writeMsgRam)
    DL_MCAN_writeRxFIFOAck                   0x000011ed   Thumb Code    64  dl_mcan.o(.text.DL_MCAN_writeRxFIFOAck)
    DL_SPI_init                              0x00001235   Thumb Code    60  dl_spi.o(.text.DL_SPI_init)
    DL_SPI_setClockConfig                    0x00001279   Thumb Code    18  dl_spi.o(.text.DL_SPI_setClockConfig)
    DL_SYSCTL_configSYSPLL                   0x0000128d   Thumb Code   196  dl_sysctl_mspm0g1x0x_g3x0x.o(.text.DL_SYSCTL_configSYSPLL)
    DL_SYSCTL_setHFCLKSourceHFXTParams       0x00001351   Thumb Code    80  dl_sysctl_mspm0g1x0x_g3x0x.o(.text.DL_SYSCTL_setHFCLKSourceHFXTParams)
    DL_SYSCTL_switchMCLKfromSYSOSCtoHSCLK    0x000013a1   Thumb Code    40  dl_sysctl_mspm0g1x0x_g3x0x.o(.text.DL_SYSCTL_switchMCLKfromSYSOSCtoHSCLK)
    DL_Timer_initFourCCPWMMode               0x000013c9   Thumb Code   256  dl_timer.o(.text.DL_Timer_initFourCCPWMMode)
    DL_Timer_initTimerMode                   0x000014dd   Thumb Code   224  dl_timer.o(.text.DL_Timer_initTimerMode)
    DL_Timer_setCaptCompUpdateMethod         0x000015c9   Thumb Code    24  dl_timer.o(.text.DL_Timer_setCaptCompUpdateMethod)
    DL_Timer_setCaptureCompareOutCtl         0x000015e5   Thumb Code    20  dl_timer.o(.text.DL_Timer_setCaptureCompareOutCtl)
    DL_Timer_setCaptureCompareValue          0x000015fd   Thumb Code    12  dl_timer.o(.text.DL_Timer_setCaptureCompareValue)
    DL_Timer_setClockConfig                  0x0000160d   Thumb Code    24  dl_timer.o(.text.DL_Timer_setClockConfig)
    DL_UART_init                             0x00001629   Thumb Code    64  dl_uart.o(.text.DL_UART_init)
    DL_UART_setClockConfig                   0x00001671   Thumb Code    18  dl_uart.o(.text.DL_UART_setClockConfig)
    GROUP1_IRQHandler                        0x00001685   Thumb Code    60  nrf24l01.o(.text.GROUP1_IRQHandler)
    JY901P_ProcessBuffer                     0x000016d1   Thumb Code   716  jy901p.o(.text.JY901P_ProcessBuffer)
    NRF24L01_Gpio_Init_receive               0x000019bd   Thumb Code    24  nrf24l01.o(.text.NRF24L01_Gpio_Init_receive)
    NRF24L01_RxPacket                        0x000019dd   Thumb Code   128  nrf24l01.o(.text.NRF24L01_RxPacket)
    NRF24L01_check                           0x00001a61   Thumb Code   180  nrf24l01.o(.text.NRF24L01_check)
    PID_Init                                 0x00001b19   Thumb Code    10  pid.o(.text.PID_Init)
    RF24L01_Init                             0x00001b25   Thumb Code   332  nrf24l01.o(.text.RF24L01_Init)
    RF24L01_Set_Mode                         0x00001c75   Thumb Code    76  nrf24l01.o(.text.RF24L01_Set_Mode)
    SYSCFG_DL_ADC12_0_init                   0x00001cc5   Thumb Code    68  ti_msp_dl_config.o(.text.SYSCFG_DL_ADC12_0_init)
    SYSCFG_DL_DMA_CH0_init                   0x00001d29   Thumb Code    20  ti_msp_dl_config.o(.text.SYSCFG_DL_DMA_CH0_init)
    SYSCFG_DL_DMA_CH1_init                   0x00001d45   Thumb Code    20  ti_msp_dl_config.o(.text.SYSCFG_DL_DMA_CH1_init)
    SYSCFG_DL_DMA_init                       0x00001d65   Thumb Code    12  ti_msp_dl_config.o(.text.SYSCFG_DL_DMA_init)
    SYSCFG_DL_GPIO_init                      0x00001d71   Thumb Code   116  ti_msp_dl_config.o(.text.SYSCFG_DL_GPIO_init)
    SYSCFG_DL_MCAN0_init                     0x00001e09   Thumb Code   156  ti_msp_dl_config.o(.text.SYSCFG_DL_MCAN0_init)
    SYSCFG_DL_PWM_0_init                     0x00001ecd   Thumb Code    84  ti_msp_dl_config.o(.text.SYSCFG_DL_PWM_0_init)
    SYSCFG_DL_SPI_0_init                     0x00001f39   Thumb Code    56  ti_msp_dl_config.o(.text.SYSCFG_DL_SPI_0_init)
    SYSCFG_DL_SYSCTL_init                    0x00001f85   Thumb Code    96  ti_msp_dl_config.o(.text.SYSCFG_DL_SYSCTL_init)
    SYSCFG_DL_SYSTICK_init                   0x00001ff1   Thumb Code    36  ti_msp_dl_config.o(.text.SYSCFG_DL_SYSTICK_init)
    SYSCFG_DL_TIMER_0_init                   0x00002021   Thumb Code    36  ti_msp_dl_config.o(.text.SYSCFG_DL_TIMER_0_init)
    SYSCFG_DL_UART_0_init                    0x00002059   Thumb Code    92  ti_msp_dl_config.o(.text.SYSCFG_DL_UART_0_init)
    SYSCFG_DL_UART_1_init                    0x000020c9   Thumb Code    92  ti_msp_dl_config.o(.text.SYSCFG_DL_UART_1_init)
    SYSCFG_DL_init                           0x00002141   Thumb Code    72  ti_msp_dl_config.o(.text.SYSCFG_DL_init)
    SYSCFG_DL_initPower                      0x00002195   Thumb Code    80  ti_msp_dl_config.o(.text.SYSCFG_DL_initPower)
    SysTick_Handler                          0x00002211   Thumb Code    16  empty.o(.text.SysTick_Handler)
    TIMG0_IRQHandler                         0x00002221   Thumb Code     8  bsp_timer.o(.text.TIMG0_IRQHandler)
    UART0_IRQHandler                         0x0000222d   Thumb Code    72  bsp_uart.o(.text.UART0_IRQHandler)
    UART2_IRQHandler                         0x00002289   Thumb Code   228  bsp_uart.o(.text.UART2_IRQHandler)
    _sys_exit                                0x00002381   Thumb Code     2  bsp_uart.o(.text._sys_exit)
    delay_ms                                 0x00002385   Thumb Code    32  empty.o(.text.delay_ms)
    drv_spi_init                             0x000023a9   Thumb Code     2  drv_spi.o(.text.drv_spi_init)
    drv_spi_read_write_byte                  0x000023ad   Thumb Code    76  drv_spi.o(.text.drv_spi_read_write_byte)
    main                                     0x000023fd   Thumb Code   548  empty.o(.text.main)
    __aeabi_fcmpge                           0x000026a9   Thumb Code     0  fcmp.o(i._fgeq)
    _fgeq                                    0x000026a9   Thumb Code    22  fcmp.o(i._fgeq)
    __aeabi_fcmpgt                           0x000026bf   Thumb Code     0  fcmp.o(i._fgr)
    _fgr                                     0x000026bf   Thumb Code    22  fcmp.o(i._fgr)
    __aeabi_fcmple                           0x000026d5   Thumb Code     0  fcmp.o(i._fleq)
    _fleq                                    0x000026d5   Thumb Code    26  fcmp.o(i._fleq)
    __aeabi_fadd                             0x000026f1   Thumb Code     0  faddsub.o(x$fpl$fadd)
    _fadd                                    0x000026f1   Thumb Code   134  faddsub.o(x$fpl$fadd)
    _fcmpge                                  0x0000277d   Thumb Code    78  fgef.o(x$fpl$fgeqf)
    __aeabi_cfcmple                          0x000027d1   Thumb Code     0  flef.o(x$fpl$fleqf)
    _fcmple                                  0x000027d1   Thumb Code    78  flef.o(x$fpl$fleqf)
    __aeabi_fmul                             0x00002825   Thumb Code     0  fmul.o(x$fpl$fmul)
    _fmul                                    0x00002825   Thumb Code   172  fmul.o(x$fpl$fmul)
    __aeabi_fsub                             0x000028d5   Thumb Code     0  faddsub.o(x$fpl$fsub)
    _fsub                                    0x000028d5   Thumb Code   204  faddsub.o(x$fpl$fsub)
    __I$use$fp                               0x000029a4   Number         0  usenofp.o(x$fpl$usenofp)
    Region$$Table$$Base                      0x00002ba8   Number         0  anon$$obj.o(Region$$Table)
    Region$$Table$$Limit                     0x00002bc8   Number         0  anon$$obj.o(Region$$Table)
    spedd_max_out                            0x20200000   Data           4  empty.o(.data.spedd_max_out)
    target_pitch                             0x20200004   Data           4  empty.o(.data.target_pitch)
    target_yaw                               0x20200008   Data           4  empty.o(.data.target_yaw)
    __libspace_start                         0x20200010   Data          96  libspace.o(.bss)
    CANBusOff                                0x20200070   Data           1  bsp_can.o(.bss.CANBusOff)
    __temporary_stack_top$libspace           0x20200070   Data           0  libspace.o(.bss)
    PID_3508_L                               0x20200080   Data          36  empty.o(.bss.PID_3508_L)
    PID_3508_R                               0x202000a4   Data          36  empty.o(.bss.PID_3508_R)
    PID_6020_Pitch_Pos                       0x202000c8   Data          36  empty.o(.bss.PID_6020_Pitch_Pos)
    PID_6020_Pitch_Speed                     0x202000ec   Data          36  empty.o(.bss.PID_6020_Pitch_Speed)
    PID_6020_Yaw_Pos                         0x20200110   Data          36  empty.o(.bss.PID_6020_Yaw_Pos)
    PID_6020_Yaw_Speed                       0x20200134   Data          36  empty.o(.bss.PID_6020_Yaw_Speed)
    count                                    0x20200158   Data           1  bsp_uart.o(.bss.count)
    data_current                             0x20200159   Data           8  empty.o(.bss.data_current)
    delay_times                              0x20200164   Data           4  empty.o(.bss.delay_times)
    gCheckADC                                0x20200168   Data           1  bsp_adc.o(.bss.gCheckADC)
    gCheckUART                               0x20200169   Data           1  bsp_uart.o(.bss.gCheckUART)
    gInterruptLine1Status                    0x2020016c   Data           4  bsp_can.o(.bss.gInterruptLine1Status)
    gMCAN0Backup                             0x20200170   Data         152  ti_msp_dl_config.o(.bss.gMCAN0Backup)
    gPWM_0Backup                             0x20200208   Data         160  ti_msp_dl_config.o(.bss.gPWM_0Backup)
    gProtStatus                              0x202002a8   Data          44  bsp_can.o(.bss.gProtStatus)
    gSPI_0Backup                             0x202002d4   Data          40  ti_msp_dl_config.o(.bss.gSPI_0Backup)
    g_RF24L01RxBuffer                        0x202002fc   Data          30  nrf24l01.o(.bss.g_RF24L01RxBuffer)
    host_data                                0x2020031a   Data           6  bsp_uart.o(.bss.host_data)
    host_data_buffer                         0x20200320   Data          12  bsp_uart.o(.bss.host_data_buffer)
    i                                        0x2020032c   Data           1  empty.o(.bss.i)
    jy901p_data                              0x20200330   Data          84  jy901p.o(.bss.jy901p_data)
    motor_3508_L                             0x20200384   Data           8  bsp_can.o(.bss.motor_3508_L)
    motor_3508_R                             0x2020038c   Data           8  bsp_can.o(.bss.motor_3508_R)
    motor_6020_pitch                         0x20200394   Data           8  bsp_can.o(.bss.motor_6020_pitch)
    motor_6020_yaw                           0x2020039c   Data           8  bsp_can.o(.bss.motor_6020_yaw)
    read_buf                                 0x202003a4   Data           5  nrf24l01.o(.bss.read_buf)
    rxFS                                     0x202003ac   Data          24  bsp_can.o(.bss.rxFS)
    rxMsg                                    0x202003c4   Data         168  bsp_can.o(.bss.rxMsg)
    rxdata                                   0x2020046c   Data          11  bsp_uart.o(.bss.rxdata)
    temp_current1                            0x20200478   Data           2  empty.o(.bss.temp_current1)
    temp_current2                            0x2020047a   Data           2  empty.o(.bss.temp_current2)
    temp_current3                            0x2020047c   Data           2  empty.o(.bss.temp_current3)
    temp_current4                            0x2020047e   Data           2  empty.o(.bss.temp_current4)



==============================================================================

Memory Map of the image

  Image Entry point : 0x000000c1

  Load Region LR_IROM1 (Base: 0x00000000, Size: 0x00002bd8, Max: 0x00020000, ABSOLUTE)

    Execution Region ER_IROM1 (Exec base: 0x00000000, Load base: 0x00000000, Size: 0x00002bc8, Max: 0x00020000, ABSOLUTE)

    Exec Addr    Load Addr    Size         Type   Attr      Idx    E Section Name        Object

    0x00000000   0x00000000   0x000000c0   Data   RO           36    RESET               startup_mspm0g350x_uvision.o
    0x000000c0   0x000000c0   0x00000008   Code   RO         1144  * !!!main             c_p.l(__main.o)
    0x000000c8   0x000000c8   0x00000054   Code   RO         1419    !!!scatter          c_p.l(__scatter.o)
    0x0000011c   0x0000011c   0x00000004   PAD
    0x00000120   0x00000120   0x0000001a   Code   RO         1423    !!handler_copy      c_p.l(__scatter_copy.o)
    0x0000013a   0x0000013a   0x00000006   PAD
    0x00000140   0x00000140   0x00000002   Code   RO         1420    !!handler_null      c_p.l(__scatter.o)
    0x00000142   0x00000142   0x00000006   PAD
    0x00000148   0x00000148   0x0000001c   Code   RO         1425    !!handler_zi        c_p.l(__scatter_zi.o)
    0x00000164   0x00000164   0x00000002   Code   RO         1281    .ARM.Collect$$libinit$$00000000  c_p.l(libinit.o)
    0x00000166   0x00000166   0x00000000   Code   RO         1296    .ARM.Collect$$libinit$$00000002  c_p.l(libinit2.o)
    0x00000166   0x00000166   0x00000000   Code   RO         1298    .ARM.Collect$$libinit$$00000004  c_p.l(libinit2.o)
    0x00000166   0x00000166   0x00000000   Code   RO         1300    .ARM.Collect$$libinit$$00000006  c_p.l(libinit2.o)
    0x00000166   0x00000166   0x00000000   Code   RO         1303    .ARM.Collect$$libinit$$0000000C  c_p.l(libinit2.o)
    0x00000166   0x00000166   0x00000000   Code   RO         1305    .ARM.Collect$$libinit$$0000000E  c_p.l(libinit2.o)
    0x00000166   0x00000166   0x00000000   Code   RO         1307    .ARM.Collect$$libinit$$00000010  c_p.l(libinit2.o)
    0x00000166   0x00000166   0x00000000   Code   RO         1310    .ARM.Collect$$libinit$$00000013  c_p.l(libinit2.o)
    0x00000166   0x00000166   0x00000000   Code   RO         1312    .ARM.Collect$$libinit$$00000015  c_p.l(libinit2.o)
    0x00000166   0x00000166   0x00000000   Code   RO         1314    .ARM.Collect$$libinit$$00000017  c_p.l(libinit2.o)
    0x00000166   0x00000166   0x00000000   Code   RO         1316    .ARM.Collect$$libinit$$00000019  c_p.l(libinit2.o)
    0x00000166   0x00000166   0x00000000   Code   RO         1318    .ARM.Collect$$libinit$$0000001B  c_p.l(libinit2.o)
    0x00000166   0x00000166   0x00000000   Code   RO         1320    .ARM.Collect$$libinit$$0000001D  c_p.l(libinit2.o)
    0x00000166   0x00000166   0x00000000   Code   RO         1322    .ARM.Collect$$libinit$$0000001F  c_p.l(libinit2.o)
    0x00000166   0x00000166   0x00000000   Code   RO         1324    .ARM.Collect$$libinit$$00000021  c_p.l(libinit2.o)
    0x00000166   0x00000166   0x00000000   Code   RO         1326    .ARM.Collect$$libinit$$00000023  c_p.l(libinit2.o)
    0x00000166   0x00000166   0x00000000   Code   RO         1328    .ARM.Collect$$libinit$$00000025  c_p.l(libinit2.o)
    0x00000166   0x00000166   0x00000000   Code   RO         1330    .ARM.Collect$$libinit$$00000027  c_p.l(libinit2.o)
    0x00000166   0x00000166   0x00000000   Code   RO         1334    .ARM.Collect$$libinit$$0000002E  c_p.l(libinit2.o)
    0x00000166   0x00000166   0x00000000   Code   RO         1336    .ARM.Collect$$libinit$$00000030  c_p.l(libinit2.o)
    0x00000166   0x00000166   0x00000000   Code   RO         1338    .ARM.Collect$$libinit$$00000032  c_p.l(libinit2.o)
    0x00000166   0x00000166   0x00000000   Code   RO         1340    .ARM.Collect$$libinit$$00000034  c_p.l(libinit2.o)
    0x00000166   0x00000166   0x00000002   Code   RO         1341    .ARM.Collect$$libinit$$00000035  c_p.l(libinit2.o)
    0x00000168   0x00000168   0x00000002   Code   RO         1371    .ARM.Collect$$libshutdown$$00000000  c_p.l(libshutdown.o)
    0x0000016a   0x0000016a   0x00000000   Code   RO         1402    .ARM.Collect$$libshutdown$$00000002  c_p.l(libshutdown2.o)
    0x0000016a   0x0000016a   0x00000000   Code   RO         1404    .ARM.Collect$$libshutdown$$00000004  c_p.l(libshutdown2.o)
    0x0000016a   0x0000016a   0x00000000   Code   RO         1407    .ARM.Collect$$libshutdown$$00000007  c_p.l(libshutdown2.o)
    0x0000016a   0x0000016a   0x00000000   Code   RO         1410    .ARM.Collect$$libshutdown$$0000000A  c_p.l(libshutdown2.o)
    0x0000016a   0x0000016a   0x00000000   Code   RO         1412    .ARM.Collect$$libshutdown$$0000000C  c_p.l(libshutdown2.o)
    0x0000016a   0x0000016a   0x00000000   Code   RO         1415    .ARM.Collect$$libshutdown$$0000000F  c_p.l(libshutdown2.o)
    0x0000016a   0x0000016a   0x00000002   Code   RO         1416    .ARM.Collect$$libshutdown$$00000010  c_p.l(libshutdown2.o)
    0x0000016c   0x0000016c   0x00000000   Code   RO         1201    .ARM.Collect$$rtentry$$00000000  c_p.l(__rtentry.o)
    0x0000016c   0x0000016c   0x00000000   Code   RO         1239    .ARM.Collect$$rtentry$$00000002  c_p.l(__rtentry2.o)
    0x0000016c   0x0000016c   0x00000006   Code   RO         1251    .ARM.Collect$$rtentry$$00000004  c_p.l(__rtentry4.o)
    0x00000172   0x00000172   0x00000000   Code   RO         1241    .ARM.Collect$$rtentry$$00000009  c_p.l(__rtentry2.o)
    0x00000172   0x00000172   0x00000004   Code   RO         1242    .ARM.Collect$$rtentry$$0000000A  c_p.l(__rtentry2.o)
    0x00000176   0x00000176   0x00000000   Code   RO         1244    .ARM.Collect$$rtentry$$0000000C  c_p.l(__rtentry2.o)
    0x00000176   0x00000176   0x00000008   Code   RO         1245    .ARM.Collect$$rtentry$$0000000D  c_p.l(__rtentry2.o)
    0x0000017e   0x0000017e   0x00000002   Code   RO         1287    .ARM.Collect$$rtexit$$00000000  c_p.l(rtexit.o)
    0x00000180   0x00000180   0x00000000   Code   RO         1345    .ARM.Collect$$rtexit$$00000002  c_p.l(rtexit2.o)
    0x00000180   0x00000180   0x00000004   Code   RO         1346    .ARM.Collect$$rtexit$$00000003  c_p.l(rtexit2.o)
    0x00000184   0x00000184   0x00000006   Code   RO         1347    .ARM.Collect$$rtexit$$00000004  c_p.l(rtexit2.o)
    0x0000018a   0x0000018a   0x00000002   PAD
    0x0000018c   0x0000018c   0x00000038   Code   RO         1128    .emb_text           c_p.l(rt_memcpy.o)
    0x000001c4   0x000001c4   0x00000030   Code   RO           37    .text               startup_mspm0g350x_uvision.o
    0x000001f4   0x000001f4   0x00000082   Code   RO         1129    .text               c_p.l(rt_memcpy.o)
    0x00000276   0x00000276   0x00000040   Code   RO         1132    .text               c_p.l(rt_memclr.o)
    0x000002b6   0x000002b6   0x00000006   Code   RO         1142    .text               c_p.l(heapauxi.o)
    0x000002bc   0x000002bc   0x00000160   Code   RO         1184    .text               fz_ps.l(fdiv.o)
    0x0000041c   0x0000041c   0x0000004c   Code   RO         1187    .text               fz_ps.l(ffixi.o)
    0x00000468   0x00000468   0x0000005e   Code   RO         1189    .text               fz_ps.l(fflti.o)
    0x000004c6   0x000004c6   0x00000002   PAD
    0x000004c8   0x000004c8   0x00000064   Code   RO         1260    .text               fz_ps.l(fcmpin.o)
    0x0000052c   0x0000052c   0x00000008   Code   RO         1264    .text               c_p.l(libspace.o)
    0x00000534   0x00000534   0x0000003e   Code   RO         1267    .text               c_p.l(sys_stackheap_outer.o)
    0x00000572   0x00000572   0x00000010   Code   RO         1270    .text               c_p.l(exit.o)
    0x00000582   0x00000582   0x0000002e   Code   RO         1282    .text               fz_ps.l(cmpret.o)
    0x000005b0   0x000005b0   0x00000010   Code   RO         1284    .text               fz_ps.l(fnan2.o)
    0x000005c0   0x000005c0   0x0000005e   Code   RO         1342    .text               fz_ps.l(retnan.o)
    0x0000061e   0x0000061e   0x00000002   PAD
    0x00000620   0x00000620   0x0000001c   Code   RO          936    .text.ADC1_IRQHandler  bsp_adc.o
    0x0000063c   0x0000063c   0x000000d8   Code   RO         1063    .text.AddPID_Realize  pid.o
    0x00000714   0x00000714   0x00000008   Code   RO          932    .text.Bsp_adc_Init  bsp_adc.o
    0x0000071c   0x0000071c   0x00000020   Code   RO          857    .text.Bsp_can_Init  bsp_can.o
    0x0000073c   0x0000073c   0x00000008   Code   RO          849    .text.Bsp_key_Init  bsp_key.o
    0x00000744   0x00000744   0x00000010   Code   RO          921    .text.Bsp_timer_Init  bsp_timer.o
    0x00000754   0x00000754   0x0000005c   Code   RO          888    .text.Bsp_uart_Init  bsp_uart.o
    0x000007b0   0x000007b0   0x0000001c   Code   RO         1030    .text.Buff_Clear    nrf24l01.o
    0x000007cc   0x000007cc   0x0000005c   Code   RO          865    .text.CANFD0_IRQHandler  bsp_can.o
    0x00000828   0x00000828   0x0000005c   Code   RO          859    .text.Can0_TX       bsp_can.o
    0x00000884   0x00000884   0x000000c4   Code   RO          863    .text.Can0_rx_callback  bsp_can.o
    0x00000948   0x00000948   0x00000024   Code   RO         1052    .text.DJI_motor_fbdata  dji_motor_drv.o
    0x0000096c   0x0000096c   0x00000040   Code   RO          107    .text.DL_ADC12_setClockConfig  dl_adc12.o
    0x000009ac   0x000009ac   0x0000000a   Code   RO          156    .text.DL_Common_delayCycles  dl_common.o
    0x000009b6   0x000009b6   0x00000002   PAD
    0x000009b8   0x000009b8   0x00000044   Code   RO          203    .text.DL_DMA_initChannel  dl_dma.o
    0x000009fc   0x000009fc   0x00000030   Code   RO          450    .text.DL_MCAN_TXBufAddReq  dl_mcan.o
    0x00000a2c   0x00000a2c   0x0000002c   Code   RO          498    .text.DL_MCAN_TXBufTransIntrEnable  dl_mcan.o
    0x00000a58   0x00000a58   0x00000010   Code   RO          480    .text.DL_MCAN_clearIntrStatus  dl_mcan.o
    0x00000a68   0x00000a68   0x0000001c   Code   RO          470    .text.DL_MCAN_enableIntr  dl_mcan.o
    0x00000a84   0x00000a84   0x0000001c   Code   RO          476    .text.DL_MCAN_enableIntrLine  dl_mcan.o
    0x00000aa0   0x00000aa0   0x0000000c   Code   RO          478    .text.DL_MCAN_getIntrStatus  dl_mcan.o
    0x00000aac   0x00000aac   0x00000010   Code   RO          434    .text.DL_MCAN_getOpMode  dl_mcan.o
    0x00000abc   0x00000abc   0x00000050   Code   RO          468    .text.DL_MCAN_getProtocolStatus  dl_mcan.o
    0x00000b0c   0x00000b0c   0x00000044   Code   RO          532    .text.DL_MCAN_getRevisionId  dl_mcan.o
    0x00000b50   0x00000b50   0x00000038   Code   RO          484    .text.DL_MCAN_getRxFIFOStatus  dl_mcan.o
    0x00000b88   0x00000b88   0x000000ec   Code   RO          436    .text.DL_MCAN_init  dl_mcan.o
    0x00000c74   0x00000c74   0x00000010   Code   RO          430    .text.DL_MCAN_isMemInitDone  dl_mcan.o
    0x00000c84   0x00000c84   0x0000022c   Code   RO          444    .text.DL_MCAN_msgRAMConfig  dl_mcan.o
    0x00000eb0   0x00000eb0   0x000000f0   Code   RO          456    .text.DL_MCAN_readMsgRam  dl_mcan.o
    0x00000fa0   0x00000fa0   0x0000001c   Code   RO          472    .text.DL_MCAN_selectIntrLine  dl_mcan.o
    0x00000fbc   0x00000fbc   0x000000d8   Code   RO          442    .text.DL_MCAN_setBitTime  dl_mcan.o
    0x00001094   0x00001094   0x00000024   Code   RO          422    .text.DL_MCAN_setClockConfig  dl_mcan.o
    0x000010b8   0x000010b8   0x00000038   Code   RO          446    .text.DL_MCAN_setExtIDAndMask  dl_mcan.o
    0x000010f0   0x000010f0   0x00000018   Code   RO          432    .text.DL_MCAN_setOpMode  dl_mcan.o
    0x00001108   0x00001108   0x000000e4   Code   RO          448    .text.DL_MCAN_writeMsgRam  dl_mcan.o
    0x000011ec   0x000011ec   0x00000048   Code   RO          486    .text.DL_MCAN_writeRxFIFOAck  dl_mcan.o
    0x00001234   0x00001234   0x00000044   Code   RO          624    .text.DL_SPI_init   dl_spi.o
    0x00001278   0x00001278   0x00000012   Code   RO          626    .text.DL_SPI_setClockConfig  dl_spi.o
    0x0000128a   0x0000128a   0x00000002   PAD
    0x0000128c   0x0000128c   0x000000c4   Code   RO         1095    .text.DL_SYSCTL_configSYSPLL  driverlib.a(dl_sysctl_mspm0g1x0x_g3x0x.o)
    0x00001350   0x00001350   0x00000050   Code   RO         1109    .text.DL_SYSCTL_setHFCLKSourceHFXTParams  driverlib.a(dl_sysctl_mspm0g1x0x_g3x0x.o)
    0x000013a0   0x000013a0   0x00000028   Code   RO         1103    .text.DL_SYSCTL_switchMCLKfromSYSOSCtoHSCLK  driverlib.a(dl_sysctl_mspm0g1x0x_g3x0x.o)
    0x000013c8   0x000013c8   0x00000114   Code   RO          759    .text.DL_Timer_initFourCCPWMMode  dl_timer.o
    0x000014dc   0x000014dc   0x000000ec   Code   RO          683    .text.DL_Timer_initTimerMode  dl_timer.o
    0x000015c8   0x000015c8   0x0000001c   Code   RO          725    .text.DL_Timer_setCaptCompUpdateMethod  dl_timer.o
    0x000015e4   0x000015e4   0x00000018   Code   RO          733    .text.DL_Timer_setCaptureCompareOutCtl  dl_timer.o
    0x000015fc   0x000015fc   0x00000010   Code   RO          685    .text.DL_Timer_setCaptureCompareValue  dl_timer.o
    0x0000160c   0x0000160c   0x0000001c   Code   RO          679    .text.DL_Timer_setClockConfig  dl_timer.o
    0x00001628   0x00001628   0x00000048   Code   RO          794    .text.DL_UART_init  dl_uart.o
    0x00001670   0x00001670   0x00000012   Code   RO          796    .text.DL_UART_setClockConfig  dl_uart.o
    0x00001682   0x00001682   0x00000002   PAD
    0x00001684   0x00001684   0x0000004c   Code   RO         1032    .text.GROUP1_IRQHandler  nrf24l01.o
    0x000016d0   0x000016d0   0x000002ec   Code   RO          947    .text.JY901P_ProcessBuffer  jy901p.o
    0x000019bc   0x000019bc   0x00000020   Code   RO         1028    .text.NRF24L01_Gpio_Init_receive  nrf24l01.o
    0x000019dc   0x000019dc   0x00000084   Code   RO         1034    .text.NRF24L01_RxPacket  nrf24l01.o
    0x00001a60   0x00001a60   0x000000b8   Code   RO         1020    .text.NRF24L01_check  nrf24l01.o
    0x00001b18   0x00001b18   0x0000000a   Code   RO         1061    .text.PID_Init      pid.o
    0x00001b22   0x00001b22   0x00000002   PAD
    0x00001b24   0x00001b24   0x00000150   Code   RO         1038    .text.RF24L01_Init  nrf24l01.o
    0x00001c74   0x00001c74   0x00000050   Code   RO         1022    .text.RF24L01_Set_Mode  nrf24l01.o
    0x00001cc4   0x00001cc4   0x00000064   Code   RO           62    .text.SYSCFG_DL_ADC12_0_init  ti_msp_dl_config.o
    0x00001d28   0x00001d28   0x0000001c   Code   RO           74    .text.SYSCFG_DL_DMA_CH0_init  ti_msp_dl_config.o
    0x00001d44   0x00001d44   0x00000020   Code   RO           76    .text.SYSCFG_DL_DMA_CH1_init  ti_msp_dl_config.o
    0x00001d64   0x00001d64   0x0000000c   Code   RO           64    .text.SYSCFG_DL_DMA_init  ti_msp_dl_config.o
    0x00001d70   0x00001d70   0x00000098   Code   RO           48    .text.SYSCFG_DL_GPIO_init  ti_msp_dl_config.o
    0x00001e08   0x00001e08   0x000000c4   Code   RO           68    .text.SYSCFG_DL_MCAN0_init  ti_msp_dl_config.o
    0x00001ecc   0x00001ecc   0x0000006c   Code   RO           52    .text.SYSCFG_DL_PWM_0_init  ti_msp_dl_config.o
    0x00001f38   0x00001f38   0x0000004c   Code   RO           60    .text.SYSCFG_DL_SPI_0_init  ti_msp_dl_config.o
    0x00001f84   0x00001f84   0x0000006c   Code   RO           50    .text.SYSCFG_DL_SYSCTL_init  ti_msp_dl_config.o
    0x00001ff0   0x00001ff0   0x00000030   Code   RO           66    .text.SYSCFG_DL_SYSTICK_init  ti_msp_dl_config.o
    0x00002020   0x00002020   0x00000038   Code   RO           54    .text.SYSCFG_DL_TIMER_0_init  ti_msp_dl_config.o
    0x00002058   0x00002058   0x00000070   Code   RO           56    .text.SYSCFG_DL_UART_0_init  ti_msp_dl_config.o
    0x000020c8   0x000020c8   0x00000078   Code   RO           58    .text.SYSCFG_DL_UART_1_init  ti_msp_dl_config.o
    0x00002140   0x00002140   0x00000054   Code   RO           44    .text.SYSCFG_DL_init  ti_msp_dl_config.o
    0x00002194   0x00002194   0x0000007c   Code   RO           46    .text.SYSCFG_DL_initPower  ti_msp_dl_config.o
    0x00002210   0x00002210   0x00000010   Code   RO            8    .text.SysTick_Handler  empty.o
    0x00002220   0x00002220   0x0000000c   Code   RO          923    .text.TIMG0_IRQHandler  bsp_timer.o
    0x0000222c   0x0000222c   0x0000005c   Code   RO          894    .text.UART0_IRQHandler  bsp_uart.o
    0x00002288   0x00002288   0x000000f8   Code   RO          896    .text.UART2_IRQHandler  bsp_uart.o
    0x00002380   0x00002380   0x00000002   Code   RO          904    .text._sys_exit     bsp_uart.o
    0x00002382   0x00002382   0x00000002   PAD
    0x00002384   0x00002384   0x00000024   Code   RO            2    .text.delay_ms      empty.o
    0x000023a8   0x000023a8   0x00000002   Code   RO          962    .text.drv_spi_init  drv_spi.o
    0x000023aa   0x000023aa   0x00000002   PAD
    0x000023ac   0x000023ac   0x00000050   Code   RO          964    .text.drv_spi_read_write_byte  drv_spi.o
    0x000023fc   0x000023fc   0x000002ac   Code   RO            4    .text.main          empty.o
    0x000026a8   0x000026a8   0x00000016   Code   RO         1167    i._fgeq             fz_ps.l(fcmp.o)
    0x000026be   0x000026be   0x00000016   Code   RO         1168    i._fgr              fz_ps.l(fcmp.o)
    0x000026d4   0x000026d4   0x0000001a   Code   RO         1169    i._fleq             fz_ps.l(fcmp.o)
    0x000026ee   0x000026ee   0x00000002   PAD
    0x000026f0   0x000026f0   0x0000008c   Code   RO         1154    x$fpl$fadd          fz_ps.l(faddsub.o)
    0x0000277c   0x0000277c   0x00000054   Code   RO         1210    x$fpl$fgeqf         fz_ps.l(fgef.o)
    0x000027d0   0x000027d0   0x00000054   Code   RO         1212    x$fpl$fleqf         fz_ps.l(flef.o)
    0x00002824   0x00002824   0x000000b0   Code   RO         1191    x$fpl$fmul          fz_ps.l(fmul.o)
    0x000028d4   0x000028d4   0x000000d0   Code   RO         1156    x$fpl$fsub          fz_ps.l(faddsub.o)
    0x000029a4   0x000029a4   0x00000000   Code   RO         1216    x$fpl$usenofp       fz_ps.l(usenofp.o)
    0x000029a4   0x000029a4   0x00000040   Data   RO         1185    .constdata          fz_ps.l(fdiv.o)
    0x000029e4   0x000029e4   0x00000040   Data   RO          570    .rodata..L__const.DL_MCAN_getDataSize.dataSize  dl_mcan.o
    0x00002a24   0x00002a24   0x00000020   Data   RO          571    .rodata.cst32       dl_mcan.o
    0x00002a44   0x00002a44   0x00000008   Data   RO           92    .rodata.gADC12_0ClockConfig  ti_msp_dl_config.o
    0x00002a4c   0x00002a4c   0x00000018   Data   RO           93    .rodata.gDMA_CH0Config  ti_msp_dl_config.o
    0x00002a64   0x00002a64   0x00000018   Data   RO           94    .rodata.gDMA_CH1Config  ti_msp_dl_config.o
    0x00002a7c   0x00002a7c   0x00000020   Data   RO           97    .rodata.gMCAN0BitTimes  ti_msp_dl_config.o
    0x00002a9c   0x00002a9c   0x00000004   Data   RO           95    .rodata.gMCAN0ClockConf  ti_msp_dl_config.o
    0x00002aa0   0x00002aa0   0x00000034   Data   RO           96    .rodata.gMCAN0InitParams  ti_msp_dl_config.o
    0x00002ad4   0x00002ad4   0x00000060   Data   RO           98    .rodata.gMCAN0MsgRAMConfigParams  ti_msp_dl_config.o
    0x00002b34   0x00002b34   0x00000003   Data   RO           82    .rodata.gPWM_0ClockConfig  ti_msp_dl_config.o
    0x00002b37   0x00002b37   0x00000001   PAD
    0x00002b38   0x00002b38   0x00000008   Data   RO           83    .rodata.gPWM_0Config  ti_msp_dl_config.o
    0x00002b40   0x00002b40   0x00000002   Data   RO           90    .rodata.gSPI_0_clockConfig  ti_msp_dl_config.o
    0x00002b42   0x00002b42   0x0000000a   Data   RO           91    .rodata.gSPI_0_config  ti_msp_dl_config.o
    0x00002b4c   0x00002b4c   0x00000028   Data   RO           81    .rodata.gSYSPLLConfig  ti_msp_dl_config.o
    0x00002b74   0x00002b74   0x00000003   Data   RO           84    .rodata.gTIMER_0ClockConfig  ti_msp_dl_config.o
    0x00002b77   0x00002b77   0x00000001   PAD
    0x00002b78   0x00002b78   0x00000014   Data   RO           85    .rodata.gTIMER_0TimerConfig  ti_msp_dl_config.o
    0x00002b8c   0x00002b8c   0x00000002   Data   RO           86    .rodata.gUART_0ClockConfig  ti_msp_dl_config.o
    0x00002b8e   0x00002b8e   0x0000000a   Data   RO           87    .rodata.gUART_0Config  ti_msp_dl_config.o
    0x00002b98   0x00002b98   0x00000002   Data   RO           88    .rodata.gUART_1ClockConfig  ti_msp_dl_config.o
    0x00002b9a   0x00002b9a   0x0000000a   Data   RO           89    .rodata.gUART_1Config  ti_msp_dl_config.o
    0x00002ba4   0x00002ba4   0x00000004   PAD
    0x00002ba8   0x00002ba8   0x00000020   Data   RO         1418    Region$$Table       anon$$obj.o


    Execution Region RW_IRAM2 (Exec base: 0x20200000, Load base: 0x00002bc8, Size: 0x00000680, Max: 0x00008000, ABSOLUTE)

    Exec Addr    Load Addr    Size         Type   Attr      Idx    E Section Name        Object

    0x20200000   0x00002bc8   0x00000004   Data   RW           15    .data.spedd_max_out  empty.o
    0x20200004   0x00002bcc   0x00000004   Data   RW           17    .data.target_pitch  empty.o
    0x20200008   0x00002bd0   0x00000004   Data   RW           16    .data.target_yaw    empty.o
    0x2020000c   0x00002bd4   0x00000004   PAD
    0x20200010        -       0x00000060   Zero   RW         1265    .bss                c_p.l(libspace.o)
    0x20200070        -       0x00000001   Zero   RW          877    .bss.CANBusOff      bsp_can.o
    0x20200071        -       0x00000001   Zero   RW          952    .bss.JY901P_ProcessBuffer.expected_sum  jy901p.o
    0x20200072        -       0x0000000b   Zero   RW          953    .bss.JY901P_ProcessBuffer.packet_buffer  jy901p.o
    0x2020007d        -       0x00000001   Zero   RW          950    .bss.JY901P_ProcessBuffer.packet_index  jy901p.o
    0x2020007e        -       0x00000001   Zero   RW          951    .bss.JY901P_ProcessBuffer.parse_state  jy901p.o
    0x2020007f   0x00002bd4   0x00000001   PAD
    0x20200080        -       0x00000024   Zero   RW           19    .bss.PID_3508_L     empty.o
    0x202000a4        -       0x00000024   Zero   RW           20    .bss.PID_3508_R     empty.o
    0x202000c8        -       0x00000024   Zero   RW           23    .bss.PID_6020_Pitch_Pos  empty.o
    0x202000ec        -       0x00000024   Zero   RW           24    .bss.PID_6020_Pitch_Speed  empty.o
    0x20200110        -       0x00000024   Zero   RW           21    .bss.PID_6020_Yaw_Pos  empty.o
    0x20200134        -       0x00000024   Zero   RW           22    .bss.PID_6020_Yaw_Speed  empty.o
    0x20200158        -       0x00000001   Zero   RW          911    .bss.count          bsp_uart.o
    0x20200159        -       0x00000008   Zero   RW           18    .bss.data_current   empty.o
    0x20200161   0x00002bd4   0x00000003   PAD
    0x20200164        -       0x00000004   Zero   RW           10    .bss.delay_times    empty.o
    0x20200168        -       0x00000001   Zero   RW          938    .bss.gCheckADC      bsp_adc.o
    0x20200169        -       0x00000001   Zero   RW          906    .bss.gCheckUART     bsp_uart.o
    0x2020016a   0x00002bd4   0x00000002   PAD
    0x2020016c        -       0x00000004   Zero   RW          878    .bss.gInterruptLine1Status  bsp_can.o
    0x20200170        -       0x00000098   Zero   RW           80    .bss.gMCAN0Backup   ti_msp_dl_config.o
    0x20200208        -       0x000000a0   Zero   RW           78    .bss.gPWM_0Backup   ti_msp_dl_config.o
    0x202002a8        -       0x0000002c   Zero   RW          879    .bss.gProtStatus    bsp_can.o
    0x202002d4        -       0x00000028   Zero   RW           79    .bss.gSPI_0Backup   ti_msp_dl_config.o
    0x202002fc        -       0x0000001e   Zero   RW         1043    .bss.g_RF24L01RxBuffer  nrf24l01.o
    0x2020031a        -       0x00000006   Zero   RW          910    .bss.host_data      bsp_uart.o
    0x20200320        -       0x0000000c   Zero   RW          909    .bss.host_data_buffer  bsp_uart.o
    0x2020032c        -       0x00000001   Zero   RW           25    .bss.i              empty.o
    0x2020032d   0x00002bd4   0x00000003   PAD
    0x20200330        -       0x00000054   Zero   RW          949    .bss.jy901p_data    jy901p.o
    0x20200384        -       0x00000008   Zero   RW          871    .bss.motor_3508_L   bsp_can.o
    0x2020038c        -       0x00000008   Zero   RW          872    .bss.motor_3508_R   bsp_can.o
    0x20200394        -       0x00000008   Zero   RW          874    .bss.motor_6020_pitch  bsp_can.o
    0x2020039c        -       0x00000008   Zero   RW          873    .bss.motor_6020_yaw  bsp_can.o
    0x202003a4        -       0x00000005   Zero   RW         1042    .bss.read_buf       nrf24l01.o
    0x202003a9   0x00002bd4   0x00000003   PAD
    0x202003ac        -       0x00000018   Zero   RW          875    .bss.rxFS           bsp_can.o
    0x202003c4        -       0x000000a8   Zero   RW          876    .bss.rxMsg          bsp_can.o
    0x2020046c        -       0x0000000b   Zero   RW          908    .bss.rxdata         bsp_uart.o
    0x20200477   0x00002bd4   0x00000001   PAD
    0x20200478        -       0x00000002   Zero   RW           11    .bss.temp_current1  empty.o
    0x2020047a        -       0x00000002   Zero   RW           12    .bss.temp_current2  empty.o
    0x2020047c        -       0x00000002   Zero   RW           13    .bss.temp_current3  empty.o
    0x2020047e        -       0x00000002   Zero   RW           14    .bss.temp_current4  empty.o
    0x20200480        -       0x00000100   Zero   RW           35    HEAP                startup_mspm0g350x_uvision.o
    0x20200580        -       0x00000100   Zero   RW           34    STACK               startup_mspm0g350x_uvision.o



  Load Region LR_BCR (Base: 0x41c00000, Size: 0x00000000, Max: 0x00000100, ABSOLUTE)

    Execution Region BCR_CONFIG (Exec base: 0x41c00000, Load base: 0x41c00000, Size: 0x00000000, Max: 0x000000ff, ABSOLUTE)

    **** No section assigned to this execution region ****



  Load Region LR_BSL (Base: 0x41c00100, Size: 0x00000000, Max: 0x00000100, ABSOLUTE)

    Execution Region BSL_CONFIG (Exec base: 0x41c00100, Load base: 0x41c00100, Size: 0x00000000, Max: 0x00000080, ABSOLUTE)

    **** No section assigned to this execution region ****


==============================================================================

Image component sizes


      Code (inc. data)   RO Data    RW Data    ZI Data      Debug   Object Name

        36          8          0          0          1       5900   bsp_adc.o
       412         60          0          0        273       9898   bsp_can.o
         8          0          0          0          0       2094   bsp_key.o
        28          4          0          0          0       5392   bsp_timer.o
       434         68          0          0         31      11049   bsp_uart.o
        36          0          0          0          0        977   dji_motor_drv.o
        64          8          0          0          0       4595   dl_adc12.o
        10          0          0          0          0        616   dl_common.o
        68          4          0          0          0       4448   dl_dma.o
      2104        152         96          0          0      60896   dl_mcan.o
        86          8          0          0          0      16118   dl_spi.o
       608        188          0          0          0      38324   dl_timer.o
        90          8          0          0          0      14783   dl_uart.o
        82          4          0          0          0       8313   drv_spi.o
       736        140          0         12        237       6204   empty.o
       748         44          0          0         98       3627   jy901p.o
       868         44          0          0         35      22848   nrf24l01.o
       226          4          0          0          0       1568   pid.o
        48         22        192          0        512        680   startup_mspm0g350x_uvision.o
      1356        320        350          0        352      46037   ti_msp_dl_config.o

    ----------------------------------------------------------------------
      8060       1086        676         12       1556     264367   Object Totals
         0          0         32          0          0          0   (incl. Generated)
        12          0          6          0         17          0   (incl. Padding)

    ----------------------------------------------------------------------

      Code (inc. data)   RO Data    RW Data    ZI Data      Debug   Library Member Name

         8          0          0          0          0         68   __main.o
         0          0          0          0          0          0   __rtentry.o
        12          0          0          0          0          0   __rtentry2.o
         6          0          0          0          0          0   __rtentry4.o
        86         10          0          0          0          0   __scatter.o
        26          0          0          0          0          0   __scatter_copy.o
        28          0          0          0          0          0   __scatter_zi.o
        16          0          0          0          0         68   exit.o
         6          0          0          0          0        136   heapauxi.o
         2          0          0          0          0          0   libinit.o
         2          0          0          0          0          0   libinit2.o
         2          0          0          0          0          0   libshutdown.o
         2          0          0          0          0          0   libshutdown2.o
         8          4          0          0         96         68   libspace.o
        64          0          0          0          0        108   rt_memclr.o
       186          0          0          0          0        144   rt_memcpy.o
         2          0          0          0          0          0   rtexit.o
        10          0          0          0          0          0   rtexit2.o
        62          0          0          0          0         80   sys_stackheap_outer.o
       316         28          0          0          0      12865   dl_sysctl_mspm0g1x0x_g3x0x.o
        46          0          0          0          0         60   cmpret.o
       348          8          0          0          0        160   faddsub.o
        70          0          0          0          0        204   fcmp.o
       100          4          0          0          0         68   fcmpin.o
       352         10         64          0          0         92   fdiv.o
        76          0          0          0          0         68   ffixi.o
        94          0          0          0          0         92   fflti.o
        84          4          0          0          0         76   fgef.o
        84          4          0          0          0         76   flef.o
       176          4          0          0          0         80   fmul.o
        16          6          0          0          0         68   fnan2.o
        94          0          0          0          0         68   retnan.o
         0          0          0          0          0          0   usenofp.o

    ----------------------------------------------------------------------
      2408         86         64          0         96      14649   Library Totals
        24          4          0          0          0          0   (incl. Padding)

    ----------------------------------------------------------------------

      Code (inc. data)   RO Data    RW Data    ZI Data      Debug   Library Name

       528         14          0          0         96        672   c_p.l
       316         28          0          0          0      12865   driverlib.a
      1540         40         64          0          0       1112   fz_ps.l

    ----------------------------------------------------------------------
      2408         86         64          0         96      14649   Library Totals

    ----------------------------------------------------------------------

==============================================================================


      Code (inc. data)   RO Data    RW Data    ZI Data      Debug   

     10468       1172        740         12       1652     277868   Grand Totals
     10468       1172        740         12       1652     277868   ELF Image Totals
     10468       1172        740         12          0          0   ROM Totals

==============================================================================

    Total RO  Size (Code + RO Data)                11208 (  10.95kB)
    Total RW  Size (RW Data + ZI Data)              1664 (   1.62kB)
    Total ROM Size (Code + RO Data + RW Data)      11220 (  10.96kB)

==============================================================================

