Component: Arm Compiler for Embedded 6.23 Tool: armlink [5f102400]

==============================================================================

Section Cross References

    empty.o(.ARM.exidx.text.delay_us) refers to empty.o(.text.delay_us) for [Anonymous Symbol]
    empty.o(.text.delay_ms) refers to empty.o(.bss.delay_times) for delay_times
    empty.o(.ARM.exidx.text.delay_ms) refers to empty.o(.text.delay_ms) for [Anonymous Symbol]
    empty.o(.text.Map_8192_To_Yaw) refers to fmul.o(x$fpl$fmul) for __aeabi_fmul
    empty.o(.ARM.exidx.text.Map_8192_To_Yaw) refers to empty.o(.text.Map_8192_To_Yaw) for [Anonymous Symbol]
    empty.o(.text.Calculate_Patrol_Angles) refers to fmul.o(x$fpl$fmul) for __aeabi_fmul
    empty.o(.text.Calculate_Patrol_Angles) refers to empty.o(.data.patrol_angles) for [Anonymous Symbol]
    empty.o(.ARM.exidx.text.Calculate_Patrol_Angles) refers to empty.o(.text.Calculate_Patrol_Angles) for [Anonymous Symbol]
    empty.o(.text.Find_Next_Patrol_Step) refers to fcmp.o(i._fleq) for __aeabi_fcmple
    empty.o(.text.Find_Next_Patrol_Step) refers to fcmp.o(i._fls) for __aeabi_fcmplt
    empty.o(.text.Find_Next_Patrol_Step) refers to fcmp.o(i._fgr) for __aeabi_fcmpgt
    empty.o(.text.Find_Next_Patrol_Step) refers to empty.o(.data.patrol_angles) for [Anonymous Symbol]
    empty.o(.ARM.exidx.text.Find_Next_Patrol_Step) refers to empty.o(.text.Find_Next_Patrol_Step) for [Anonymous Symbol]
    empty.o(.text.Init_Patrol_Mode) refers to empty.o(.data.patrol_angles) for [Anonymous Symbol]
    empty.o(.text.Init_Patrol_Mode) refers to empty.o(.bss.patrol_moving) for [Anonymous Symbol]
    empty.o(.text.Init_Patrol_Mode) refers to empty.o(.bss.patrol_timer) for [Anonymous Symbol]
    empty.o(.text.Init_Patrol_Mode) refers to empty.o(.data.target_pitch) for target_pitch
    empty.o(.text.Init_Patrol_Mode) refers to empty.o(.bss.PID_6020_Pitch_Pos) for PID_6020_Pitch_Pos
    empty.o(.text.Init_Patrol_Mode) refers to empty.o(.bss.PID_6020_Yaw_Pos) for PID_6020_Yaw_Pos
    empty.o(.text.Init_Patrol_Mode) refers to empty.o(.bss.PID_6020_Yaw_Speed) for PID_6020_Yaw_Speed
    empty.o(.text.Init_Patrol_Mode) refers to empty.o(.bss.PID_6020_Pitch_Speed) for PID_6020_Pitch_Speed
    empty.o(.text.Init_Patrol_Mode) refers to bsp_can.o(.bss.motor_6020_yaw) for motor_6020_yaw
    empty.o(.text.Init_Patrol_Mode) refers to empty.o(.bss.patrol_step) for [Anonymous Symbol]
    empty.o(.text.Init_Patrol_Mode) refers to empty.o(.bss.patrol_target) for [Anonymous Symbol]
    empty.o(.text.Init_Patrol_Mode) refers to empty.o(.data.target_yaw) for target_yaw
    empty.o(.ARM.exidx.text.Init_Patrol_Mode) refers to empty.o(.text.Init_Patrol_Mode) for [Anonymous Symbol]
    empty.o(.text.Is_Angle_Reached) refers to faddsub.o(x$fpl$fsub) for __aeabi_fsub
    empty.o(.text.Is_Angle_Reached) refers to fcmp.o(i._fgr) for __aeabi_fcmpgt
    empty.o(.text.Is_Angle_Reached) refers to fcmp.o(i._fls) for __aeabi_fcmplt
    empty.o(.ARM.exidx.text.Is_Angle_Reached) refers to empty.o(.text.Is_Angle_Reached) for [Anonymous Symbol]
    empty.o(.text.Patrol_Mode_Control) refers to fflti.o(.text) for __aeabi_ui2f
    empty.o(.text.Patrol_Mode_Control) refers to faddsub.o(x$fpl$fsub) for __aeabi_fsub
    empty.o(.text.Patrol_Mode_Control) refers to fcmp.o(i._fgr) for __aeabi_fcmpgt
    empty.o(.text.Patrol_Mode_Control) refers to fcmp.o(i._fls) for __aeabi_fcmplt
    empty.o(.text.Patrol_Mode_Control) refers to empty.o(.bss.patrol_timer) for [Anonymous Symbol]
    empty.o(.text.Patrol_Mode_Control) refers to empty.o(.bss.patrol_moving) for [Anonymous Symbol]
    empty.o(.text.Patrol_Mode_Control) refers to bsp_can.o(.bss.motor_6020_yaw) for motor_6020_yaw
    empty.o(.text.Patrol_Mode_Control) refers to empty.o(.bss.patrol_target) for [Anonymous Symbol]
    empty.o(.text.Patrol_Mode_Control) refers to empty.o(.bss.patrol_step) for [Anonymous Symbol]
    empty.o(.text.Patrol_Mode_Control) refers to empty.o(.data.patrol_angles) for [Anonymous Symbol]
    empty.o(.text.Patrol_Mode_Control) refers to empty.o(.data.target_yaw) for target_yaw
    empty.o(.text.Patrol_Mode_Control) refers to empty.o(.bss.PID_6020_Yaw_Pos) for PID_6020_Yaw_Pos
    empty.o(.ARM.exidx.text.Patrol_Mode_Control) refers to empty.o(.text.Patrol_Mode_Control) for [Anonymous Symbol]
    empty.o(.text.main) refers to ti_msp_dl_config.o(.text.SYSCFG_DL_init) for SYSCFG_DL_init
    empty.o(.text.main) refers to bsp_key.o(.text.Bsp_key_Init) for Bsp_key_Init
    empty.o(.text.main) refers to bsp_can.o(.text.Bsp_can_Init) for Bsp_can_Init
    empty.o(.text.main) refers to pid.o(.text.PID_Init) for PID_Init
    empty.o(.text.main) refers to bsp_uart.o(.text.Bsp_uart_Init) for Bsp_uart_Init
    empty.o(.text.main) refers to bsp_timer.o(.text.Bsp_timer_Init) for Bsp_timer_Init
    empty.o(.text.main) refers to bsp_adc.o(.text.Bsp_adc_Init) for Bsp_adc_Init
    empty.o(.text.main) refers to encoder.o(.text.Encoder_Init) for Encoder_Init
[...]
    __arm_cp.14_0                            0x000020b4   Number         4  ti_msp_dl_config.o(.text.SYSCFG_DL_MCAN0_init)
    __arm_cp.14_1                            0x000020b8   Number         4  ti_msp_dl_config.o(.text.SYSCFG_DL_MCAN0_init)
    __arm_cp.14_2                            0x000020bc   Number         4  ti_msp_dl_config.o(.text.SYSCFG_DL_MCAN0_init)
    __arm_cp.14_3                            0x000020c0   Number         4  ti_msp_dl_config.o(.text.SYSCFG_DL_MCAN0_init)
    __arm_cp.14_4                            0x000020c4   Number         4  ti_msp_dl_config.o(.text.SYSCFG_DL_MCAN0_init)
    __arm_cp.14_5                            0x000020c8   Number         4  ti_msp_dl_config.o(.text.SYSCFG_DL_MCAN0_init)
    __arm_cp.14_6                            0x000020cc   Number         4  ti_msp_dl_config.o(.text.SYSCFG_DL_MCAN0_init)
    __arm_cp.14_7                            0x000020d0   Number         4  ti_msp_dl_config.o(.text.SYSCFG_DL_MCAN0_init)
    __arm_cp.14_8                            0x000020d4   Number         4  ti_msp_dl_config.o(.text.SYSCFG_DL_MCAN0_init)
    __arm_cp.14_9                            0x000020d8   Number         4  ti_msp_dl_config.o(.text.SYSCFG_DL_MCAN0_init)
    [Anonymous Symbol]                       0x000020dc   Section        0  ti_msp_dl_config.o(.text.SYSCFG_DL_QEI_0_init)
    __arm_cp.4_0                             0x00002110   Number         4  ti_msp_dl_config.o(.text.SYSCFG_DL_QEI_0_init)
    __arm_cp.4_1                             0x00002114   Number         4  ti_msp_dl_config.o(.text.SYSCFG_DL_QEI_0_init)
    __arm_cp.4_2                             0x00002118   Number         4  ti_msp_dl_config.o(.text.SYSCFG_DL_QEI_0_init)
    __arm_cp.4_3                             0x0000211c   Number         4  ti_msp_dl_config.o(.text.SYSCFG_DL_QEI_0_init)
    __arm_cp.4_4                             0x00002120   Number         4  ti_msp_dl_config.o(.text.SYSCFG_DL_QEI_0_init)
    __arm_cp.4_5                             0x00002124   Number         4  ti_msp_dl_config.o(.text.SYSCFG_DL_QEI_0_init)
    __arm_cp.4_6                             0x00002128   Number         4  ti_msp_dl_config.o(.text.SYSCFG_DL_QEI_0_init)
    __arm_cp.4_7                             0x0000212c   Number         4  ti_msp_dl_config.o(.text.SYSCFG_DL_QEI_0_init)
    [Anonymous Symbol]                       0x00002130   Section        0  ti_msp_dl_config.o(.text.SYSCFG_DL_SPI_0_init)
    __arm_cp.10_0                            0x00002168   Number         4  ti_msp_dl_config.o(.text.SYSCFG_DL_SPI_0_init)
    __arm_cp.10_1                            0x0000216c   Number         4  ti_msp_dl_config.o(.text.SYSCFG_DL_SPI_0_init)
    __arm_cp.10_2                            0x00002170   Number         4  ti_msp_dl_config.o(.text.SYSCFG_DL_SPI_0_init)
    __arm_cp.10_3                            0x00002174   Number         4  ti_msp_dl_config.o(.text.SYSCFG_DL_SPI_0_init)
    __arm_cp.10_4                            0x00002178   Number         4  ti_msp_dl_config.o(.text.SYSCFG_DL_SPI_0_init)
    [Anonymous Symbol]                       0x0000217c   Section        0  ti_msp_dl_config.o(.text.SYSCFG_DL_SYSCTL_init)
    __arm_cp.3_0                             0x000021dc   Number         4  ti_msp_dl_config.o(.text.SYSCFG_DL_SYSCTL_init)
    __arm_cp.3_1                             0x000021e0   Number         4  ti_msp_dl_config.o(.text.SYSCFG_DL_SYSCTL_init)
    __arm_cp.3_2                             0x000021e4   Number         4  ti_msp_dl_config.o(.text.SYSCFG_DL_SYSCTL_init)
    [Anonymous Symbol]                       0x000021e8   Section        0  ti_msp_dl_config.o(.text.SYSCFG_DL_SYSTICK_init)
    __arm_cp.13_0                            0x0000220c   Number         4  ti_msp_dl_config.o(.text.SYSCFG_DL_SYSTICK_init)
    __arm_cp.13_1                            0x00002210   Number         4  ti_msp_dl_config.o(.text.SYSCFG_DL_SYSTICK_init)
    __arm_cp.13_2                            0x00002214   Number         4  ti_msp_dl_config.o(.text.SYSCFG_DL_SYSTICK_init)
    [Anonymous Symbol]                       0x00002218   Section        0  ti_msp_dl_config.o(.text.SYSCFG_DL_TIMER_0_init)
    __arm_cp.5_0                             0x0000223c   Number         4  ti_msp_dl_config.o(.text.SYSCFG_DL_TIMER_0_init)
    __arm_cp.5_1                             0x00002240   Number         4  ti_msp_dl_config.o(.text.SYSCFG_DL_TIMER_0_init)
    __arm_cp.5_2                             0x00002244   Number         4  ti_msp_dl_config.o(.text.SYSCFG_DL_TIMER_0_init)
    __arm_cp.5_3                             0x00002248   Number         4  ti_msp_dl_config.o(.text.SYSCFG_DL_TIMER_0_init)
    __arm_cp.5_4                             0x0000224c   Number         4  ti_msp_dl_config.o(.text.SYSCFG_DL_TIMER_0_init)
    [Anonymous Symbol]                       0x00002250   Section        0  ti_msp_dl_config.o(.text.SYSCFG_DL_TIMER_Encoder_init)
    __arm_cp.6_0                             0x00002274   Number         4  ti_msp_dl_config.o(.text.SYSCFG_DL_TIMER_Encoder_init)
    __arm_cp.6_1                             0x00002278   Number         4  ti_msp_dl_config.o(.text.SYSCFG_DL_TIMER_Encoder_init)
    __arm_cp.6_2                             0x0000227c   Number         4  ti_msp_dl_config.o(.text.SYSCFG_DL_TIMER_Encoder_init)
    __arm_cp.6_3                             0x00002280   Number         4  ti_msp_dl_config.o(.text.SYSCFG_DL_TIMER_Encoder_init)
    __arm_cp.6_4                             0x00002284   Number         4  ti_msp_dl_config.o(.text.SYSCFG_DL_TIMER_Encoder_init)
    [Anonymous Symbol]                       0x00002288   Section        0  ti_msp_dl_config.o(.text.SYSCFG_DL_TIMER_IMU_init)
    __arm_cp.7_0                             0x000022ac   Number         4  ti_msp_dl_config.o(.text.SYSCFG_DL_TIMER_IMU_init)
    __arm_cp.7_1                             0x000022b0   Number         4  ti_msp_dl_config.o(.text.SYSCFG_DL_TIMER_IMU_init)
    __arm_cp.7_2                             0x000022b4   Number         4  ti_msp_dl_config.o(.text.SYSCFG_DL_TIMER_IMU_init)
    __arm_cp.7_3                             0x000022b8   Number         4  ti_msp_dl_config.o(.text.SYSCFG_DL_TIMER_IMU_init)
    __arm_cp.7_4                             0x000022bc   Number         4  ti_msp_dl_config.o(.text.SYSCFG_DL_TIMER_IMU_init)
    [Anonymous Symbol]                       0x000022c0   Section        0  ti_msp_dl_config.o(.text.SYSCFG_DL_UART_0_init)
    __arm_cp.8_0                             0x0000231c   Number         4  ti_msp_dl_config.o(.text.SYSCFG_DL_UART_0_init)
    __arm_cp.8_1                             0x00002320   Number         4  ti_msp_dl_config.o(.text.SYSCFG_DL_UART_0_init)
    __arm_cp.8_2                             0x00002324   Number         4  ti_msp_dl_config.o(.text.SYSCFG_DL_UART_0_init)
    __arm_cp.8_3                             0x00002328   Number         4  ti_msp_dl_config.o(.text.SYSCFG_DL_UART_0_init)
    __arm_cp.8_5                             0x0000232c   Number         4  ti_msp_dl_config.o(.text.SYSCFG_DL_UART_0_init)
    [Anonymous Symbol]                       0x00002330   Section        0  ti_msp_dl_config.o(.text.SYSCFG_DL_UART_1_init)
    __arm_cp.9_0                             0x0000238c   Number         4  ti_msp_dl_config.o(.text.SYSCFG_DL_UART_1_init)
    __arm_cp.9_1                             0x00002390   Number         4  ti_msp_dl_config.o(.text.SYSCFG_DL_UART_1_init)
    __arm_cp.9_2                             0x00002394   Number         4  ti_msp_dl_config.o(.text.SYSCFG_DL_UART_1_init)
    __arm_cp.9_3                             0x00002398   Number         4  ti_msp_dl_config.o(.text.SYSCFG_DL_UART_1_init)
    __arm_cp.9_4                             0x0000239c   Number         4  ti_msp_dl_config.o(.text.SYSCFG_DL_UART_1_init)
    __arm_cp.9_5                             0x000023a0   Number         4  ti_msp_dl_config.o(.text.SYSCFG_DL_UART_1_init)
    __arm_cp.9_6                             0x000023a4   Number         4  ti_msp_dl_config.o(.text.SYSCFG_DL_UART_1_init)
    [Anonymous Symbol]                       0x000023a8   Section        0  ti_msp_dl_config.o(.text.SYSCFG_DL_init)
    __arm_cp.0_0                             0x00002400   Number         4  ti_msp_dl_config.o(.text.SYSCFG_DL_init)
    __arm_cp.0_1                             0x00002404   Number         4  ti_msp_dl_config.o(.text.SYSCFG_DL_init)
    __arm_cp.0_2                             0x00002408   Number         4  ti_msp_dl_config.o(.text.SYSCFG_DL_init)
    __arm_cp.0_3                             0x0000240c   Number         4  ti_msp_dl_config.o(.text.SYSCFG_DL_init)
    __arm_cp.0_4                             0x00002410   Number         4  ti_msp_dl_config.o(.text.SYSCFG_DL_init)
    [Anonymous Symbol]                       0x00002414   Section        0  ti_msp_dl_config.o(.text.SYSCFG_DL_initPower)
    __arm_cp.1_0                             0x00002474   Number         4  ti_msp_dl_config.o(.text.SYSCFG_DL_initPower)
    __arm_cp.1_1                             0x00002478   Number         4  ti_msp_dl_config.o(.text.SYSCFG_DL_initPower)
    __arm_cp.1_2                             0x0000247c   Number         4  ti_msp_dl_config.o(.text.SYSCFG_DL_initPower)
    __arm_cp.1_3                             0x00002480   Number         4  ti_msp_dl_config.o(.text.SYSCFG_DL_initPower)
    __arm_cp.1_4                             0x00002484   Number         4  ti_msp_dl_config.o(.text.SYSCFG_DL_initPower)
    __arm_cp.1_5                             0x00002488   Number         4  ti_msp_dl_config.o(.text.SYSCFG_DL_initPower)
    __arm_cp.1_6                             0x0000248c   Number         4  ti_msp_dl_config.o(.text.SYSCFG_DL_initPower)
    __arm_cp.1_7                             0x00002490   Number         4  ti_msp_dl_config.o(.text.SYSCFG_DL_initPower)
    __arm_cp.1_8                             0x00002494   Number         4  ti_msp_dl_config.o(.text.SYSCFG_DL_initPower)
    __arm_cp.1_9                             0x00002498   Number         4  ti_msp_dl_config.o(.text.SYSCFG_DL_initPower)
    __arm_cp.1_10                            0x0000249c   Number         4  ti_msp_dl_config.o(.text.SYSCFG_DL_initPower)
    __arm_cp.1_11                            0x000024a0   Number         4  ti_msp_dl_config.o(.text.SYSCFG_DL_initPower)
    __arm_cp.1_12                            0x000024a4   Number         4  ti_msp_dl_config.o(.text.SYSCFG_DL_initPower)
    [Anonymous Symbol]                       0x000024a8   Section        0  empty.o(.text.SysTick_Handler)
    __arm_cp.9_0                             0x000024b8   Number         4  empty.o(.text.SysTick_Handler)
    [Anonymous Symbol]                       0x000024bc   Section        0  bsp_timer.o(.text.TIMG0_IRQHandler)
    __arm_cp.1_0                             0x000024dc   Number         4  bsp_timer.o(.text.TIMG0_IRQHandler)
    __arm_cp.1_1                             0x000024e0   Number         4  bsp_timer.o(.text.TIMG0_IRQHandler)
    __arm_cp.1_2                             0x000024e4   Number         4  bsp_timer.o(.text.TIMG0_IRQHandler)
    __arm_cp.1_3                             0x000024e8   Number         4  bsp_timer.o(.text.TIMG0_IRQHandler)
    __arm_cp.1_4                             0x000024ec   Number         4  bsp_timer.o(.text.TIMG0_IRQHandler)
    [Anonymous Symbol]                       0x000024f0   Section        0  encoder.o(.text.TIMG6_IRQHandler)
    __arm_cp.2_0                             0x0000250c   Number         4  encoder.o(.text.TIMG6_IRQHandler)
    __arm_cp.2_1                             0x00002510   Number         4  encoder.o(.text.TIMG6_IRQHandler)
    __arm_cp.2_2                             0x00002514   Number         4  encoder.o(.text.TIMG6_IRQHandler)
    __arm_cp.2_3                             0x00002518   Number         4  encoder.o(.text.TIMG6_IRQHandler)
    [Anonymous Symbol]                       0x0000251c   Section        0  bsp_uart.o(.text.UART0_IRQHandler)
    __arm_cp.3_0                             0x00002564   Number         4  bsp_uart.o(.text.UART0_IRQHandler)
    __arm_cp.3_1                             0x00002568   Number         4  bsp_uart.o(.text.UART0_IRQHandler)
    __arm_cp.3_2                             0x0000256c   Number         4  bsp_uart.o(.text.UART0_IRQHandler)
    __arm_cp.3_3                             0x00002570   Number         4  bsp_uart.o(.text.UART0_IRQHandler)
    __arm_cp.3_4                             0x00002574   Number         4  bsp_uart.o(.text.UART0_IRQHandler)
    [Anonymous Symbol]                       0x00002578   Section        0  bsp_uart.o(.text.UART2_IRQHandler)
    __arm_cp.5_0                             0x00002730   Number         4  bsp_uart.o(.text.UART2_IRQHandler)
    __arm_cp.5_1                             0x00002734   Number         4  bsp_uart.o(.text.UART2_IRQHandler)
    __arm_cp.5_2                             0x00002738   Number         4  bsp_uart.o(.text.UART2_IRQHandler)
    __arm_cp.5_3                             0x0000273c   Number         4  bsp_uart.o(.text.UART2_IRQHandler)
    __arm_cp.5_4                             0x00002740   Number         4  bsp_uart.o(.text.UART2_IRQHandler)
    __arm_cp.5_5                             0x00002744   Number         4  bsp_uart.o(.text.UART2_IRQHandler)
    [Anonymous Symbol]                       0x00002748   Section        0  bsp_uart.o(.text._sys_exit)
    [Anonymous Symbol]                       0x0000274c   Section        0  empty.o(.text.main)
    __arm_cp.8_0                             0x00002aec   Number         4  empty.o(.text.main)
    __arm_cp.8_1                             0x00002af0   Number         4  empty.o(.text.main)
    __arm_cp.8_2                             0x00002af4   Number         4  empty.o(.text.main)
    __arm_cp.8_3                             0x00002af8   Number         4  empty.o(.text.main)
    __arm_cp.8_4                             0x00002afc   Number         4  empty.o(.text.main)
    __arm_cp.8_5                             0x00002b00   Number         4  empty.o(.text.main)
    __arm_cp.8_6                             0x00002b04   Number         4  empty.o(.text.main)
    __arm_cp.8_7                             0x00002b08   Number         4  empty.o(.text.main)
    __arm_cp.8_8                             0x00002b0c   Number         4  empty.o(.text.main)
    __arm_cp.8_9                             0x00002b10   Number         4  empty.o(.text.main)
    __arm_cp.8_10                            0x00002b14   Number         4  empty.o(.text.main)
    __arm_cp.8_11                            0x00002b18   Number         4  empty.o(.text.main)
    __arm_cp.8_12                            0x00002b1c   Number         4  empty.o(.text.main)
    __arm_cp.8_13                            0x00002b20   Number         4  empty.o(.text.main)
    __arm_cp.8_14                            0x00002b24   Number         4  empty.o(.text.main)
    __arm_cp.8_15                            0x00002b28   Number         4  empty.o(.text.main)
    __arm_cp.8_16                            0x00002b2c   Number         4  empty.o(.text.main)
    __arm_cp.8_17                            0x00002b30   Number         4  empty.o(.text.main)
    __arm_cp.8_18                            0x00002b34   Number         4  empty.o(.text.main)
    __arm_cp.8_19                            0x00002b38   Number         4  empty.o(.text.main)
    __arm_cp.8_20                            0x00002b3c   Number         4  empty.o(.text.main)
    __arm_cp.8_21                            0x00002b40   Number         4  empty.o(.text.main)
    __arm_cp.8_22                            0x00002b44   Number         4  empty.o(.text.main)
    __arm_cp.8_23                            0x00002b48   Number         4  empty.o(.text.main)
    __arm_cp.8_24                            0x00002b4c   Number         4  empty.o(.text.main)
    __arm_cp.8_25                            0x00002b50   Number         4  empty.o(.text.main)
    __arm_cp.8_26                            0x00002b54   Number         4  empty.o(.text.main)
    __arm_cp.8_27                            0x00002b58   Number         4  empty.o(.text.main)
    __arm_cp.8_28                            0x00002b5c   Number         4  empty.o(.text.main)
    __arm_cp.8_29                            0x00002b60   Number         4  empty.o(.text.main)
    __arm_cp.8_30                            0x00002b64   Number         4  empty.o(.text.main)
    __arm_cp.8_31                            0x00002b68   Number         4  empty.o(.text.main)
    __arm_cp.8_32                            0x00002b6c   Number         4  empty.o(.text.main)
    __arm_cp.8_33                            0x00002b70   Number         4  empty.o(.text.main)
    __arm_cp.8_34                            0x00002b74   Number         4  empty.o(.text.main)
    __arm_cp.8_35                            0x00002b78   Number         4  empty.o(.text.main)
    __arm_cp.8_36                            0x00002b7c   Number         4  empty.o(.text.main)
    __arm_cp.8_37                            0x00002b80   Number         4  empty.o(.text.main)
    __arm_cp.8_38                            0x00002b84   Number         4  empty.o(.text.main)
    __arm_cp.8_39                            0x00002b88   Number         4  empty.o(.text.main)
    __arm_cp.8_40                            0x00002b8c   Number         4  empty.o(.text.main)
    __arm_cp.8_41                            0x00002b90   Number         4  empty.o(.text.main)
    __arm_cp.8_42                            0x00002b94   Number         4  empty.o(.text.main)
    __arm_cp.8_43                            0x00002b98   Number         4  empty.o(.text.main)
    __arm_cp.8_44                            0x00002b9c   Number         4  empty.o(.text.main)
    __arm_cp.8_45                            0x00002ba0   Number         4  empty.o(.text.main)
    __arm_cp.8_46                            0x00002ba4   Number         4  empty.o(.text.main)
    __arm_cp.8_47                            0x00002ba8   Number         4  empty.o(.text.main)
    __arm_cp.8_48                            0x00002bac   Number         4  empty.o(.text.main)
    i._fgeq                                  0x00002bb0   Section        0  fcmp.o(i._fgeq)
    i._fgr                                   0x00002bc6   Section        0  fcmp.o(i._fgr)
    i._fleq                                  0x00002bdc   Section        0  fcmp.o(i._fleq)
    i._fls                                   0x00002bf6   Section        0  fcmp.o(i._fls)
    x$fpl$fadd                               0x00002c0c   Section      140  faddsub.o(x$fpl$fadd)
    _fadd1                                   0x00002c19   Thumb Code     0  faddsub.o(x$fpl$fadd)
    x$fpl$fgeqf                              0x00002c98   Section       84  fgef.o(x$fpl$fgeqf)
    x$fpl$fleqf                              0x00002cec   Section       84  flef.o(x$fpl$fleqf)
    x$fpl$fmul                               0x00002d40   Section      176  fmul.o(x$fpl$fmul)
    x$fpl$fsub                               0x00002df0   Section      208  faddsub.o(x$fpl$fsub)
    _fsub1                                   0x00002dfd   Thumb Code     0  faddsub.o(x$fpl$fsub)
    fdiv_tab                                 0x00002ec0   Data          64  fdiv.o(.constdata)
    .constdata                               0x00002ec0   Section       64  fdiv.o(.constdata)
    x$fpl$usenofp                            0x00002ec0   Section        0  usenofp.o(x$fpl$usenofp)
    [Anonymous Symbol]                       0x00002f00   Section        0  dl_mcan.o(.rodata..L__const.DL_MCAN_getDataSize.dataSize)
    [Anonymous Symbol]                       0x00002f40   Section        0  dl_mcan.o(.rodata.cst32)
    gADC12_0ClockConfig                      0x00002f60   Data           8  ti_msp_dl_config.o(.rodata.gADC12_0ClockConfig)
    [Anonymous Symbol]                       0x00002f60   Section        0  ti_msp_dl_config.o(.rodata.gADC12_0ClockConfig)
    gDMA_CH0Config                           0x00002f68   Data          24  ti_msp_dl_config.o(.rodata.gDMA_CH0Config)
    [Anonymous Symbol]                       0x00002f68   Section        0  ti_msp_dl_config.o(.rodata.gDMA_CH0Config)
    gDMA_CH1Config                           0x00002f80   Data          24  ti_msp_dl_config.o(.rodata.gDMA_CH1Config)
    [Anonymous Symbol]                       0x00002f80   Section        0  ti_msp_dl_config.o(.rodata.gDMA_CH1Config)
    gMCAN0BitTimes                           0x00002f98   Data          32  ti_msp_dl_config.o(.rodata.gMCAN0BitTimes)
    [Anonymous Symbol]                       0x00002f98   Section        0  ti_msp_dl_config.o(.rodata.gMCAN0BitTimes)
    gMCAN0ClockConf                          0x00002fb8   Data           4  ti_msp_dl_config.o(.rodata.gMCAN0ClockConf)
    [Anonymous Symbol]                       0x00002fb8   Section        0  ti_msp_dl_config.o(.rodata.gMCAN0ClockConf)
    gMCAN0InitParams                         0x00002fbc   Data          52  ti_msp_dl_config.o(.rodata.gMCAN0InitParams)
    [Anonymous Symbol]                       0x00002fbc   Section        0  ti_msp_dl_config.o(.rodata.gMCAN0InitParams)
    gMCAN0MsgRAMConfigParams                 0x00002ff0   Data          96  ti_msp_dl_config.o(.rodata.gMCAN0MsgRAMConfigParams)
    [Anonymous Symbol]                       0x00002ff0   Section        0  ti_msp_dl_config.o(.rodata.gMCAN0MsgRAMConfigParams)
    gQEI_0ClockConfig                        0x00003050   Data           3  ti_msp_dl_config.o(.rodata.gQEI_0ClockConfig)
    [Anonymous Symbol]                       0x00003050   Section        0  ti_msp_dl_config.o(.rodata.gQEI_0ClockConfig)
    gSPI_0_clockConfig                       0x00003053   Data           2  ti_msp_dl_config.o(.rodata.gSPI_0_clockConfig)
    [Anonymous Symbol]                       0x00003053   Section        0  ti_msp_dl_config.o(.rodata.gSPI_0_clockConfig)
    gSPI_0_config                            0x00003056   Data          10  ti_msp_dl_config.o(.rodata.gSPI_0_config)
    [Anonymous Symbol]                       0x00003056   Section        0  ti_msp_dl_config.o(.rodata.gSPI_0_config)
    gSYSPLLConfig                            0x00003060   Data          40  ti_msp_dl_config.o(.rodata.gSYSPLLConfig)
    [Anonymous Symbol]                       0x00003060   Section        0  ti_msp_dl_config.o(.rodata.gSYSPLLConfig)
    gTIMER_0ClockConfig                      0x00003088   Data           3  ti_msp_dl_config.o(.rodata.gTIMER_0ClockConfig)
    [Anonymous Symbol]                       0x00003088   Section        0  ti_msp_dl_config.o(.rodata.gTIMER_0ClockConfig)
    gTIMER_0TimerConfig                      0x0000308c   Data          20  ti_msp_dl_config.o(.rodata.gTIMER_0TimerConfig)
    [Anonymous Symbol]                       0x0000308c   Section        0  ti_msp_dl_config.o(.rodata.gTIMER_0TimerConfig)
    gTIMER_EncoderClockConfig                0x000030a0   Data           3  ti_msp_dl_config.o(.rodata.gTIMER_EncoderClockConfig)
    [Anonymous Symbol]                       0x000030a0   Section        0  ti_msp_dl_config.o(.rodata.gTIMER_EncoderClockConfig)
    gTIMER_EncoderTimerConfig                0x000030a4   Data          20  ti_msp_dl_config.o(.rodata.gTIMER_EncoderTimerConfig)
    [Anonymous Symbol]                       0x000030a4   Section        0  ti_msp_dl_config.o(.rodata.gTIMER_EncoderTimerConfig)
    gTIMER_IMUClockConfig                    0x000030b8   Data           3  ti_msp_dl_config.o(.rodata.gTIMER_IMUClockConfig)
    [Anonymous Symbol]                       0x000030b8   Section        0  ti_msp_dl_config.o(.rodata.gTIMER_IMUClockConfig)
    gTIMER_IMUTimerConfig                    0x000030bc   Data          20  ti_msp_dl_config.o(.rodata.gTIMER_IMUTimerConfig)
    [Anonymous Symbol]                       0x000030bc   Section        0  ti_msp_dl_config.o(.rodata.gTIMER_IMUTimerConfig)
    gUART_0ClockConfig                       0x000030d0   Data           2  ti_msp_dl_config.o(.rodata.gUART_0ClockConfig)
    [Anonymous Symbol]                       0x000030d0   Section        0  ti_msp_dl_config.o(.rodata.gUART_0ClockConfig)
    gUART_0Config                            0x000030d2   Data          10  ti_msp_dl_config.o(.rodata.gUART_0Config)
    [Anonymous Symbol]                       0x000030d2   Section        0  ti_msp_dl_config.o(.rodata.gUART_0Config)
    gUART_1ClockConfig                       0x000030dc   Data           2  ti_msp_dl_config.o(.rodata.gUART_1ClockConfig)
    [Anonymous Symbol]                       0x000030dc   Section        0  ti_msp_dl_config.o(.rodata.gUART_1ClockConfig)
    gUART_1Config                            0x000030de   Data          10  ti_msp_dl_config.o(.rodata.gUART_1Config)
    [Anonymous Symbol]                       0x000030de   Section        0  ti_msp_dl_config.o(.rodata.gUART_1Config)
    patrol_angles                            0x20200004   Data          12  empty.o(.data.patrol_angles)
    [Anonymous Symbol]                       0x20200004   Section        0  empty.o(.data.patrol_angles)
    .bss                                     0x20200020   Section       96  libspace.o(.bss)
    JY901P_ProcessBuffer.expected_sum        0x20200081   Data           1  jy901p.o(.bss.JY901P_ProcessBuffer.expected_sum)
    [Anonymous Symbol]                       0x20200081   Section        0  jy901p.o(.bss.JY901P_ProcessBuffer.expected_sum)
    JY901P_ProcessBuffer.packet_buffer       0x20200082   Data          11  jy901p.o(.bss.JY901P_ProcessBuffer.packet_buffer)
    [Anonymous Symbol]                       0x20200082   Section        0  jy901p.o(.bss.JY901P_ProcessBuffer.packet_buffer)
    JY901P_ProcessBuffer.packet_index        0x2020008d   Data           1  jy901p.o(.bss.JY901P_ProcessBuffer.packet_index)
    [Anonymous Symbol]                       0x2020008d   Section        0  jy901p.o(.bss.JY901P_ProcessBuffer.packet_index)
    JY901P_ProcessBuffer.parse_state         0x2020008e   Data           1  jy901p.o(.bss.JY901P_ProcessBuffer.parse_state)
    [Anonymous Symbol]                       0x2020008e   Section        0  jy901p.o(.bss.JY901P_ProcessBuffer.parse_state)
    last_mode                                0x202004c0   Data           1  empty.o(.bss.last_mode)
    [Anonymous Symbol]                       0x202004c0   Section        0  empty.o(.bss.last_mode)
    mode_changed_flag                        0x202004c1   Data           1  empty.o(.bss.mode_changed_flag)
    [Anonymous Symbol]                       0x202004c1   Section        0  empty.o(.bss.mode_changed_flag)
    patrol_moving                            0x202004ea   Data           1  empty.o(.bss.patrol_moving)
    [Anonymous Symbol]                       0x202004ea   Section        0  empty.o(.bss.patrol_moving)
    patrol_step                              0x202004eb   Data           1  empty.o(.bss.patrol_step)
    [Anonymous Symbol]                       0x202004eb   Section        0  empty.o(.bss.patrol_step)
    patrol_target                            0x202004ec   Data           4  empty.o(.bss.patrol_target)
    [Anonymous Symbol]                       0x202004ec   Section        0  empty.o(.bss.patrol_target)
    patrol_timer                             0x202004f0   Data           4  empty.o(.bss.patrol_timer)
    [Anonymous Symbol]                       0x202004f0   Section        0  empty.o(.bss.patrol_timer)
    Heap_Mem                                 0x202005c8   Data        4096  startup_mspm0g350x_uvision.o(HEAP)
    HEAP                                     0x202005c8   Section     4096  startup_mspm0g350x_uvision.o(HEAP)
    Stack_Mem                                0x202015c8   Data        4096  startup_mspm0g350x_uvision.o(STACK)
    STACK                                    0x202015c8   Section     4096  startup_mspm0g350x_uvision.o(STACK)
    __initial_sp                             0x202025c8   Data           0  startup_mspm0g350x_uvision.o(STACK)

    Global Symbols

    Symbol Name                              Value     Ov Type        Size  Object(Section)

    BuildAttributes$$THM_ISAv3M$S$PE$A:L22$X:L11$S22$IEEE1$IW$~IW$USESV6$~STKCKD$USESV7$~SHL$OTIME$ROPI$IEEEX$EBA8$UX$STANDARDLIB$REQ8$PRES8$EABIv2 0x00000000   Number         0  anon$$obj.o ABSOLUTE
    __Vectors                                0x00000000   Data           4  startup_mspm0g350x_uvision.o(RESET)
    _printf_flags                            0x00000000   Number         0  printf_stubs.o ABSOLUTE
    _printf_return_value                     0x00000000   Number         0  printf_stubs.o ABSOLUTE
    _printf_sizespec                         0x00000000   Number         0  printf_stubs.o ABSOLUTE
    _printf_widthprec                        0x00000000   Number         0  printf_stubs.o ABSOLUTE
    __ARM_exceptions_init                     - Undefined Weak Reference
    __alloca_initialize                       - Undefined Weak Reference
    __arm_preinit_                            - Undefined Weak Reference
    __arm_relocate_pie_                       - Undefined Weak Reference
    __cpp_initialize__aeabi_                  - Undefined Weak Reference
    __cxa_finalize                            - Undefined Weak Reference
    __rt_locale                               - Undefined Weak Reference
    __sigvec_lookup                           - Undefined Weak Reference
    _atexit_init                              - Undefined Weak Reference
    _call_atexit_fns                          - Undefined Weak Reference
    _clock_init                               - Undefined Weak Reference
    _fp_trap_init                             - Undefined Weak Reference
    _fp_trap_shutdown                         - Undefined Weak Reference
    _get_lc_collate                           - Undefined Weak Reference
    _get_lc_ctype                             - Undefined Weak Reference
    _get_lc_monetary                          - Undefined Weak Reference
    _get_lc_numeric                           - Undefined Weak Reference
    _get_lc_time                              - Undefined Weak Reference
    _getenv_init                              - Undefined Weak Reference
    _handle_redirection                       - Undefined Weak Reference
    _init_alloc                               - Undefined Weak Reference
    _init_user_alloc                          - Undefined Weak Reference
    _initio                                   - Undefined Weak Reference
    _mutex_acquire                            - Undefined Weak Reference
    _mutex_release                            - Undefined Weak Reference
    _printf_truncate_signed                   - Undefined Weak Reference
    _printf_truncate_unsigned                 - Undefined Weak Reference
    _rand_init                                - Undefined Weak Reference
    _signal_finish                            - Undefined Weak Reference
    _signal_init                              - Undefined Weak Reference
    _terminate_alloc                          - Undefined Weak Reference
    _terminate_user_alloc                     - Undefined Weak Reference
    _terminateio                              - Undefined Weak Reference
    __Vectors_End                            0x000000c0   Data           0  startup_mspm0g350x_uvision.o(RESET)
    __Vectors_Size                           0x000000c0   Number         0  startup_mspm0g350x_uvision.o ABSOLUTE
    __main                                   0x000000c1   Thumb Code     8  __main.o(!!!main)
    __scatterload                            0x000000c9   Thumb Code     0  __scatter.o(!!!scatter)
    __scatterload_rt2                        0x000000c9   Thumb Code    74  __scatter.o(!!!scatter)
    __scatterload_rt2_thumb_only             0x000000c9   Thumb Code     0  __scatter.o(!!!scatter)
    __scatterload_loop                       0x000000d3   Thumb Code     0  __scatter.o(!!!scatter)
    __scatterload_copy                       0x00000121   Thumb Code    26  __scatter_copy.o(!!handler_copy)
    __scatterload_null                       0x00000141   Thumb Code     2  __scatter.o(!!handler_null)
    __scatterload_zeroinit                   0x00000149   Thumb Code    28  __scatter_zi.o(!!handler_zi)
    __rt_lib_init                            0x00000165   Thumb Code     0  libinit.o(.ARM.Collect$$libinit$$00000000)
    __rt_lib_init_alloca_1                   0x00000167   Thumb Code     0  libinit2.o(.ARM.Collect$$libinit$$00000030)
    __rt_lib_init_argv_1                     0x00000167   Thumb Code     0  libinit2.o(.ARM.Collect$$libinit$$0000002E)
    __rt_lib_init_atexit_1                   0x00000167   Thumb Code     0  libinit2.o(.ARM.Collect$$libinit$$0000001D)
    __rt_lib_init_clock_1                    0x00000167   Thumb Code     0  libinit2.o(.ARM.Collect$$libinit$$00000023)
    __rt_lib_init_cpp_1                      0x00000167   Thumb Code     0  libinit2.o(.ARM.Collect$$libinit$$00000034)
    __rt_lib_init_exceptions_1               0x00000167   Thumb Code     0  libinit2.o(.ARM.Collect$$libinit$$00000032)
    __rt_lib_init_fp_1                       0x00000167   Thumb Code     0  libinit2.o(.ARM.Collect$$libinit$$00000002)
    __rt_lib_init_fp_trap_1                  0x00000167   Thumb Code     0  libinit2.o(.ARM.Collect$$libinit$$00000021)
    __rt_lib_init_getenv_1                   0x00000167   Thumb Code     0  libinit2.o(.ARM.Collect$$libinit$$00000025)
    __rt_lib_init_heap_1                     0x00000167   Thumb Code     0  libinit2.o(.ARM.Collect$$libinit$$0000000C)
    __rt_lib_init_lc_collate_1               0x00000167   Thumb Code     0  libinit2.o(.ARM.Collect$$libinit$$00000013)
    __rt_lib_init_lc_ctype_1                 0x00000167   Thumb Code     0  libinit2.o(.ARM.Collect$$libinit$$00000015)
    __rt_lib_init_lc_monetary_1              0x00000167   Thumb Code     0  libinit2.o(.ARM.Collect$$libinit$$00000017)
    __rt_lib_init_lc_numeric_1               0x00000167   Thumb Code     0  libinit2.o(.ARM.Collect$$libinit$$00000019)
    __rt_lib_init_lc_time_1                  0x00000167   Thumb Code     0  libinit2.o(.ARM.Collect$$libinit$$0000001B)
    __rt_lib_init_preinit_1                  0x00000167   Thumb Code     0  libinit2.o(.ARM.Collect$$libinit$$00000006)
    __rt_lib_init_rand_1                     0x00000167   Thumb Code     0  libinit2.o(.ARM.Collect$$libinit$$00000010)
    __rt_lib_init_relocate_pie_1             0x00000167   Thumb Code     0  libinit2.o(.ARM.Collect$$libinit$$00000004)
    __rt_lib_init_return                     0x00000167   Thumb Code     0  libinit2.o(.ARM.Collect$$libinit$$00000035)
    __rt_lib_init_signal_1                   0x00000167   Thumb Code     0  libinit2.o(.ARM.Collect$$libinit$$0000001F)
    __rt_lib_init_stdio_1                    0x00000167   Thumb Code     0  libinit2.o(.ARM.Collect$$libinit$$00000027)
    __rt_lib_init_user_alloc_1               0x00000167   Thumb Code     0  libinit2.o(.ARM.Collect$$libinit$$0000000E)
    __rt_lib_shutdown                        0x00000169   Thumb Code     0  libshutdown.o(.ARM.Collect$$libshutdown$$00000000)
    __rt_lib_shutdown_cpp_1                  0x0000016b   Thumb Code     0  libshutdown2.o(.ARM.Collect$$libshutdown$$00000002)
    __rt_lib_shutdown_fp_trap_1              0x0000016b   Thumb Code     0  libshutdown2.o(.ARM.Collect$$libshutdown$$00000007)
    __rt_lib_shutdown_heap_1                 0x0000016b   Thumb Code     0  libshutdown2.o(.ARM.Collect$$libshutdown$$0000000F)
    __rt_lib_shutdown_return                 0x0000016b   Thumb Code     0  libshutdown2.o(.ARM.Collect$$libshutdown$$00000010)
    __rt_lib_shutdown_signal_1               0x0000016b   Thumb Code     0  libshutdown2.o(.ARM.Collect$$libshutdown$$0000000A)
    __rt_lib_shutdown_stdio_1                0x0000016b   Thumb Code     0  libshutdown2.o(.ARM.Collect$$libshutdown$$00000004)
    __rt_lib_shutdown_user_alloc_1           0x0000016b   Thumb Code     0  libshutdown2.o(.ARM.Collect$$libshutdown$$0000000C)
    __rt_entry                               0x0000016d   Thumb Code     0  __rtentry.o(.ARM.Collect$$rtentry$$00000000)
    __rt_entry_presh_1                       0x0000016d   Thumb Code     0  __rtentry2.o(.ARM.Collect$$rtentry$$00000002)
    __rt_entry_sh                            0x0000016d   Thumb Code     0  __rtentry4.o(.ARM.Collect$$rtentry$$00000004)
    __rt_entry_li                            0x00000173   Thumb Code     0  __rtentry2.o(.ARM.Collect$$rtentry$$0000000A)
    __rt_entry_postsh_1                      0x00000173   Thumb Code     0  __rtentry2.o(.ARM.Collect$$rtentry$$00000009)
    __rt_entry_main                          0x00000177   Thumb Code     0  __rtentry2.o(.ARM.Collect$$rtentry$$0000000D)
    __rt_entry_postli_1                      0x00000177   Thumb Code     0  __rtentry2.o(.ARM.Collect$$rtentry$$0000000C)
    __rt_exit                                0x0000017f   Thumb Code     0  rtexit.o(.ARM.Collect$$rtexit$$00000000)
    __rt_exit_ls                             0x00000181   Thumb Code     0  rtexit2.o(.ARM.Collect$$rtexit$$00000003)
    __rt_exit_prels_1                        0x00000181   Thumb Code     0  rtexit2.o(.ARM.Collect$$rtexit$$00000002)
    __rt_exit_exit                           0x00000185   Thumb Code     0  rtexit2.o(.ARM.Collect$$rtexit$$00000004)
    Reset_Handler                            0x0000018d   Thumb Code     4  startup_mspm0g350x_uvision.o(.text)
    NMI_Handler                              0x00000191   Thumb Code     2  startup_mspm0g350x_uvision.o(.text)
    HardFault_Handler                        0x00000193   Thumb Code     2  startup_mspm0g350x_uvision.o(.text)
    SVC_Handler                              0x00000195   Thumb Code     2  startup_mspm0g350x_uvision.o(.text)
    PendSV_Handler                           0x00000197   Thumb Code     2  startup_mspm0g350x_uvision.o(.text)
    ADC0_IRQHandler                          0x0000019b   Thumb Code     0  startup_mspm0g350x_uvision.o(.text)
    AES_IRQHandler                           0x0000019b   Thumb Code     0  startup_mspm0g350x_uvision.o(.text)
    DAC0_IRQHandler                          0x0000019b   Thumb Code     0  startup_mspm0g350x_uvision.o(.text)
    DMA_IRQHandler                           0x0000019b   Thumb Code     0  startup_mspm0g350x_uvision.o(.text)
    Default_Handler                          0x0000019b   Thumb Code     2  startup_mspm0g350x_uvision.o(.text)
    GROUP0_IRQHandler                        0x0000019b   Thumb Code     0  startup_mspm0g350x_uvision.o(.text)
    I2C0_IRQHandler                          0x0000019b   Thumb Code     0  startup_mspm0g350x_uvision.o(.text)
    I2C1_IRQHandler                          0x0000019b   Thumb Code     0  startup_mspm0g350x_uvision.o(.text)
    RTC_IRQHandler                           0x0000019b   Thumb Code     0  startup_mspm0g350x_uvision.o(.text)
    SPI0_IRQHandler                          0x0000019b   Thumb Code     0  startup_mspm0g350x_uvision.o(.text)
    SPI1_IRQHandler                          0x0000019b   Thumb Code     0  startup_mspm0g350x_uvision.o(.text)
    TIMA0_IRQHandler                         0x0000019b   Thumb Code     0  startup_mspm0g350x_uvision.o(.text)
    TIMA1_IRQHandler                         0x0000019b   Thumb Code     0  startup_mspm0g350x_uvision.o(.text)
    TIMG12_IRQHandler                        0x0000019b   Thumb Code     0  startup_mspm0g350x_uvision.o(.text)
    TIMG7_IRQHandler                         0x0000019b   Thumb Code     0  startup_mspm0g350x_uvision.o(.text)
    TIMG8_IRQHandler                         0x0000019b   Thumb Code     0  startup_mspm0g350x_uvision.o(.text)
    UART1_IRQHandler                         0x0000019b   Thumb Code     0  startup_mspm0g350x_uvision.o(.text)
    UART3_IRQHandler                         0x0000019b   Thumb Code     0  startup_mspm0g350x_uvision.o(.text)
    __user_initial_stackheap                 0x0000019d   Thumb Code    10  startup_mspm0g350x_uvision.o(.text)
    _memset_w                                0x000001bd   Thumb Code    26  rt_memclr.o(.text)
    _memset                                  0x000001d7   Thumb Code    30  rt_memclr.o(.text)
    __aeabi_memclr                           0x000001f5   Thumb Code     4  rt_memclr.o(.text)
    __rt_memclr                              0x000001f5   Thumb Code     0  rt_memclr.o(.text)
    __aeabi_memclr4                          0x000001f9   Thumb Code     0  rt_memclr.o(.text)
    __aeabi_memclr8                          0x000001f9   Thumb Code     0  rt_memclr.o(.text)
    __rt_memclr_w                            0x000001f9   Thumb Code     4  rt_memclr.o(.text)
    __use_two_region_memory                  0x000001fd   Thumb Code     2  heapauxi.o(.text)
    __rt_heap_escrow$2region                 0x000001ff   Thumb Code     2  heapauxi.o(.text)
    __rt_heap_expand$2region                 0x00000201   Thumb Code     2  heapauxi.o(.text)
    __aeabi_d2f                              0x00000205   Thumb Code     0  d2f.o(.text)
    __truncdfsf2                             0x00000205   Thumb Code     0  d2f.o(.text)
    _d2f                                     0x00000205   Thumb Code   120  d2f.o(.text)
    __adddf3                                 0x00000579   Thumb Code     0  daddsub.o(.text)
    __aeabi_dadd                             0x00000579   Thumb Code     0  daddsub.o(.text)
    _dadd                                    0x00000579   Thumb Code    26  daddsub.o(.text)
    __aeabi_dsub                             0x00000593   Thumb Code     0  daddsub.o(.text)
    __subdf3                                 0x00000593   Thumb Code     0  daddsub.o(.text)
    _dsub                                    0x00000593   Thumb Code    22  daddsub.o(.text)
    __aeabi_drsub                            0x000005a9   Thumb Code     0  daddsub.o(.text)
    _drsb                                    0x000005a9   Thumb Code    28  daddsub.o(.text)
    __aeabi_i2d_normalise                    0x000005d9   Thumb Code    66  dflti.o(.text)
    __aeabi_i2d                              0x0000061b   Thumb Code    16  dflti.o(.text)
    _dflt                                    0x0000061b   Thumb Code     0  dflti.o(.text)
    __aeabi_ui2d                             0x0000062b   Thumb Code     6  dflti.o(.text)
    _dfltu                                   0x0000062b   Thumb Code     0  dflti.o(.text)
    __aeabi_dmul                             0x00000631   Thumb Code     0  dmul.o(.text)
    __muldf3                                 0x00000631   Thumb Code     0  dmul.o(.text)
    _dmul                                    0x00000631   Thumb Code   558  dmul.o(.text)
    __aeabi_f2d                              0x00000879   Thumb Code     0  f2d.o(.text)
    __extendsfdf2                            0x00000879   Thumb Code     0  f2d.o(.text)
    _f2d                                     0x00000879   Thumb Code    80  f2d.o(.text)
    __aeabi_fdiv                             0x000008cd   Thumb Code     0  fdiv.o(.text)
    __divsf3                                 0x000008cd   Thumb Code     0  fdiv.o(.text)
    _fdiv                                    0x000008cd   Thumb Code   334  fdiv.o(.text)
    _frdiv                                   0x00000a1b   Thumb Code     8  fdiv.o(.text)
    __aeabi_f2iz                             0x00000a2d   Thumb Code     0  ffixi.o(.text)
    _ffix                                    0x00000a2d   Thumb Code    76  ffixi.o(.text)
    __aeabi_i2f_normalise                    0x00000a79   Thumb Code    72  fflti.o(.text)
    __aeabi_i2f                              0x00000ac1   Thumb Code    16  fflti.o(.text)
    _fflt                                    0x00000ac1   Thumb Code     0  fflti.o(.text)
    __aeabi_ui2f                             0x00000ad1   Thumb Code     6  fflti.o(.text)
    _ffltu                                   0x00000ad1   Thumb Code     0  fflti.o(.text)
    __fpl_fcmp_InfNaN                        0x00000ad9   Thumb Code    96  fcmpin.o(.text)
    __user_libspace                          0x00000b3d   Thumb Code     8  libspace.o(.text)
    __user_perproc_libspace                  0x00000b3d   Thumb Code     0  libspace.o(.text)
    __user_perthread_libspace                0x00000b3d   Thumb Code     0  libspace.o(.text)
    __user_setup_stackheap                   0x00000b45   Thumb Code    62  sys_stackheap_outer.o(.text)
    exit                                     0x00000b83   Thumb Code    16  exit.o(.text)
    __fpl_cmpreturn                          0x00000b93   Thumb Code    46  cmpret.o(.text)
    __fpl_fcheck_NaN2                        0x00000bc1   Thumb Code    10  fnan2.o(.text)
    __fpl_return_NaN                         0x00000bd1   Thumb Code    94  retnan.o(.text)
    ADC1_IRQHandler                          0x00000c31   Thumb Code    20  bsp_adc.o(.text.ADC1_IRQHandler)
    AddPID_Realize                           0x00000c4d   Thumb Code   212  pid.o(.text.AddPID_Realize)
    Bsp_adc_Init                             0x00000d25   Thumb Code     8  bsp_adc.o(.text.Bsp_adc_Init)
    Bsp_can_Init                             0x00000d2d   Thumb Code    32  bsp_can.o(.text.Bsp_can_Init)
    Bsp_key_Init                             0x00000d4d   Thumb Code     8  bsp_key.o(.text.Bsp_key_Init)
    Bsp_timer_Init                           0x00000d55   Thumb Code    20  bsp_timer.o(.text.Bsp_timer_Init)
    Bsp_uart_Init                            0x00000d71   Thumb Code    64  bsp_uart.o(.text.Bsp_uart_Init)
    CANFD0_IRQHandler                        0x00000dcd   Thumb Code    76  bsp_can.o(.text.CANFD0_IRQHandler)
    Can0_TX                                  0x00000e29   Thumb Code    92  bsp_can.o(.text.Can0_TX)
    Can0_rx_callback                         0x00000e85   Thumb Code   152  bsp_can.o(.text.Can0_rx_callback)
    DJI_motor_fbdata                         0x00000f49   Thumb Code    36  dji_motor_drv.o(.text.DJI_motor_fbdata)
    DL_ADC12_setClockConfig                  0x00000f6d   Thumb Code    56  dl_adc12.o(.text.DL_ADC12_setClockConfig)
    DL_Common_delayCycles                    0x00000fad   Thumb Code    10  dl_common.o(.text.DL_Common_delayCycles)
    DL_DMA_initChannel                       0x00000fb9   Thumb Code    64  dl_dma.o(.text.DL_DMA_initChannel)
    DL_MCAN_TXBufAddReq                      0x00000ffd   Thumb Code    44  dl_mcan.o(.text.DL_MCAN_TXBufAddReq)
    DL_MCAN_TXBufTransIntrEnable             0x0000102d   Thumb Code    40  dl_mcan.o(.text.DL_MCAN_TXBufTransIntrEnable)
    DL_MCAN_clearIntrStatus                  0x00001059   Thumb Code    12  dl_mcan.o(.text.DL_MCAN_clearIntrStatus)
    DL_MCAN_enableIntr                       0x00001069   Thumb Code    24  dl_mcan.o(.text.DL_MCAN_enableIntr)
    DL_MCAN_enableIntrLine                   0x00001085   Thumb Code    24  dl_mcan.o(.text.DL_MCAN_enableIntrLine)
    DL_MCAN_getIntrStatus                    0x000010a1   Thumb Code     8  dl_mcan.o(.text.DL_MCAN_getIntrStatus)
    DL_MCAN_getOpMode                        0x000010ad   Thumb Code    12  dl_mcan.o(.text.DL_MCAN_getOpMode)
    DL_MCAN_getProtocolStatus                0x000010bd   Thumb Code    76  dl_mcan.o(.text.DL_MCAN_getProtocolStatus)
    DL_MCAN_getRevisionId                    0x0000110d   Thumb Code    68  dl_mcan.o(.text.DL_MCAN_getRevisionId)
    DL_MCAN_getRxFIFOStatus                  0x00001151   Thumb Code    52  dl_mcan.o(.text.DL_MCAN_getRxFIFOStatus)
    DL_MCAN_init                             0x00001189   Thumb Code   220  dl_mcan.o(.text.DL_MCAN_init)
    DL_MCAN_isMemInitDone                    0x00001275   Thumb Code    12  dl_mcan.o(.text.DL_MCAN_isMemInitDone)
    DL_MCAN_msgRAMConfig                     0x00001285   Thumb Code   516  dl_mcan.o(.text.DL_MCAN_msgRAMConfig)
    DL_MCAN_readMsgRam                       0x000014b1   Thumb Code   236  dl_mcan.o(.text.DL_MCAN_readMsgRam)
    DL_MCAN_selectIntrLine                   0x000015a1   Thumb Code    24  dl_mcan.o(.text.DL_MCAN_selectIntrLine)
    DL_MCAN_setBitTime                       0x000015bd   Thumb Code   208  dl_mcan.o(.text.DL_MCAN_setBitTime)
    DL_MCAN_setClockConfig                   0x00001695   Thumb Code    28  dl_mcan.o(.text.DL_MCAN_setClockConfig)
    DL_MCAN_setExtIDAndMask                  0x000016b9   Thumb Code    52  dl_mcan.o(.text.DL_MCAN_setExtIDAndMask)
    DL_MCAN_setOpMode                        0x000016f1   Thumb Code    20  dl_mcan.o(.text.DL_MCAN_setOpMode)
    DL_MCAN_writeMsgRam                      0x00001709   Thumb Code   212  dl_mcan.o(.text.DL_MCAN_writeMsgRam)
    DL_MCAN_writeRxFIFOAck                   0x000017ed   Thumb Code    64  dl_mcan.o(.text.DL_MCAN_writeRxFIFOAck)
    DL_SPI_init                              0x00001835   Thumb Code    60  dl_spi.o(.text.DL_SPI_init)
    DL_SPI_setClockConfig                    0x00001879   Thumb Code    18  dl_spi.o(.text.DL_SPI_setClockConfig)
    DL_SYSCTL_configSYSPLL                   0x0000188d   Thumb Code   196  dl_sysctl_mspm0g1x0x_g3x0x.o(.text.DL_SYSCTL_configSYSPLL)
    DL_SYSCTL_setHFCLKSourceHFXTParams       0x00001951   Thumb Code    80  dl_sysctl_mspm0g1x0x_g3x0x.o(.text.DL_SYSCTL_setHFCLKSourceHFXTParams)
    DL_SYSCTL_switchMCLKfromSYSOSCtoHSCLK    0x000019a1   Thumb Code    40  dl_sysctl_mspm0g1x0x_g3x0x.o(.text.DL_SYSCTL_switchMCLKfromSYSOSCtoHSCLK)
    DL_Timer_initTimerMode                   0x000019c9   Thumb Code   224  dl_timer.o(.text.DL_Timer_initTimerMode)
    DL_Timer_setClockConfig                  0x00001ab9   Thumb Code    24  dl_timer.o(.text.DL_Timer_setClockConfig)
    DL_UART_init                             0x00001ad5   Thumb Code    64  dl_uart.o(.text.DL_UART_init)
    DL_UART_setClockConfig                   0x00001b1d   Thumb Code    18  dl_uart.o(.text.DL_UART_setClockConfig)
    Encoder_Init                             0x00001b31   Thumb Code    16  encoder.o(.text.Encoder_Init)
    Encoder_Process                          0x00001b49   Thumb Code   140  encoder.o(.text.Encoder_Process)
    GROUP1_IRQHandler                        0x00001be1   Thumb Code    16  nrf24l01.o(.text.GROUP1_IRQHandler)
    JY901P_ParseData                         0x00001bf5   Thumb Code   488  jy901p.o(.text.JY901P_ParseData)
    JY901P_ProcessBuffer                     0x00001de9   Thumb Code   172  jy901p.o(.text.JY901P_ProcessBuffer)
    PID_Init                                 0x00001ea9   Thumb Code    10  pid.o(.text.PID_Init)
    SYSCFG_DL_ADC12_0_init                   0x00001eb5   Thumb Code    68  ti_msp_dl_config.o(.text.SYSCFG_DL_ADC12_0_init)
    SYSCFG_DL_DMA_CH0_init                   0x00001f19   Thumb Code    20  ti_msp_dl_config.o(.text.SYSCFG_DL_DMA_CH0_init)
    SYSCFG_DL_DMA_CH1_init                   0x00001f35   Thumb Code    20  ti_msp_dl_config.o(.text.SYSCFG_DL_DMA_CH1_init)
    SYSCFG_DL_DMA_init                       0x00001f55   Thumb Code    12  ti_msp_dl_config.o(.text.SYSCFG_DL_DMA_init)
    SYSCFG_DL_GPIO_init                      0x00001f61   Thumb Code   136  ti_msp_dl_config.o(.text.SYSCFG_DL_GPIO_init)
    SYSCFG_DL_MCAN0_init                     0x00002019   Thumb Code   156  ti_msp_dl_config.o(.text.SYSCFG_DL_MCAN0_init)
    SYSCFG_DL_QEI_0_init                     0x000020dd   Thumb Code    52  ti_msp_dl_config.o(.text.SYSCFG_DL_QEI_0_init)
    SYSCFG_DL_SPI_0_init                     0x00002131   Thumb Code    56  ti_msp_dl_config.o(.text.SYSCFG_DL_SPI_0_init)
    SYSCFG_DL_SYSCTL_init                    0x0000217d   Thumb Code    96  ti_msp_dl_config.o(.text.SYSCFG_DL_SYSCTL_init)
    SYSCFG_DL_SYSTICK_init                   0x000021e9   Thumb Code    36  ti_msp_dl_config.o(.text.SYSCFG_DL_SYSTICK_init)
    SYSCFG_DL_TIMER_0_init                   0x00002219   Thumb Code    36  ti_msp_dl_config.o(.text.SYSCFG_DL_TIMER_0_init)
    SYSCFG_DL_TIMER_Encoder_init             0x00002251   Thumb Code    36  ti_msp_dl_config.o(.text.SYSCFG_DL_TIMER_Encoder_init)
    SYSCFG_DL_TIMER_IMU_init                 0x00002289   Thumb Code    36  ti_msp_dl_config.o(.text.SYSCFG_DL_TIMER_IMU_init)
    SYSCFG_DL_UART_0_init                    0x000022c1   Thumb Code    92  ti_msp_dl_config.o(.text.SYSCFG_DL_UART_0_init)
    SYSCFG_DL_UART_1_init                    0x00002331   Thumb Code    92  ti_msp_dl_config.o(.text.SYSCFG_DL_UART_1_init)
    SYSCFG_DL_init                           0x000023a9   Thumb Code    88  ti_msp_dl_config.o(.text.SYSCFG_DL_init)
    SYSCFG_DL_initPower                      0x00002415   Thumb Code    96  ti_msp_dl_config.o(.text.SYSCFG_DL_initPower)
    SysTick_Handler                          0x000024a9   Thumb Code    16  empty.o(.text.SysTick_Handler)
    TIMG0_IRQHandler                         0x000024bd   Thumb Code    32  bsp_timer.o(.text.TIMG0_IRQHandler)
    TIMG6_IRQHandler                         0x000024f1   Thumb Code    28  encoder.o(.text.TIMG6_IRQHandler)
    UART0_IRQHandler                         0x0000251d   Thumb Code    72  bsp_uart.o(.text.UART0_IRQHandler)
    UART2_IRQHandler                         0x00002579   Thumb Code   440  bsp_uart.o(.text.UART2_IRQHandler)
    _sys_exit                                0x00002749   Thumb Code     2  bsp_uart.o(.text._sys_exit)
    main                                     0x0000274d   Thumb Code   928  empty.o(.text.main)
    __aeabi_fcmpge                           0x00002bb1   Thumb Code     0  fcmp.o(i._fgeq)
    _fgeq                                    0x00002bb1   Thumb Code    22  fcmp.o(i._fgeq)
    __aeabi_fcmpgt                           0x00002bc7   Thumb Code     0  fcmp.o(i._fgr)
    _fgr                                     0x00002bc7   Thumb Code    22  fcmp.o(i._fgr)
    __aeabi_fcmple                           0x00002bdd   Thumb Code     0  fcmp.o(i._fleq)
    _fleq                                    0x00002bdd   Thumb Code    26  fcmp.o(i._fleq)
    __aeabi_fcmplt                           0x00002bf7   Thumb Code     0  fcmp.o(i._fls)
    _fls                                     0x00002bf7   Thumb Code    22  fcmp.o(i._fls)
    __aeabi_fadd                             0x00002c0d   Thumb Code     0  faddsub.o(x$fpl$fadd)
    _fadd                                    0x00002c0d   Thumb Code   134  faddsub.o(x$fpl$fadd)
    _fcmpge                                  0x00002c99   Thumb Code    78  fgef.o(x$fpl$fgeqf)
    __aeabi_cfcmple                          0x00002ced   Thumb Code     0  flef.o(x$fpl$fleqf)
    _fcmple                                  0x00002ced   Thumb Code    78  flef.o(x$fpl$fleqf)
    __aeabi_fmul                             0x00002d41   Thumb Code     0  fmul.o(x$fpl$fmul)
    _fmul                                    0x00002d41   Thumb Code   172  fmul.o(x$fpl$fmul)
    __aeabi_fsub                             0x00002df1   Thumb Code     0  faddsub.o(x$fpl$fsub)
    _fsub                                    0x00002df1   Thumb Code   204  faddsub.o(x$fpl$fsub)
    __I$use$fp                               0x00002ec0   Number         0  usenofp.o(x$fpl$usenofp)
    Region$$Table$$Base                      0x000030e8   Number         0  anon$$obj.o(Region$$Table)
    Region$$Table$$Limit                     0x00003108   Number         0  anon$$obj.o(Region$$Table)
    num                                      0x20200000   Data           2  bsp_timer.o(.data.num)
    num_gpio                                 0x20200002   Data           2  encoder.o(.data.num_gpio)
    pos_max_out                              0x20200010   Data           4  empty.o(.data.pos_max_out)
    spedd_max_out                            0x20200014   Data           4  empty.o(.data.spedd_max_out)
    target_pitch                             0x20200018   Data           4  empty.o(.data.target_pitch)
    target_yaw                               0x2020001c   Data           4  empty.o(.data.target_yaw)
    __libspace_start                         0x20200020   Data          96  libspace.o(.bss)
    CANBusOff                                0x20200080   Data           1  bsp_can.o(.bss.CANBusOff)
    __temporary_stack_top$libspace           0x20200080   Data           0  libspace.o(.bss)
    PID_3508_L                               0x20200090   Data          36  empty.o(.bss.PID_3508_L)
    PID_3508_R                               0x202000b4   Data          36  empty.o(.bss.PID_3508_R)
    PID_6020_Pitch_Pos                       0x202000d8   Data          36  empty.o(.bss.PID_6020_Pitch_Pos)
    PID_6020_Pitch_Speed                     0x202000fc   Data          36  empty.o(.bss.PID_6020_Pitch_Speed)
    PID_6020_Yaw_Pos                         0x20200120   Data          36  empty.o(.bss.PID_6020_Yaw_Pos)
    PID_6020_Yaw_Speed                       0x20200144   Data          36  empty.o(.bss.PID_6020_Yaw_Speed)
    count                                    0x20200168   Data           1  bsp_uart.o(.bss.count)
    data_current                             0x20200169   Data           8  empty.o(.bss.data_current)
    delay_times                              0x20200174   Data           4  empty.o(.bss.delay_times)
    gCheckADC                                0x20200178   Data           1  bsp_adc.o(.bss.gCheckADC)
    gCheckUART                               0x20200179   Data           1  bsp_uart.o(.bss.gCheckUART)
    gInterruptLine1Status                    0x2020017c   Data           4  bsp_can.o(.bss.gInterruptLine1Status)
    gMCAN0Backup                             0x20200180   Data         152  ti_msp_dl_config.o(.bss.gMCAN0Backup)
    gProtStatus                              0x20200218   Data          44  bsp_can.o(.bss.gProtStatus)
    gQEI_0Backup                             0x20200244   Data         160  ti_msp_dl_config.o(.bss.gQEI_0Backup)
    gSPI_0Backup                             0x202002e4   Data          40  ti_msp_dl_config.o(.bss.gSPI_0Backup)
    gTIMER_EncoderBackup                     0x2020030c   Data         160  ti_msp_dl_config.o(.bss.gTIMER_EncoderBackup)
    gTIMER_IMUBackup                         0x202003ac   Data         160  ti_msp_dl_config.o(.bss.gTIMER_IMUBackup)
    host_data                                0x20200450   Data           8  bsp_uart.o(.bss.host_data)
    host_data_buffer                         0x20200458   Data          16  bsp_uart.o(.bss.host_data_buffer)
    i                                        0x20200468   Data           1  empty.o(.bss.i)
    jy901p_data                              0x2020046c   Data          84  jy901p.o(.bss.jy901p_data)
    motor_3508_L                             0x202004c2   Data           8  bsp_can.o(.bss.motor_3508_L)
    motor_3508_R                             0x202004ca   Data           8  bsp_can.o(.bss.motor_3508_R)
    motor_6020_pitch                         0x202004d2   Data           8  bsp_can.o(.bss.motor_6020_pitch)
    motor_6020_yaw                           0x202004da   Data           8  bsp_can.o(.bss.motor_6020_yaw)
    num_diff                                 0x202004e2   Data           2  bsp_timer.o(.bss.num_diff)
    num_gpio_diff                            0x202004e4   Data           2  encoder.o(.bss.num_gpio_diff)
    num_gpio_old                             0x202004e6   Data           2  encoder.o(.bss.num_gpio_old)
    num_old                                  0x202004e8   Data           2  bsp_timer.o(.bss.num_old)
    rxFS                                     0x202004f4   Data          24  bsp_can.o(.bss.rxFS)
    rxMsg                                    0x2020050c   Data         168  bsp_can.o(.bss.rxMsg)
    rxdata                                   0x202005b4   Data          11  bsp_uart.o(.bss.rxdata)
    temp_current1                            0x202005c0   Data           2  empty.o(.bss.temp_current1)
    temp_current2                            0x202005c2   Data           2  empty.o(.bss.temp_current2)
    temp_current3                            0x202005c4   Data           2  empty.o(.bss.temp_current3)
    temp_current4                            0x202005c6   Data           2  empty.o(.bss.temp_current4)



==============================================================================

Memory Map of the image

  Image Entry point : 0x000000c1

  Load Region LR_IROM1 (Base: 0x00000000, Size: 0x00003128, Max: 0x00020000, ABSOLUTE)

    Execution Region ER_IROM1 (Exec base: 0x00000000, Load base: 0x00000000, Size: 0x00003108, Max: 0x00020000, ABSOLUTE)

    Exec Addr    Load Addr    Size         Type   Attr      Idx    E Section Name        Object

    0x00000000   0x00000000   0x000000c0   Data   RO           61    RESET               startup_mspm0g350x_uvision.o
    0x000000c0   0x000000c0   0x00000008   Code   RO         1492  * !!!main             c_p.l(__main.o)
    0x000000c8   0x000000c8   0x00000054   Code   RO         1840    !!!scatter          c_p.l(__scatter.o)
    0x0000011c   0x0000011c   0x00000004   PAD
    0x00000120   0x00000120   0x0000001a   Code   RO         1844    !!handler_copy      c_p.l(__scatter_copy.o)
    0x0000013a   0x0000013a   0x00000006   PAD
    0x00000140   0x00000140   0x00000002   Code   RO         1841    !!handler_null      c_p.l(__scatter.o)
    0x00000142   0x00000142   0x00000006   PAD
    0x00000148   0x00000148   0x0000001c   Code   RO         1846    !!handler_zi        c_p.l(__scatter_zi.o)
    0x00000164   0x00000164   0x00000002   Code   RO         1700    .ARM.Collect$$libinit$$00000000  c_p.l(libinit.o)
    0x00000166   0x00000166   0x00000000   Code   RO         1717    .ARM.Collect$$libinit$$00000002  c_p.l(libinit2.o)
    0x00000166   0x00000166   0x00000000   Code   RO         1719    .ARM.Collect$$libinit$$00000004  c_p.l(libinit2.o)
    0x00000166   0x00000166   0x00000000   Code   RO         1721    .ARM.Collect$$libinit$$00000006  c_p.l(libinit2.o)
    0x00000166   0x00000166   0x00000000   Code   RO         1724    .ARM.Collect$$libinit$$0000000C  c_p.l(libinit2.o)
    0x00000166   0x00000166   0x00000000   Code   RO         1726    .ARM.Collect$$libinit$$0000000E  c_p.l(libinit2.o)
    0x00000166   0x00000166   0x00000000   Code   RO         1728    .ARM.Collect$$libinit$$00000010  c_p.l(libinit2.o)
    0x00000166   0x00000166   0x00000000   Code   RO         1731    .ARM.Collect$$libinit$$00000013  c_p.l(libinit2.o)
    0x00000166   0x00000166   0x00000000   Code   RO         1733    .ARM.Collect$$libinit$$00000015  c_p.l(libinit2.o)
    0x00000166   0x00000166   0x00000000   Code   RO         1735    .ARM.Collect$$libinit$$00000017  c_p.l(libinit2.o)
    0x00000166   0x00000166   0x00000000   Code   RO         1737    .ARM.Collect$$libinit$$00000019  c_p.l(libinit2.o)
    0x00000166   0x00000166   0x00000000   Code   RO         1739    .ARM.Collect$$libinit$$0000001B  c_p.l(libinit2.o)
    0x00000166   0x00000166   0x00000000   Code   RO         1741    .ARM.Collect$$libinit$$0000001D  c_p.l(libinit2.o)
    0x00000166   0x00000166   0x00000000   Code   RO         1743    .ARM.Collect$$libinit$$0000001F  c_p.l(libinit2.o)
    0x00000166   0x00000166   0x00000000   Code   RO         1745    .ARM.Collect$$libinit$$00000021  c_p.l(libinit2.o)
    0x00000166   0x00000166   0x00000000   Code   RO         1747    .ARM.Collect$$libinit$$00000023  c_p.l(libinit2.o)
    0x00000166   0x00000166   0x00000000   Code   RO         1749    .ARM.Collect$$libinit$$00000025  c_p.l(libinit2.o)
    0x00000166   0x00000166   0x00000000   Code   RO         1751    .ARM.Collect$$libinit$$00000027  c_p.l(libinit2.o)
    0x00000166   0x00000166   0x00000000   Code   RO         1755    .ARM.Collect$$libinit$$0000002E  c_p.l(libinit2.o)
    0x00000166   0x00000166   0x00000000   Code   RO         1757    .ARM.Collect$$libinit$$00000030  c_p.l(libinit2.o)
    0x00000166   0x00000166   0x00000000   Code   RO         1759    .ARM.Collect$$libinit$$00000032  c_p.l(libinit2.o)
    0x00000166   0x00000166   0x00000000   Code   RO         1761    .ARM.Collect$$libinit$$00000034  c_p.l(libinit2.o)
    0x00000166   0x00000166   0x00000002   Code   RO         1762    .ARM.Collect$$libinit$$00000035  c_p.l(libinit2.o)
    0x00000168   0x00000168   0x00000002   Code   RO         1792    .ARM.Collect$$libshutdown$$00000000  c_p.l(libshutdown.o)
    0x0000016a   0x0000016a   0x00000000   Code   RO         1823    .ARM.Collect$$libshutdown$$00000002  c_p.l(libshutdown2.o)
    0x0000016a   0x0000016a   0x00000000   Code   RO         1825    .ARM.Collect$$libshutdown$$00000004  c_p.l(libshutdown2.o)
    0x0000016a   0x0000016a   0x00000000   Code   RO         1828    .ARM.Collect$$libshutdown$$00000007  c_p.l(libshutdown2.o)
    0x0000016a   0x0000016a   0x00000000   Code   RO         1831    .ARM.Collect$$libshutdown$$0000000A  c_p.l(libshutdown2.o)
    0x0000016a   0x0000016a   0x00000000   Code   RO         1833    .ARM.Collect$$libshutdown$$0000000C  c_p.l(libshutdown2.o)
    0x0000016a   0x0000016a   0x00000000   Code   RO         1836    .ARM.Collect$$libshutdown$$0000000F  c_p.l(libshutdown2.o)
    0x0000016a   0x0000016a   0x00000002   Code   RO         1837    .ARM.Collect$$libshutdown$$00000010  c_p.l(libshutdown2.o)
    0x0000016c   0x0000016c   0x00000000   Code   RO         1563    .ARM.Collect$$rtentry$$00000000  c_p.l(__rtentry.o)
    0x0000016c   0x0000016c   0x00000000   Code   RO         1646    .ARM.Collect$$rtentry$$00000002  c_p.l(__rtentry2.o)
    0x0000016c   0x0000016c   0x00000006   Code   RO         1658    .ARM.Collect$$rtentry$$00000004  c_p.l(__rtentry4.o)
    0x00000172   0x00000172   0x00000000   Code   RO         1648    .ARM.Collect$$rtentry$$00000009  c_p.l(__rtentry2.o)
    0x00000172   0x00000172   0x00000004   Code   RO         1649    .ARM.Collect$$rtentry$$0000000A  c_p.l(__rtentry2.o)
    0x00000176   0x00000176   0x00000000   Code   RO         1651    .ARM.Collect$$rtentry$$0000000C  c_p.l(__rtentry2.o)
    0x00000176   0x00000176   0x00000008   Code   RO         1652    .ARM.Collect$$rtentry$$0000000D  c_p.l(__rtentry2.o)
    0x0000017e   0x0000017e   0x00000002   Code   RO         1708    .ARM.Collect$$rtexit$$00000000  c_p.l(rtexit.o)
    0x00000180   0x00000180   0x00000000   Code   RO         1766    .ARM.Collect$$rtexit$$00000002  c_p.l(rtexit2.o)
    0x00000180   0x00000180   0x00000004   Code   RO         1767    .ARM.Collect$$rtexit$$00000003  c_p.l(rtexit2.o)
    0x00000184   0x00000184   0x00000006   Code   RO         1768    .ARM.Collect$$rtexit$$00000004  c_p.l(rtexit2.o)
    0x0000018a   0x0000018a   0x00000002   PAD
    0x0000018c   0x0000018c   0x00000030   Code   RO           62    .text               startup_mspm0g350x_uvision.o
    0x000001bc   0x000001bc   0x00000040   Code   RO         1480    .text               c_p.l(rt_memclr.o)
    0x000001fc   0x000001fc   0x00000006   Code   RO         1490    .text               c_p.l(heapauxi.o)
    0x00000202   0x00000202   0x00000002   PAD
    0x00000204   0x00000204   0x0000007c   Code   RO         1494    .text               fz_ps.l(d2f.o)
    0x00000280   0x00000280   0x00000358   Code   RO         1496    .text               fz_ps.l(daddsub.o)
    0x000005d8   0x000005d8   0x00000058   Code   RO         1501    .text               fz_ps.l(dflti.o)
    0x00000630   0x00000630   0x00000248   Code   RO         1503    .text               fz_ps.l(dmul.o)
    0x00000878   0x00000878   0x00000054   Code   RO         1505    .text               fz_ps.l(f2d.o)
    0x000008cc   0x000008cc   0x00000160   Code   RO         1537    .text               fz_ps.l(fdiv.o)
    0x00000a2c   0x00000a2c   0x0000004c   Code   RO         1540    .text               fz_ps.l(ffixi.o)
    0x00000a78   0x00000a78   0x0000005e   Code   RO         1542    .text               fz_ps.l(fflti.o)
    0x00000ad6   0x00000ad6   0x00000002   PAD
    0x00000ad8   0x00000ad8   0x00000064   Code   RO         1677    .text               fz_ps.l(fcmpin.o)
    0x00000b3c   0x00000b3c   0x00000008   Code   RO         1681    .text               c_p.l(libspace.o)
    0x00000b44   0x00000b44   0x0000003e   Code   RO         1684    .text               c_p.l(sys_stackheap_outer.o)
    0x00000b82   0x00000b82   0x00000010   Code   RO         1689    .text               c_p.l(exit.o)
    0x00000b92   0x00000b92   0x0000002e   Code   RO         1701    .text               fz_ps.l(cmpret.o)
    0x00000bc0   0x00000bc0   0x00000010   Code   RO         1705    .text               fz_ps.l(fnan2.o)
    0x00000bd0   0x00000bd0   0x0000005e   Code   RO         1763    .text               fz_ps.l(retnan.o)
    0x00000c2e   0x00000c2e   0x00000002   PAD
    0x00000c30   0x00000c30   0x0000001c   Code   RO          975    .text.ADC1_IRQHandler  bsp_adc.o
    0x00000c4c   0x00000c4c   0x000000d8   Code   RO         1349    .text.AddPID_Realize  pid.o
    0x00000d24   0x00000d24   0x00000008   Code   RO          971    .text.Bsp_adc_Init  bsp_adc.o
    0x00000d2c   0x00000d2c   0x00000020   Code   RO          891    .text.Bsp_can_Init  bsp_can.o
    0x00000d4c   0x00000d4c   0x00000008   Code   RO          883    .text.Bsp_key_Init  bsp_key.o
    0x00000d54   0x00000d54   0x0000001c   Code   RO          957    .text.Bsp_timer_Init  bsp_timer.o
    0x00000d70   0x00000d70   0x0000005c   Code   RO          922    .text.Bsp_uart_Init  bsp_uart.o
    0x00000dcc   0x00000dcc   0x0000005c   Code   RO          899    .text.CANFD0_IRQHandler  bsp_can.o
    0x00000e28   0x00000e28   0x0000005c   Code   RO          893    .text.Can0_TX       bsp_can.o
    0x00000e84   0x00000e84   0x000000c4   Code   RO          897    .text.Can0_rx_callback  bsp_can.o
    0x00000f48   0x00000f48   0x00000024   Code   RO         1338    .text.DJI_motor_fbdata  dji_motor_drv.o
    0x00000f6c   0x00000f6c   0x00000040   Code   RO          141    .text.DL_ADC12_setClockConfig  dl_adc12.o
    0x00000fac   0x00000fac   0x0000000a   Code   RO          190    .text.DL_Common_delayCycles  dl_common.o
    0x00000fb6   0x00000fb6   0x00000002   PAD
    0x00000fb8   0x00000fb8   0x00000044   Code   RO          237    .text.DL_DMA_initChannel  dl_dma.o
    0x00000ffc   0x00000ffc   0x00000030   Code   RO          484    .text.DL_MCAN_TXBufAddReq  dl_mcan.o
    0x0000102c   0x0000102c   0x0000002c   Code   RO          532    .text.DL_MCAN_TXBufTransIntrEnable  dl_mcan.o
    0x00001058   0x00001058   0x00000010   Code   RO          514    .text.DL_MCAN_clearIntrStatus  dl_mcan.o
    0x00001068   0x00001068   0x0000001c   Code   RO          504    .text.DL_MCAN_enableIntr  dl_mcan.o
    0x00001084   0x00001084   0x0000001c   Code   RO          510    .text.DL_MCAN_enableIntrLine  dl_mcan.o
    0x000010a0   0x000010a0   0x0000000c   Code   RO          512    .text.DL_MCAN_getIntrStatus  dl_mcan.o
    0x000010ac   0x000010ac   0x00000010   Code   RO          468    .text.DL_MCAN_getOpMode  dl_mcan.o
    0x000010bc   0x000010bc   0x00000050   Code   RO          502    .text.DL_MCAN_getProtocolStatus  dl_mcan.o
    0x0000110c   0x0000110c   0x00000044   Code   RO          566    .text.DL_MCAN_getRevisionId  dl_mcan.o
    0x00001150   0x00001150   0x00000038   Code   RO          518    .text.DL_MCAN_getRxFIFOStatus  dl_mcan.o
    0x00001188   0x00001188   0x000000ec   Code   RO          470    .text.DL_MCAN_init  dl_mcan.o
    0x00001274   0x00001274   0x00000010   Code   RO          464    .text.DL_MCAN_isMemInitDone  dl_mcan.o
    0x00001284   0x00001284   0x0000022c   Code   RO          478    .text.DL_MCAN_msgRAMConfig  dl_mcan.o
    0x000014b0   0x000014b0   0x000000f0   Code   RO          490    .text.DL_MCAN_readMsgRam  dl_mcan.o
    0x000015a0   0x000015a0   0x0000001c   Code   RO          506    .text.DL_MCAN_selectIntrLine  dl_mcan.o
    0x000015bc   0x000015bc   0x000000d8   Code   RO          476    .text.DL_MCAN_setBitTime  dl_mcan.o
    0x00001694   0x00001694   0x00000024   Code   RO          456    .text.DL_MCAN_setClockConfig  dl_mcan.o
    0x000016b8   0x000016b8   0x00000038   Code   RO          480    .text.DL_MCAN_setExtIDAndMask  dl_mcan.o
    0x000016f0   0x000016f0   0x00000018   Code   RO          466    .text.DL_MCAN_setOpMode  dl_mcan.o
    0x00001708   0x00001708   0x000000e4   Code   RO          482    .text.DL_MCAN_writeMsgRam  dl_mcan.o
    0x000017ec   0x000017ec   0x00000048   Code   RO          520    .text.DL_MCAN_writeRxFIFOAck  dl_mcan.o
    0x00001834   0x00001834   0x00000044   Code   RO          658    .text.DL_SPI_init   dl_spi.o
    0x00001878   0x00001878   0x00000012   Code   RO          660    .text.DL_SPI_setClockConfig  dl_spi.o
    0x0000188a   0x0000188a   0x00000002   PAD
    0x0000188c   0x0000188c   0x000000c4   Code   RO         1381    .text.DL_SYSCTL_configSYSPLL  driverlib.a(dl_sysctl_mspm0g1x0x_g3x0x.o)
    0x00001950   0x00001950   0x00000050   Code   RO         1395    .text.DL_SYSCTL_setHFCLKSourceHFXTParams  driverlib.a(dl_sysctl_mspm0g1x0x_g3x0x.o)
    0x000019a0   0x000019a0   0x00000028   Code   RO         1389    .text.DL_SYSCTL_switchMCLKfromSYSOSCtoHSCLK  driverlib.a(dl_sysctl_mspm0g1x0x_g3x0x.o)
    0x000019c8   0x000019c8   0x000000f0   Code   RO          717    .text.DL_Timer_initTimerMode  dl_timer.o
    0x00001ab8   0x00001ab8   0x0000001c   Code   RO          713    .text.DL_Timer_setClockConfig  dl_timer.o
    0x00001ad4   0x00001ad4   0x00000048   Code   RO          828    .text.DL_UART_init  dl_uart.o
    0x00001b1c   0x00001b1c   0x00000012   Code   RO          830    .text.DL_UART_setClockConfig  dl_uart.o
    0x00001b2e   0x00001b2e   0x00000002   PAD
    0x00001b30   0x00001b30   0x00000018   Code   RO         1093    .text.Encoder_Init  encoder.o
    0x00001b48   0x00001b48   0x00000098   Code   RO         1095    .text.Encoder_Process  encoder.o
    0x00001be0   0x00001be0   0x00000014   Code   RO         1075    .text.GROUP1_IRQHandler  nrf24l01.o
    0x00001bf4   0x00001bf4   0x000001f4   Code   RO          988    .text.JY901P_ParseData  jy901p.o
    0x00001de8   0x00001de8   0x000000c0   Code   RO          990    .text.JY901P_ProcessBuffer  jy901p.o
    0x00001ea8   0x00001ea8   0x0000000a   Code   RO         1347    .text.PID_Init      pid.o
    0x00001eb2   0x00001eb2   0x00000002   PAD
    0x00001eb4   0x00001eb4   0x00000064   Code   RO           91    .text.SYSCFG_DL_ADC12_0_init  ti_msp_dl_config.o
    0x00001f18   0x00001f18   0x0000001c   Code   RO          103    .text.SYSCFG_DL_DMA_CH0_init  ti_msp_dl_config.o
    0x00001f34   0x00001f34   0x00000020   Code   RO          105    .text.SYSCFG_DL_DMA_CH1_init  ti_msp_dl_config.o
    0x00001f54   0x00001f54   0x0000000c   Code   RO           93    .text.SYSCFG_DL_DMA_init  ti_msp_dl_config.o
    0x00001f60   0x00001f60   0x000000b8   Code   RO           73    .text.SYSCFG_DL_GPIO_init  ti_msp_dl_config.o
    0x00002018   0x00002018   0x000000c4   Code   RO           97    .text.SYSCFG_DL_MCAN0_init  ti_msp_dl_config.o
    0x000020dc   0x000020dc   0x00000054   Code   RO           77    .text.SYSCFG_DL_QEI_0_init  ti_msp_dl_config.o
    0x00002130   0x00002130   0x0000004c   Code   RO           89    .text.SYSCFG_DL_SPI_0_init  ti_msp_dl_config.o
    0x0000217c   0x0000217c   0x0000006c   Code   RO           75    .text.SYSCFG_DL_SYSCTL_init  ti_msp_dl_config.o
    0x000021e8   0x000021e8   0x00000030   Code   RO           95    .text.SYSCFG_DL_SYSTICK_init  ti_msp_dl_config.o
    0x00002218   0x00002218   0x00000038   Code   RO           79    .text.SYSCFG_DL_TIMER_0_init  ti_msp_dl_config.o
    0x00002250   0x00002250   0x00000038   Code   RO           81    .text.SYSCFG_DL_TIMER_Encoder_init  ti_msp_dl_config.o
    0x00002288   0x00002288   0x00000038   Code   RO           83    .text.SYSCFG_DL_TIMER_IMU_init  ti_msp_dl_config.o
    0x000022c0   0x000022c0   0x00000070   Code   RO           85    .text.SYSCFG_DL_UART_0_init  ti_msp_dl_config.o
    0x00002330   0x00002330   0x00000078   Code   RO           87    .text.SYSCFG_DL_UART_1_init  ti_msp_dl_config.o
    0x000023a8   0x000023a8   0x0000006c   Code   RO           69    .text.SYSCFG_DL_init  ti_msp_dl_config.o
    0x00002414   0x00002414   0x00000094   Code   RO           71    .text.SYSCFG_DL_initPower  ti_msp_dl_config.o
    0x000024a8   0x000024a8   0x00000014   Code   RO           20    .text.SysTick_Handler  empty.o
    0x000024bc   0x000024bc   0x00000034   Code   RO          959    .text.TIMG0_IRQHandler  bsp_timer.o
    0x000024f0   0x000024f0   0x0000002c   Code   RO         1097    .text.TIMG6_IRQHandler  encoder.o
    0x0000251c   0x0000251c   0x0000005c   Code   RO          928    .text.UART0_IRQHandler  bsp_uart.o
    0x00002578   0x00002578   0x000001d0   Code   RO          932    .text.UART2_IRQHandler  bsp_uart.o
    0x00002748   0x00002748   0x00000002   Code   RO          940    .text._sys_exit     bsp_uart.o
    0x0000274a   0x0000274a   0x00000002   PAD
    0x0000274c   0x0000274c   0x00000464   Code   RO           18    .text.main          empty.o
    0x00002bb0   0x00002bb0   0x00000016   Code   RO         1520    i._fgeq             fz_ps.l(fcmp.o)
    0x00002bc6   0x00002bc6   0x00000016   Code   RO         1521    i._fgr              fz_ps.l(fcmp.o)
    0x00002bdc   0x00002bdc   0x0000001a   Code   RO         1522    i._fleq             fz_ps.l(fcmp.o)
    0x00002bf6   0x00002bf6   0x00000016   Code   RO         1523    i._fls              fz_ps.l(fcmp.o)
    0x00002c0c   0x00002c0c   0x0000008c   Code   RO         1507    x$fpl$fadd          fz_ps.l(faddsub.o)
    0x00002c98   0x00002c98   0x00000054   Code   RO         1589    x$fpl$fgeqf         fz_ps.l(fgef.o)
    0x00002cec   0x00002cec   0x00000054   Code   RO         1591    x$fpl$fleqf         fz_ps.l(flef.o)
    0x00002d40   0x00002d40   0x000000b0   Code   RO         1544    x$fpl$fmul          fz_ps.l(fmul.o)
    0x00002df0   0x00002df0   0x000000d0   Code   RO         1509    x$fpl$fsub          fz_ps.l(faddsub.o)
    0x00002ec0   0x00002ec0   0x00000000   Code   RO         1595    x$fpl$usenofp       fz_ps.l(usenofp.o)
    0x00002ec0   0x00002ec0   0x00000040   Data   RO         1538    .constdata          fz_ps.l(fdiv.o)
    0x00002f00   0x00002f00   0x00000040   Data   RO          604    .rodata..L__const.DL_MCAN_getDataSize.dataSize  dl_mcan.o
    0x00002f40   0x00002f40   0x00000020   Data   RO          605    .rodata.cst32       dl_mcan.o
    0x00002f60   0x00002f60   0x00000008   Data   RO          126    .rodata.gADC12_0ClockConfig  ti_msp_dl_config.o
    0x00002f68   0x00002f68   0x00000018   Data   RO          127    .rodata.gDMA_CH0Config  ti_msp_dl_config.o
    0x00002f80   0x00002f80   0x00000018   Data   RO          128    .rodata.gDMA_CH1Config  ti_msp_dl_config.o
    0x00002f98   0x00002f98   0x00000020   Data   RO          131    .rodata.gMCAN0BitTimes  ti_msp_dl_config.o
    0x00002fb8   0x00002fb8   0x00000004   Data   RO          129    .rodata.gMCAN0ClockConf  ti_msp_dl_config.o
    0x00002fbc   0x00002fbc   0x00000034   Data   RO          130    .rodata.gMCAN0InitParams  ti_msp_dl_config.o
    0x00002ff0   0x00002ff0   0x00000060   Data   RO          132    .rodata.gMCAN0MsgRAMConfigParams  ti_msp_dl_config.o
    0x00003050   0x00003050   0x00000003   Data   RO          113    .rodata.gQEI_0ClockConfig  ti_msp_dl_config.o
    0x00003053   0x00003053   0x00000002   Data   RO          124    .rodata.gSPI_0_clockConfig  ti_msp_dl_config.o
    0x00003055   0x00003055   0x00000001   PAD
    0x00003056   0x00003056   0x0000000a   Data   RO          125    .rodata.gSPI_0_config  ti_msp_dl_config.o
    0x00003060   0x00003060   0x00000028   Data   RO          112    .rodata.gSYSPLLConfig  ti_msp_dl_config.o
    0x00003088   0x00003088   0x00000003   Data   RO          114    .rodata.gTIMER_0ClockConfig  ti_msp_dl_config.o
    0x0000308b   0x0000308b   0x00000001   PAD
    0x0000308c   0x0000308c   0x00000014   Data   RO          115    .rodata.gTIMER_0TimerConfig  ti_msp_dl_config.o
    0x000030a0   0x000030a0   0x00000003   Data   RO          116    .rodata.gTIMER_EncoderClockConfig  ti_msp_dl_config.o
    0x000030a3   0x000030a3   0x00000001   PAD
    0x000030a4   0x000030a4   0x00000014   Data   RO          117    .rodata.gTIMER_EncoderTimerConfig  ti_msp_dl_config.o
    0x000030b8   0x000030b8   0x00000003   Data   RO          118    .rodata.gTIMER_IMUClockConfig  ti_msp_dl_config.o
    0x000030bb   0x000030bb   0x00000001   PAD
    0x000030bc   0x000030bc   0x00000014   Data   RO          119    .rodata.gTIMER_IMUTimerConfig  ti_msp_dl_config.o
    0x000030d0   0x000030d0   0x00000002   Data   RO          120    .rodata.gUART_0ClockConfig  ti_msp_dl_config.o
    0x000030d2   0x000030d2   0x0000000a   Data   RO          121    .rodata.gUART_0Config  ti_msp_dl_config.o
    0x000030dc   0x000030dc   0x00000002   Data   RO          122    .rodata.gUART_1ClockConfig  ti_msp_dl_config.o
    0x000030de   0x000030de   0x0000000a   Data   RO          123    .rodata.gUART_1Config  ti_msp_dl_config.o
    0x000030e8   0x000030e8   0x00000020   Data   RO         1839    Region$$Table       anon$$obj.o


    Execution Region RW_IRAM2 (Exec base: 0x20200000, Load base: 0x00003108, Size: 0x000025c8, Max: 0x00008000, ABSOLUTE)

    Exec Addr    Load Addr    Size         Type   Attr      Idx    E Section Name        Object

    0x20200000   0x00003108   0x00000002   Data   RW          961    .data.num           bsp_timer.o
    0x20200002   0x0000310a   0x00000002   Data   RW         1099    .data.num_gpio      encoder.o
    0x20200004   0x0000310c   0x0000000c   Data   RW           36    .data.patrol_angles  empty.o
    0x20200010   0x00003118   0x00000004   Data   RW           27    .data.pos_max_out   empty.o
    0x20200014   0x0000311c   0x00000004   Data   RW           28    .data.spedd_max_out  empty.o
    0x20200018   0x00003120   0x00000004   Data   RW           31    .data.target_pitch  empty.o
    0x2020001c   0x00003124   0x00000004   Data   RW           30    .data.target_yaw    empty.o
    0x20200020        -       0x00000060   Zero   RW         1682    .bss                c_p.l(libspace.o)
    0x20200080        -       0x00000001   Zero   RW          911    .bss.CANBusOff      bsp_can.o
    0x20200081        -       0x00000001   Zero   RW          995    .bss.JY901P_ProcessBuffer.expected_sum  jy901p.o
    0x20200082        -       0x0000000b   Zero   RW          996    .bss.JY901P_ProcessBuffer.packet_buffer  jy901p.o
    0x2020008d        -       0x00000001   Zero   RW          993    .bss.JY901P_ProcessBuffer.packet_index  jy901p.o
    0x2020008e        -       0x00000001   Zero   RW          994    .bss.JY901P_ProcessBuffer.parse_state  jy901p.o
    0x2020008f   0x00003128   0x00000001   PAD
    0x20200090        -       0x00000024   Zero   RW           45    .bss.PID_3508_L     empty.o
    0x202000b4        -       0x00000024   Zero   RW           46    .bss.PID_3508_R     empty.o
    0x202000d8        -       0x00000024   Zero   RW           42    .bss.PID_6020_Pitch_Pos  empty.o
    0x202000fc        -       0x00000024   Zero   RW           44    .bss.PID_6020_Pitch_Speed  empty.o
    0x20200120        -       0x00000024   Zero   RW           41    .bss.PID_6020_Yaw_Pos  empty.o
    0x20200144        -       0x00000024   Zero   RW           43    .bss.PID_6020_Yaw_Speed  empty.o
    0x20200168        -       0x00000001   Zero   RW          947    .bss.count          bsp_uart.o
    0x20200169        -       0x00000008   Zero   RW           32    .bss.data_current   empty.o
    0x20200171   0x00003128   0x00000003   PAD
    0x20200174        -       0x00000004   Zero   RW           22    .bss.delay_times    empty.o
    0x20200178        -       0x00000001   Zero   RW          977    .bss.gCheckADC      bsp_adc.o
    0x20200179        -       0x00000001   Zero   RW          942    .bss.gCheckUART     bsp_uart.o
    0x2020017a   0x00003128   0x00000002   PAD
    0x2020017c        -       0x00000004   Zero   RW          912    .bss.gInterruptLine1Status  bsp_can.o
    0x20200180        -       0x00000098   Zero   RW          111    .bss.gMCAN0Backup   ti_msp_dl_config.o
    0x20200218        -       0x0000002c   Zero   RW          913    .bss.gProtStatus    bsp_can.o
    0x20200244        -       0x000000a0   Zero   RW          107    .bss.gQEI_0Backup   ti_msp_dl_config.o
    0x202002e4        -       0x00000028   Zero   RW          110    .bss.gSPI_0Backup   ti_msp_dl_config.o
    0x2020030c        -       0x000000a0   Zero   RW          108    .bss.gTIMER_EncoderBackup  ti_msp_dl_config.o
    0x202003ac        -       0x000000a0   Zero   RW          109    .bss.gTIMER_IMUBackup  ti_msp_dl_config.o
    0x2020044c   0x00003128   0x00000004   PAD
    0x20200450        -       0x00000008   Zero   RW          946    .bss.host_data      bsp_uart.o
    0x20200458        -       0x00000010   Zero   RW          945    .bss.host_data_buffer  bsp_uart.o
    0x20200468        -       0x00000001   Zero   RW           49    .bss.i              empty.o
    0x20200469   0x00003128   0x00000003   PAD
    0x2020046c        -       0x00000054   Zero   RW          992    .bss.jy901p_data    jy901p.o
    0x202004c0        -       0x00000001   Zero   RW           47    .bss.last_mode      empty.o
    0x202004c1        -       0x00000001   Zero   RW           48    .bss.mode_changed_flag  empty.o
    0x202004c2        -       0x00000008   Zero   RW          905    .bss.motor_3508_L   bsp_can.o
    0x202004ca        -       0x00000008   Zero   RW          906    .bss.motor_3508_R   bsp_can.o
    0x202004d2        -       0x00000008   Zero   RW          908    .bss.motor_6020_pitch  bsp_can.o
    0x202004da        -       0x00000008   Zero   RW          907    .bss.motor_6020_yaw  bsp_can.o
    0x202004e2        -       0x00000002   Zero   RW          963    .bss.num_diff       bsp_timer.o
    0x202004e4        -       0x00000002   Zero   RW         1101    .bss.num_gpio_diff  encoder.o
    0x202004e6        -       0x00000002   Zero   RW         1100    .bss.num_gpio_old   encoder.o
    0x202004e8        -       0x00000002   Zero   RW          962    .bss.num_old        bsp_timer.o
    0x202004ea        -       0x00000001   Zero   RW           38    .bss.patrol_moving  empty.o
    0x202004eb        -       0x00000001   Zero   RW           39    .bss.patrol_step    empty.o
    0x202004ec        -       0x00000004   Zero   RW           40    .bss.patrol_target  empty.o
    0x202004f0        -       0x00000004   Zero   RW           37    .bss.patrol_timer   empty.o
    0x202004f4        -       0x00000018   Zero   RW          909    .bss.rxFS           bsp_can.o
    0x2020050c        -       0x000000a8   Zero   RW          910    .bss.rxMsg          bsp_can.o
    0x202005b4        -       0x0000000b   Zero   RW          944    .bss.rxdata         bsp_uart.o
    0x202005bf   0x00003128   0x00000001   PAD
    0x202005c0        -       0x00000002   Zero   RW           23    .bss.temp_current1  empty.o
    0x202005c2        -       0x00000002   Zero   RW           24    .bss.temp_current2  empty.o
    0x202005c4        -       0x00000002   Zero   RW           25    .bss.temp_current3  empty.o
    0x202005c6        -       0x00000002   Zero   RW           26    .bss.temp_current4  empty.o
    0x202005c8        -       0x00001000   Zero   RW           60    HEAP                startup_mspm0g350x_uvision.o
    0x202015c8        -       0x00001000   Zero   RW           59    STACK               startup_mspm0g350x_uvision.o



  Load Region LR_BCR (Base: 0x41c00000, Size: 0x00000000, Max: 0x00000100, ABSOLUTE)

    Execution Region BCR_CONFIG (Exec base: 0x41c00000, Load base: 0x41c00000, Size: 0x00000000, Max: 0x000000ff, ABSOLUTE)

    **** No section assigned to this execution region ****



  Load Region LR_BSL (Base: 0x41c00100, Size: 0x00000000, Max: 0x00000100, ABSOLUTE)

    Execution Region BSL_CONFIG (Exec base: 0x41c00100, Load base: 0x41c00100, Size: 0x00000000, Max: 0x00000080, ABSOLUTE)

    **** No section assigned to this execution region ****


==============================================================================

Image component sizes


      Code (inc. data)   RO Data    RW Data    ZI Data      Debug   Object Name

        36          8          0          0          1       5884   bsp_adc.o
       412         60          0          0        273       9882   bsp_can.o
         8          0          0          0          0       2078   bsp_key.o
        80         28          0          2          4       5733   bsp_timer.o
       650         72          0          0         37      11760   bsp_uart.o
        36          0          0          0          0        961   dji_motor_drv.o
        64          8          0          0          0       4579   dl_adc12.o
        10          0          0          0          0        600   dl_common.o
        68          4          0          0          0       4432   dl_dma.o
      2104        152         96          0          0      60880   dl_mcan.o
        86          8          0          0          0      16102   dl_spi.o
       268        160          0          0          0      38308   dl_timer.o
        90          8          0          0          0      14767   dl_uart.o
      1144        200          0         28        249       8532   empty.o
       220         36          0          2          4       8538   encoder.o
       692         44          0          0         98       4589   jy901p.o
        20          4          0          0          0      22458   nrf24l01.o
       226          4          0          0          0       1552   pid.o
        48         22        192          0       8192        664   startup_mspm0g350x_uvision.o
      1524        396        388          0        672      46109   ti_msp_dl_config.o

    ----------------------------------------------------------------------
      7796       1214        712         32       9544     268408   Object Totals
         0          0         32          0          0          0   (incl. Generated)
        10          0          4          0         14          0   (incl. Padding)

    ----------------------------------------------------------------------

      Code (inc. data)   RO Data    RW Data    ZI Data      Debug   Library Member Name

         8          0          0          0          0         68   __main.o
         0          0          0          0          0          0   __rtentry.o
        12          0          0          0          0          0   __rtentry2.o
         6          0          0          0          0          0   __rtentry4.o
        86         10          0          0          0          0   __scatter.o
        26          0          0          0          0          0   __scatter_copy.o
        28          0          0          0          0          0   __scatter_zi.o
        16          0          0          0          0         68   exit.o
         6          0          0          0          0        136   heapauxi.o
         2          0          0          0          0          0   libinit.o
         2          0          0          0          0          0   libinit2.o
         2          0          0          0          0          0   libshutdown.o
         2          0          0          0          0          0   libshutdown2.o
         8          4          0          0         96         68   libspace.o
        64          0          0          0          0        108   rt_memclr.o
         2          0          0          0          0          0   rtexit.o
        10          0          0          0          0          0   rtexit2.o
        62          0          0          0          0         80   sys_stackheap_outer.o
       316         28          0          0          0      12865   dl_sysctl_mspm0g1x0x_g3x0x.o
        46          0          0          0          0         60   cmpret.o
       124          4          0          0          0         72   d2f.o
       856         20          0          0          0        208   daddsub.o
        88          0          0          0          0         92   dflti.o
       584         26          0          0          0         84   dmul.o
        84          4          0          0          0         60   f2d.o
       348          8          0          0          0        160   faddsub.o
        92          0          0          0          0        272   fcmp.o
       100          4          0          0          0         68   fcmpin.o
       352         10         64          0          0         92   fdiv.o
        76          0          0          0          0         68   ffixi.o
        94          0          0          0          0         92   fflti.o
        84          4          0          0          0         76   fgef.o
        84          4          0          0          0         76   flef.o
       176          4          0          0          0         80   fmul.o
        16          6          0          0          0         68   fnan2.o
        94          0          0          0          0         68   retnan.o
         0          0          0          0          0          0   usenofp.o

    ----------------------------------------------------------------------
      3980        140         64          0         96      15089   Library Totals
        24          4          0          0          0          0   (incl. Padding)

    ----------------------------------------------------------------------

      Code (inc. data)   RO Data    RW Data    ZI Data      Debug   Library Name

       342         14          0          0         96        528   c_p.l
       316         28          0          0          0      12865   driverlib.a
      3298         94         64          0          0       1696   fz_ps.l

    ----------------------------------------------------------------------
      3980        140         64          0         96      15089   Library Totals

    ----------------------------------------------------------------------

==============================================================================


      Code (inc. data)   RO Data    RW Data    ZI Data      Debug   

     11776       1354        776         32       9640     282181   Grand Totals
     11776       1354        776         32       9640     282181   ELF Image Totals
     11776       1354        776         32          0          0   ROM Totals

==============================================================================

    Total RO  Size (Code + RO Data)                12552 (  12.26kB)
    Total RW  Size (RW Data + ZI Data)              9672 (   9.45kB)
    Total ROM Size (Code + RO Data + RW Data)      12584 (  12.29kB)

==============================================================================

